../Core/Src/appfiles/src/elevator.c:85:8:Elevator_operational	0	static
../Core/Src/appfiles/src/elevator.c:58:8:Elevator_initial	16	static
../Core/Src/appfiles/src/elevator.c:102:8:Elevator_Stationary	8	static
../Core/Src/appfiles/src/elevator.c:232:8:Elevator_closed	8	static
../Core/Src/appfiles/src/elevator.c:256:8:Elevator_motion	16	static
../Core/Src/appfiles/src/elevator.c:455:6:Elevator_Ctor	8	static
../Core/Src/appfiles/src/elevator.c:477:6:refreshFeed	160	static
../Core/Src/appfiles/src/elevator.c:127:8:Elevator_Closing	16	static
../Core/Src/appfiles/src/elevator.c:171:8:Elevator_Openning	8	static
../Core/Src/appfiles/src/elevator.c:199:8:Elevator_Opened	8	static
../Core/Src/appfiles/src/elevator.c:282:8:Elevator_upWards	16	static
../Core/Src/appfiles/src/elevator.c:365:8:Elevator_downWards	16	static
