Archive member included to satisfy reference by file (symbol)

/opt/st/stm32cubeide_1.18.0/plugins/com.st.stm32cube.ide.mcu.externaltools.gnu-tools-for-stm32.13.3.rel1.linux64_1.0.0.202410170706/tools/bin/../lib/gcc/arm-none-eabi/13.3.1/../../../../arm-none-eabi/lib/thumb/v6-m/nofp/libc_nano.a(libc_a-exit.o)
                              /opt/st/stm32cubeide_1.18.0/plugins/com.st.stm32cube.ide.mcu.externaltools.gnu-tools-for-stm32.13.3.rel1.linux64_1.0.0.202410170706/tools/bin/../lib/gcc/arm-none-eabi/13.3.1/../../../../arm-none-eabi/lib/thumb/v6-m/nofp/crt0.o (exit)
/opt/st/stm32cubeide_1.18.0/plugins/com.st.stm32cube.ide.mcu.externaltools.gnu-tools-for-stm32.13.3.rel1.linux64_1.0.0.202410170706/tools/bin/../lib/gcc/arm-none-eabi/13.3.1/../../../../arm-none-eabi/lib/thumb/v6-m/nofp/libc_nano.a(libc_a-findfp.o)
                              /opt/st/stm32cubeide_1.18.0/plugins/com.st.stm32cube.ide.mcu.externaltools.gnu-tools-for-stm32.13.3.rel1.linux64_1.0.0.202410170706/tools/bin/../lib/gcc/arm-none-eabi/13.3.1/../../../../arm-none-eabi/lib/thumb/v6-m/nofp/libc_nano.a(libc_a-exit.o) (__stdio_exit_handler)
/opt/st/stm32cubeide_1.18.0/plugins/com.st.stm32cube.ide.mcu.externaltools.gnu-tools-for-stm32.13.3.rel1.linux64_1.0.0.202410170706/tools/bin/../lib/gcc/arm-none-eabi/13.3.1/../../../../arm-none-eabi/lib/thumb/v6-m/nofp/libc_nano.a(libc_a-fwalk.o)
                              /opt/st/stm32cubeide_1.18.0/plugins/com.st.stm32cube.ide.mcu.externaltools.gnu-tools-for-stm32.13.3.rel1.linux64_1.0.0.202410170706/tools/bin/../lib/gcc/arm-none-eabi/13.3.1/../../../../arm-none-eabi/lib/thumb/v6-m/nofp/libc_nano.a(libc_a-findfp.o) (_fwalk_sglue)
/opt/st/stm32cubeide_1.18.0/plugins/com.st.stm32cube.ide.mcu.externaltools.gnu-tools-for-stm32.13.3.rel1.linux64_1.0.0.202410170706/tools/bin/../lib/gcc/arm-none-eabi/13.3.1/../../../../arm-none-eabi/lib/thumb/v6-m/nofp/libc_nano.a(libc_a-stdio.o)
                              /opt/st/stm32cubeide_1.18.0/plugins/com.st.stm32cube.ide.mcu.externaltools.gnu-tools-for-stm32.13.3.rel1.linux64_1.0.0.202410170706/tools/bin/../lib/gcc/arm-none-eabi/13.3.1/../../../../arm-none-eabi/lib/thumb/v6-m/nofp/libc_nano.a(libc_a-findfp.o) (__sread)
/opt/st/stm32cubeide_1.18.0/plugins/com.st.stm32cube.ide.mcu.externaltools.gnu-tools-for-stm32.13.3.rel1.linux64_1.0.0.202410170706/tools/bin/../lib/gcc/arm-none-eabi/13.3.1/../../../../arm-none-eabi/lib/thumb/v6-m/nofp/libc_nano.a(libc_a-memset.o)
                              /opt/st/stm32cubeide_1.18.0/plugins/com.st.stm32cube.ide.mcu.externaltools.gnu-tools-for-stm32.13.3.rel1.linux64_1.0.0.202410170706/tools/bin/../lib/gcc/arm-none-eabi/13.3.1/../../../../arm-none-eabi/lib/thumb/v6-m/nofp/crt0.o (memset)
/opt/st/stm32cubeide_1.18.0/plugins/com.st.stm32cube.ide.mcu.externaltools.gnu-tools-for-stm32.13.3.rel1.linux64_1.0.0.202410170706/tools/bin/../lib/gcc/arm-none-eabi/13.3.1/../../../../arm-none-eabi/lib/thumb/v6-m/nofp/libc_nano.a(libc_a-closer.o)
                              /opt/st/stm32cubeide_1.18.0/plugins/com.st.stm32cube.ide.mcu.externaltools.gnu-tools-for-stm32.13.3.rel1.linux64_1.0.0.202410170706/tools/bin/../lib/gcc/arm-none-eabi/13.3.1/../../../../arm-none-eabi/lib/thumb/v6-m/nofp/libc_nano.a(libc_a-stdio.o) (_close_r)
/opt/st/stm32cubeide_1.18.0/plugins/com.st.stm32cube.ide.mcu.externaltools.gnu-tools-for-stm32.13.3.rel1.linux64_1.0.0.202410170706/tools/bin/../lib/gcc/arm-none-eabi/13.3.1/../../../../arm-none-eabi/lib/thumb/v6-m/nofp/libc_nano.a(libc_a-reent.o)
                              /opt/st/stm32cubeide_1.18.0/plugins/com.st.stm32cube.ide.mcu.externaltools.gnu-tools-for-stm32.13.3.rel1.linux64_1.0.0.202410170706/tools/bin/../lib/gcc/arm-none-eabi/13.3.1/../../../../arm-none-eabi/lib/thumb/v6-m/nofp/libc_nano.a(libc_a-closer.o) (errno)
/opt/st/stm32cubeide_1.18.0/plugins/com.st.stm32cube.ide.mcu.externaltools.gnu-tools-for-stm32.13.3.rel1.linux64_1.0.0.202410170706/tools/bin/../lib/gcc/arm-none-eabi/13.3.1/../../../../arm-none-eabi/lib/thumb/v6-m/nofp/libc_nano.a(libc_a-impure.o)
                              /opt/st/stm32cubeide_1.18.0/plugins/com.st.stm32cube.ide.mcu.externaltools.gnu-tools-for-stm32.13.3.rel1.linux64_1.0.0.202410170706/tools/bin/../lib/gcc/arm-none-eabi/13.3.1/../../../../arm-none-eabi/lib/thumb/v6-m/nofp/libc_nano.a(libc_a-reent.o) (_impure_ptr)
/opt/st/stm32cubeide_1.18.0/plugins/com.st.stm32cube.ide.mcu.externaltools.gnu-tools-for-stm32.13.3.rel1.linux64_1.0.0.202410170706/tools/bin/../lib/gcc/arm-none-eabi/13.3.1/../../../../arm-none-eabi/lib/thumb/v6-m/nofp/libc_nano.a(libc_a-lseekr.o)
                              /opt/st/stm32cubeide_1.18.0/plugins/com.st.stm32cube.ide.mcu.externaltools.gnu-tools-for-stm32.13.3.rel1.linux64_1.0.0.202410170706/tools/bin/../lib/gcc/arm-none-eabi/13.3.1/../../../../arm-none-eabi/lib/thumb/v6-m/nofp/libc_nano.a(libc_a-stdio.o) (_lseek_r)
[...]
Memory Configuration

Name             Origin             Length             Attributes
ROM              0x08000000         0x00008000         xr
RAM              0x20000000         0x00003000         xrw
*default*        0x00000000         0xffffffff

Linker script and memory map

LOAD /opt/st/stm32cubeide_1.18.0/plugins/com.st.stm32cube.ide.mcu.externaltools.gnu-tools-for-stm32.13.3.rel1.linux64_1.0.0.202410170706/tools/bin/../lib/gcc/arm-none-eabi/13.3.1/thumb/v6-m/nofp/crti.o
LOAD /opt/st/stm32cubeide_1.18.0/plugins/com.st.stm32cube.ide.mcu.externaltools.gnu-tools-for-stm32.13.3.rel1.linux64_1.0.0.202410170706/tools/bin/../lib/gcc/arm-none-eabi/13.3.1/thumb/v6-m/nofp/crtbegin.o
LOAD /opt/st/stm32cubeide_1.18.0/plugins/com.st.stm32cube.ide.mcu.externaltools.gnu-tools-for-stm32.13.3.rel1.linux64_1.0.0.202410170706/tools/bin/../lib/gcc/arm-none-eabi/13.3.1/../../../../arm-none-eabi/lib/thumb/v6-m/nofp/crt0.o
LOAD ./Src/AudioPlayer_nucleo-c031c6/audioPlayer.o
LOAD ./Src/AudioPlayer_nucleo-c031c6/main.o
LOAD ./Src/AudioPlayer_nucleo-c031c6/qk/bsp.o
LOAD ./Src/QPC_PORT/qk_port.o
LOAD ./Src/qf/qep_hsm.o
LOAD ./Src/qf/qep_msm.o
LOAD ./Src/qf/qf_act.o
LOAD ./Src/qf/qf_actq.o
LOAD ./Src/qf/qf_defer.o
LOAD ./Src/qf/qf_dyn.o
LOAD ./Src/qf/qf_mem.o
LOAD ./Src/qf/qf_ps.o
LOAD ./Src/qf/qf_qact.o
LOAD ./Src/qf/qf_qeq.o
LOAD ./Src/qf/qf_qmact.o
LOAD ./Src/qf/qf_time.o
LOAD ./Src/qk/qk.o
LOAD ./Src/qs/qstamp.o
LOAD ./Src/system_stm32c0xx.o
LOAD ./Startup/startup_stm32c031xx.o
START GROUP
LOAD /opt/st/stm32cubeide_1.18.0/plugins/com.st.stm32cube.ide.mcu.externaltools.gnu-tools-for-stm32.13.3.rel1.linux64_1.0.0.202410170706/tools/bin/../lib/gcc/arm-none-eabi/13.3.1/../../../../arm-none-eabi/lib/thumb/v6-m/nofp/libc_nano.a
LOAD /opt/st/stm32cubeide_1.18.0/plugins/com.st.stm32cube.ide.mcu.externaltools.gnu-tools-for-stm32.13.3.rel1.linux64_1.0.0.202410170706/tools/bin/../lib/gcc/arm-none-eabi/13.3.1/../../../../arm-none-eabi/lib/thumb/v6-m/nofp/libm.a
END GROUP
START GROUP
LOAD /opt/st/stm32cubeide_1.18.0/plugins/com.st.stm32cube.ide.mcu.externaltools.gnu-tools-for-stm32.13.3.rel1.linux64_1.0.0.202410170706/tools/bin/../lib/gcc/arm-none-eabi/13.3.1/thumb/v6-m/nofp/libgcc.a
LOAD /opt/st/stm32cubeide_1.18.0/plugins/com.st.stm32cube.ide.mcu.externaltools.gnu-tools-for-stm32.13.3.rel1.linux64_1.0.0.202410170706/tools/bin/../lib/gcc/arm-none-eabi/13.3.1/../../../../arm-none-eabi/lib/thumb/v6-m/nofp/libc_nano.a
END GROUP
START GROUP
LOAD /opt/st/stm32cubeide_1.18.0/plugins/com.st.stm32cube.ide.mcu.externaltools.gnu-tools-for-stm32.13.3.rel1.linux64_1.0.0.202410170706/tools/bin/../lib/gcc/arm-none-eabi/13.3.1/thumb/v6-m/nofp/libgcc.a
LOAD /opt/st/stm32cubeide_1.18.0/plugins/com.st.stm32cube.ide.mcu.externaltools.gnu-tools-for-stm32.13.3.rel1.linux64_1.0.0.202410170706/tools/bin/../lib/gcc/arm-none-eabi/13.3.1/../../../../arm-none-eabi/lib/thumb/v6-m/nofp/libc_nano.a
LOAD /opt/st/stm32cubeide_1.18.0/plugins/com.st.stm32cube.ide.mcu.externaltools.gnu-tools-for-stm32.13.3.rel1.linux64_1.0.0.202410170706/tools/bin/../lib/gcc/arm-none-eabi/13.3.1/../../../../arm-none-eabi/lib/thumb/v6-m/nofp/libnosys.a
END GROUP
START GROUP
LOAD /opt/st/stm32cubeide_1.18.0/plugins/com.st.stm32cube.ide.mcu.externaltools.gnu-tools-for-stm32.13.3.rel1.linux64_1.0.0.202410170706/tools/bin/../lib/gcc/arm-none-eabi/13.3.1/thumb/v6-m/nofp/libgcc.a
LOAD /opt/st/stm32cubeide_1.18.0/plugins/com.st.stm32cube.ide.mcu.externaltools.gnu-tools-for-stm32.13.3.rel1.linux64_1.0.0.202410170706/tools/bin/../lib/gcc/arm-none-eabi/13.3.1/../../../../arm-none-eabi/lib/thumb/v6-m/nofp/libc_nano.a
LOAD /opt/st/stm32cubeide_1.18.0/plugins/com.st.stm32cube.ide.mcu.externaltools.gnu-tools-for-stm32.13.3.rel1.linux64_1.0.0.202410170706/tools/bin/../lib/gcc/arm-none-eabi/13.3.1/../../../../arm-none-eabi/lib/thumb/v6-m/nofp/libnosys.a
END GROUP
LOAD /opt/st/stm32cubeide_1.18.0/plugins/com.st.stm32cube.ide.mcu.externaltools.gnu-tools-for-stm32.13.3.rel1.linux64_1.0.0.202410170706/tools/bin/../lib/gcc/arm-none-eabi/13.3.1/thumb/v6-m/nofp/crtend.o
LOAD /opt/st/stm32cubeide_1.18.0/plugins/com.st.stm32cube.ide.mcu.externaltools.gnu-tools-for-stm32.13.3.rel1.linux64_1.0.0.202410170706/tools/bin/../lib/gcc/arm-none-eabi/13.3.1/thumb/v6-m/nofp/crtn.o
                0x00000800                        STACK_SIZE = 0x800
                0x00000000                        HEAP_SIZE = 0x0

.isr_vector     0x08000000       0xc0
 *(.isr_vector)
 .isr_vector    0x08000000       0xc0 ./Startup/startup_stm32c031xx.o
                0x08000000                g_pfnVectors
                0x080000c0                        . = ALIGN (0x4)

.eh_frame       0x080000c0        0x0
 .eh_frame      0x080000c0        0x0 /opt/st/stm32cubeide_1.18.0/plugins/com.st.stm32cube.ide.mcu.externaltools.gnu-tools-for-stm32.13.3.rel1.linux64_1.0.0.202410170706/tools/bin/../lib/gcc/arm-none-eabi/13.3.1/thumb/v6-m/nofp/crtbegin.o

.text           0x080000c0     0x12f0
                0x080000c0                        . = ALIGN (0x4)
 *(.text)
 .text          0x080000c0       0x48 /opt/st/stm32cubeide_1.18.0/plugins/com.st.stm32cube.ide.mcu.externaltools.gnu-tools-for-stm32.13.3.rel1.linux64_1.0.0.202410170706/tools/bin/../lib/gcc/arm-none-eabi/13.3.1/thumb/v6-m/nofp/crtbegin.o
 .text          0x08000108       0x14 /opt/st/stm32cubeide_1.18.0/plugins/com.st.stm32cube.ide.mcu.externaltools.gnu-tools-for-stm32.13.3.rel1.linux64_1.0.0.202410170706/tools/bin/../lib/gcc/arm-none-eabi/13.3.1/thumb/v6-m/nofp/libgcc.a(_thumb1_case_uqi.o)
                0x08000108                __gnu_thumb1_case_uqi
 .text          0x0800011c      0x114 /opt/st/stm32cubeide_1.18.0/plugins/com.st.stm32cube.ide.mcu.externaltools.gnu-tools-for-stm32.13.3.rel1.linux64_1.0.0.202410170706/tools/bin/../lib/gcc/arm-none-eabi/13.3.1/thumb/v6-m/nofp/libgcc.a(_udivsi3.o)
                0x0800011c                __udivsi3
                0x0800011c                __aeabi_uidiv
                0x08000228                __aeabi_uidivmod
 .text          0x08000230        0x4 /opt/st/stm32cubeide_1.18.0/plugins/com.st.stm32cube.ide.mcu.externaltools.gnu-tools-for-stm32.13.3.rel1.linux64_1.0.0.202410170706/tools/bin/../lib/gcc/arm-none-eabi/13.3.1/thumb/v6-m/nofp/libgcc.a(_dvmd_tls.o)
                0x08000230                __aeabi_ldiv0
                0x08000230                __aeabi_idiv0
 *(.text*)
 .text.AudioPlayer_initial
                0x08000234       0x10 ./Src/AudioPlayer_nucleo-c031c6/audioPlayer.o
                0x08000234                AudioPlayer_initial
 .text.AudioPlayer_BT_Init
                0x08000244       0x28 ./Src/AudioPlayer_nucleo-c031c6/audioPlayer.o
                0x08000244                AudioPlayer_BT_Init
 .text.AudioPlayer_Pairing
                0x0800026c       0x20 ./Src/AudioPlayer_nucleo-c031c6/audioPlayer.o
                0x0800026c                AudioPlayer_Pairing
 .text.AudioPlayer_Pair
                0x0800028c        0xc ./Src/AudioPlayer_nucleo-c031c6/audioPlayer.o
                0x0800028c                AudioPlayer_Pair
 .text.AudioPlayer_MODE
                0x08000298       0xc4 ./Src/AudioPlayer_nucleo-c031c6/audioPlayer.o
                0x08000298                AudioPlayer_MODE
 .text.AudioPlayer_Radio
                0x0800035c       0x48 ./Src/AudioPlayer_nucleo-c031c6/audioPlayer.o
                0x0800035c                AudioPlayer_Radio
 .text.AudioPlayer_Bluetooth
                0x080003a4       0x50 ./Src/AudioPlayer_nucleo-c031c6/audioPlayer.o
                0x080003a4                AudioPlayer_Bluetooth
 .text.AudioPlayer_SD_card_Input
                0x080003f4       0x5c ./Src/AudioPlayer_nucleo-c031c6/audioPlayer.o
                0x080003f4                AudioPlayer_SD_card_Input
 .text.AudioPlayer_OFF
                0x08000450       0x1c ./Src/AudioPlayer_nucleo-c031c6/audioPlayer.o
                0x08000450                AudioPlayer_OFF
 .text.AudioPlayer_ctor
                0x0800046c       0x40 ./Src/AudioPlayer_nucleo-c031c6/audioPlayer.o
                0x0800046c                AudioPlayer_ctor
 .text.startup.main
                0x080004ac       0x14 ./Src/AudioPlayer_nucleo-c031c6/main.o
                0x080004ac                main
 .text.Q_onError
                0x080004c0        0xa ./Src/AudioPlayer_nucleo-c031c6/qk/bsp.o
                0x080004c0                Q_onError
 .text.assert_failed
                0x080004ca        0xa ./Src/AudioPlayer_nucleo-c031c6/qk/bsp.o
                0x080004ca                assert_failed
 .text.SysTick_Handler
                0x080004d4       0xe4 ./Src/AudioPlayer_nucleo-c031c6/qk/bsp.o
                0x080004d4                SysTick_Handler
 .text.BSP_init
                0x080005b8       0xc8 ./Src/AudioPlayer_nucleo-c031c6/qk/bsp.o
                0x080005b8                BSP_init
 .text.BSP_start
                0x08000680       0x28 ./Src/AudioPlayer_nucleo-c031c6/qk/bsp.o
                0x08000680                BSP_start
 .text.BSP_terminate
                0x080006a8        0x2 ./Src/AudioPlayer_nucleo-c031c6/qk/bsp.o
                0x080006a8                BSP_terminate
 *fill*         0x080006aa        0x2 
 .text.QF_onStartup
                0x080006ac       0x5c ./Src/AudioPlayer_nucleo-c031c6/qk/bsp.o
                0x080006ac                QF_onStartup
 .text.QK_onIdle
                0x08000708        0x2 ./Src/AudioPlayer_nucleo-c031c6/qk/bsp.o
                0x08000708                QK_onIdle
 .text.bspMute  0x0800070a        0x2 ./Src/AudioPlayer_nucleo-c031c6/qk/bsp.o
                0x0800070a                bspMute
 .text.BspSeekNext
                0x0800070c        0x2 ./Src/AudioPlayer_nucleo-c031c6/qk/bsp.o
                0x0800070c                BspSeekNext
 .text.BspSeekPrev
                0x0800070e        0x2 ./Src/AudioPlayer_nucleo-c031c6/qk/bsp.o
                0x0800070e                BspSeekPrev
 .text.BspTramitSignal
                0x08000710        0x2 ./Src/AudioPlayer_nucleo-c031c6/qk/bsp.o
                0x08000710                BspTramitSignal
 .text.bspTrasNext
                0x08000712        0x2 ./Src/AudioPlayer_nucleo-c031c6/qk/bsp.o
                0x08000712                bspTrasNext
 .text.bspTrasPrev
                0x08000714        0x2 ./Src/AudioPlayer_nucleo-c031c6/qk/bsp.o
                0x08000714                bspTrasPrev
 .text.bspResumeRead
                0x08000716        0x2 ./Src/AudioPlayer_nucleo-c031c6/qk/bsp.o
                0x08000716                bspResumeRead
 .text.bspSaveReadState
                0x08000718        0x2 ./Src/AudioPlayer_nucleo-c031c6/qk/bsp.o
                0x08000718                bspSaveReadState
 .text.bspUnmountSDCard
                0x0800071a        0x2 ./Src/AudioPlayer_nucleo-c031c6/qk/bsp.o
                0x0800071a                bspUnmountSDCard
 .text.bspMountSDCard
                0x0800071c        0x2 ./Src/AudioPlayer_nucleo-c031c6/qk/bsp.o
                0x0800071c                bspMountSDCard
 .text.bspPauseRead
                0x0800071e        0x2 ./Src/AudioPlayer_nucleo-c031c6/qk/bsp.o
                0x0800071e                bspPauseRead
 .text.bspReadNext
                0x08000720        0x2 ./Src/AudioPlayer_nucleo-c031c6/qk/bsp.o
                0x08000720                bspReadNext
 .text.bspReadPrev
                0x08000722        0x2 ./Src/AudioPlayer_nucleo-c031c6/qk/bsp.o
                0x08000722                bspReadPrev
 .text.QF_int_disable_
                0x08000724       0x1c ./Src/QPC_PORT/qk_port.o
                0x08000724                QF_int_disable_
 .text.QF_int_enable_
                0x08000740       0x1c ./Src/QPC_PORT/qk_port.o
                0x08000740                QF_int_enable_
 .text.QF_crit_entry_
                0x0800075c       0x1c ./Src/QPC_PORT/qk_port.o
                0x0800075c                QF_crit_entry_
 .text.QF_crit_exit_
                0x08000778       0x1c ./Src/QPC_PORT/qk_port.o
                0x08000778                QF_crit_exit_
 .text.QK_init  0x08000794       0x14 ./Src/QPC_PORT/qk_port.o
                0x08000794                QK_init
 .text.PendSV_Handler
                0x080007a8       0x34 ./Src/QPC_PORT/qk_port.o
                0x080007a8                PendSV_Handler
 .text.QK_thread_ret
                0x080007dc       0x24 ./Src/QPC_PORT/qk_port.o
                0x080007dc                QK_thread_ret
 .text.NMI_Handler
                0x08000800        0xc ./Src/QPC_PORT/qk_port.o
                0x08000800                NMI_Handler
 .text.QF_qlog2
                0x0800080c       0x38 ./Src/QPC_PORT/qk_port.o
                0x0800080c                QF_qlog2
 .text.QHsm_isIn_
                0x08000844       0x24 ./Src/qf/qep_hsm.o
                0x08000844                QHsm_isIn_
 .text.QHsm_top
                0x08000868        0x4 ./Src/qf/qep_hsm.o
                0x08000868                QHsm_top
 .text.QHsm_enter_target_.part.0
                0x0800086c       0x7c ./Src/qf/qep_hsm.o
 .text.QHsm_dispatch_
                0x080008e8      0x1a0 ./Src/qf/qep_hsm.o
                0x080008e8                QHsm_dispatch_
 .text.QHsm_init_
                0x08000a88       0xa4 ./Src/qf/qep_hsm.o
                0x08000a88                QHsm_init_
 .text.QHsm_ctor
                0x08000b2c       0x14 ./Src/qf/qep_hsm.o
                0x08000b2c                QHsm_ctor
 .text.QF_bzero_
                0x08000b40       0x10 ./Src/qf/qf_act.o
                0x08000b40                QF_bzero_
 .text.QActive_post_
                0x08000b50       0xcc ./Src/qf/qf_actq.o
                0x08000b50                QActive_post_
 .text.QActive_get_
                0x08000c1c       0x68 ./Src/qf/qf_actq.o
                0x08000c1c                QActive_get_
 .text.QF_gc    0x08000c84       0x70 ./Src/qf/qf_dyn.o
                0x08000c84                QF_gc
 .text.QMPool_put
                0x08000cf4       0x48 ./Src/qf/qf_mem.o
                0x08000cf4                QMPool_put
 .text.QActive_ctor
                0x08000d3c       0x20 ./Src/qf/qf_qact.o
                0x08000d3c                QActive_ctor
 .text.QActive_register_
                0x08000d5c       0x7c ./Src/qf/qf_qact.o
                0x08000d5c                QActive_register_
 .text.QEQueue_init
                0x08000dd8       0x40 ./Src/qf/qf_qeq.o
                0x08000dd8                QEQueue_init
 .text.QTimeEvt_ctorX
                0x08000e18       0x40 ./Src/qf/qf_time.o
                0x08000e18                QTimeEvt_ctorX
 .text.QTimeEvt_armX
                0x08000e58       0x58 ./Src/qf/qf_time.o
                0x08000e58                QTimeEvt_armX
 .text.QTimeEvt_disarm
                0x08000eb0       0x2c ./Src/qf/qf_time.o
                0x08000eb0                QTimeEvt_disarm
 .text.QTimeEvt_init
                0x08000edc       0x14 ./Src/qf/qf_time.o
                0x08000edc                QTimeEvt_init
 .text.QTimeEvt_expire_
                0x08000ef0       0x1e ./Src/qf/qf_time.o
                0x08000ef0                QTimeEvt_expire_
 *fill*         0x08000f0e        0x2 
 .text.QTimeEvt_tick_
                0x08000f10       0xa8 ./Src/qf/qf_time.o
                0x08000f10                QTimeEvt_tick_
 .text.QK_sched_
                0x08000fb8       0x28 ./Src/qk/qk.o
                0x08000fb8                QK_sched_
 .text.QK_sched_act_
                0x08000fe0       0x38 ./Src/qk/qk.o
                0x08000fe0                QK_sched_act_
 .text.QK_activate_
                0x08001018       0x98 ./Src/qk/qk.o
                0x08001018                QK_activate_
 .text.QF_init  0x080010b0       0x38 ./Src/qk/qk.o
                0x080010b0                QF_init
 .text.QF_run   0x080010e8       0x2c ./Src/qk/qk.o
                0x080010e8                QF_run
 .text.QActive_start
                0x08001114       0x64 ./Src/qk/qk.o
                0x08001114                QActive_start
 .text.SystemInit
                0x08001178       0x10 ./Src/system_stm32c0xx.o
                0x08001178                SystemInit
 .text.SystemCoreClockUpdate
                0x08001188       0x50 ./Src/system_stm32c0xx.o
                0x08001188                SystemCoreClockUpdate
 .text.Reset_Handler
                0x080011d8       0x5c ./Startup/startup_stm32c031xx.o
                0x080011d8                Reset_Handler
 .text.HardFault_Handler
                0x08001234       0x18 ./Startup/startup_stm32c031xx.o
                0x08001234                HardFault_Handler
 .text.Default_Handler
                0x0800124c       0x18 ./Startup/startup_stm32c031xx.o
                0x0800124c                Reserved18_IRQHandler
                0x0800124c                DebugMon_Handler
                0x0800124c                TIM1_CC_IRQHandler
                0x0800124c                I2C1_IRQHandler
                0x0800124c                Reserved29_IRQHandler
                0x0800124c                DMAMUX1_IRQHandler
                0x0800124c                SPI1_IRQHandler
                0x0800124c                Reserved24_IRQHandler
                0x0800124c                Reserved8_IRQHandler
                0x0800124c                EXTI2_3_IRQHandler
                0x0800124c                ADC1_IRQHandler
                0x0800124c                TIM17_IRQHandler
                0x0800124c                RTC_IRQHandler
                0x0800124c                Reserved15_IRQHandler
                0x0800124c                TIM16_IRQHandler
                0x0800124c                TIM3_IRQHandler
                0x0800124c                Reserved20_IRQHandler
                0x0800124c                RCC_IRQHandler
                0x0800124c                EXTI4_15_IRQHandler
                0x0800124c                DMA1_Channel1_IRQHandler
                0x0800124c                Default_Handler
                0x0800124c                Reserved17_IRQHandler
                0x0800124c                TIM14_IRQHandler
                0x0800124c                Reserved1_IRQHandler
                0x0800124c                EXTI0_1_IRQHandler
                0x0800124c                Reserved31_IRQHandler
                0x0800124c                SVC_Handler
                0x0800124c                Reserved26_IRQHandler
                0x0800124c                WWDG_IRQHandler
                0x0800124c                Reserved30_IRQHandler
                0x0800124c                DMA1_Channel2_3_IRQHandler
                0x0800124c                USART2_IRQHandler
                0x0800124c                FLASH_IRQHandler
                0x0800124c                USART1_IRQHandler
                0x0800124c                TIM1_BRK_UP_TRG_COM_IRQHandler
 .text.__libc_init_array
                0x08001264       0x48 /opt/st/stm32cubeide_1.18.0/plugins/com.st.stm32cube.ide.mcu.externaltools.gnu-tools-for-stm32.13.3.rel1.linux64_1.0.0.202410170706/tools/bin/../lib/gcc/arm-none-eabi/13.3.1/../../../../arm-none-eabi/lib/thumb/v6-m/nofp/libc_nano.a(libc_a-init.o)
                0x08001264                __libc_init_array
 *(.rodata)
 *(.rodata*)
 .rodata.prevEvt.0
                0x080012ac        0x4 ./Src/AudioPlayer_nucleo-c031c6/audioPlayer.o
 .rodata.nextEvt.1
                0x080012b0        0x4 ./Src/AudioPlayer_nucleo-c031c6/audioPlayer.o
 .rodata.AO_AudioPlayer
                0x080012b4        0x4 ./Src/AudioPlayer_nucleo-c031c6/audioPlayer.o
                0x080012b4                AO_AudioPlayer
 .rodata.pauseplayEvt.1
                0x080012b8        0x4 ./Src/AudioPlayer_nucleo-c031c6/qk/bsp.o
 .rodata.modeEvt.2
                0x080012bc        0x4 ./Src/AudioPlayer_nucleo-c031c6/qk/bsp.o
 .rodata.minusEvt.3
                0x080012c0        0x4 ./Src/AudioPlayer_nucleo-c031c6/qk/bsp.o
 .rodata.releaseEvt.4
                0x080012c4        0x4 ./Src/AudioPlayer_nucleo-c031c6/qk/bsp.o
 .rodata.plusEvt.5
                0x080012c8        0x4 ./Src/AudioPlayer_nucleo-c031c6/qk/bsp.o
 .rodata.QF_port_module_
                0x080012cc        0x8 ./Src/QPC_PORT/qk_port.o
                0x080012cc                QF_port_module_
 .rodata.vtable.0
                0x080012d4        0xc ./Src/qf/qep_hsm.o
 .rodata.l_reservedEvt_
                0x080012e0       0x10 ./Src/qf/qep_hsm.o
 .rodata.Q_this_module_
                0x080012f0        0x8 ./Src/qf/qep_hsm.o
 .rodata.Q_this_module_
                0x080012f8        0x8 ./Src/qf/qf_actq.o
 .rodata.Q_this_module_
                0x08001300        0x7 ./Src/qf/qf_dyn.o
 .rodata.Q_this_module_
                0x08001307        0x7 ./Src/qf/qf_mem.o
 *fill*         0x0800130e        0x2 
 .rodata.vtable.0
                0x08001310        0xc ./Src/qf/qf_qact.o
 .rodata.Q_this_module_
                0x0800131c        0x8 ./Src/qf/qf_qact.o
 .rodata.Q_this_module_
                0x08001324        0x7 ./Src/qf/qf_qeq.o
 .rodata.Q_this_module_
                0x0800132b        0x8 ./Src/qf/qf_time.o
 .rodata.Q_this_module_
                0x08001333        0x3 ./Src/qk/qk.o
 *fill*         0x08001336        0x2 
 .rodata.AHBPrescTable
                0x08001338       0x40 ./Src/system_stm32c0xx.o
                0x08001338                AHBPrescTable
 .rodata.Reset_Handler.str1.1
                0x08001378       0x20 ./Startup/startup_stm32c031xx.o
                                  0xe (size before relaxing)
 .rodata.HardFault_Handler.str1.1
                0x08001398        0xa ./Startup/startup_stm32c031xx.o
 .rodata.Default_Handler.str1.1
                0x08001398        0x8 ./Startup/startup_stm32c031xx.o
 *(.init)
 .init          0x08001398        0x4 /opt/st/stm32cubeide_1.18.0/plugins/com.st.stm32cube.ide.mcu.externaltools.gnu-tools-for-stm32.13.3.rel1.linux64_1.0.0.202410170706/tools/bin/../lib/gcc/arm-none-eabi/13.3.1/thumb/v6-m/nofp/crti.o
                0x08001398                _init
 .init          0x0800139c        0x8 /opt/st/stm32cubeide_1.18.0/plugins/com.st.stm32cube.ide.mcu.externaltools.gnu-tools-for-stm32.13.3.rel1.linux64_1.0.0.202410170706/tools/bin/../lib/gcc/arm-none-eabi/13.3.1/thumb/v6-m/nofp/crtn.o
 *(.fini)
 .fini          0x080013a4        0x4 /opt/st/stm32cubeide_1.18.0/plugins/com.st.stm32cube.ide.mcu.externaltools.gnu-tools-for-stm32.13.3.rel1.linux64_1.0.0.202410170706/tools/bin/../lib/gcc/arm-none-eabi/13.3.1/thumb/v6-m/nofp/crti.o
                0x080013a4                _fini
 .fini          0x080013a8        0x8 /opt/st/stm32cubeide_1.18.0/plugins/com.st.stm32cube.ide.mcu.externaltools.gnu-tools-for-stm32.13.3.rel1.linux64_1.0.0.202410170706/tools/bin/../lib/gcc/arm-none-eabi/13.3.1/thumb/v6-m/nofp/crtn.o
                0x080013b0                        . = ALIGN (0x4)

.glue_7         0x080013b0        0x0
 .glue_7        0x080013b0        0x0 linker stubs

.glue_7t        0x080013b0        0x0
 .glue_7t       0x080013b0        0x0 linker stubs

.vfp11_veneer   0x080013b0        0x0
 .vfp11_veneer  0x080013b0        0x0 linker stubs

.v4_bx          0x080013b0        0x0
 .v4_bx         0x080013b0        0x0 linker stubs

.iplt           0x080013b0        0x0
 .iplt          0x080013b0        0x0 /opt/st/stm32cubeide_1.18.0/plugins/com.st.stm32cube.ide.mcu.externaltools.gnu-tools-for-stm32.13.3.rel1.linux64_1.0.0.202410170706/tools/bin/../lib/gcc/arm-none-eabi/13.3.1/thumb/v6-m/nofp/crtbegin.o

.rel.dyn        0x080013b0        0x0
 .rel.iplt      0x080013b0        0x0 /opt/st/stm32cubeide_1.18.0/plugins/com.st.stm32cube.ide.mcu.externaltools.gnu-tools-for-stm32.13.3.rel1.linux64_1.0.0.202410170706/tools/bin/../lib/gcc/arm-none-eabi/13.3.1/thumb/v6-m/nofp/crtbegin.o

.preinit_array  0x080013b0        0x0
                0x080013b0                        PROVIDE (__preinit_array_start = .)
 *(.preinit_array*)
                0x080013b0                        PROVIDE (__preinit_array_end = .)

.init_array     0x080013b0        0x4
                0x080013b0                        PROVIDE (__init_array_start = .)
 *(SORT_BY_NAME(.init_array.*))
 *(.init_array*)
 .init_array    0x080013b0        0x4 /opt/st/stm32cubeide_1.18.0/plugins/com.st.stm32cube.ide.mcu.externaltools.gnu-tools-for-stm32.13.3.rel1.linux64_1.0.0.202410170706/tools/bin/../lib/gcc/arm-none-eabi/13.3.1/thumb/v6-m/nofp/crtbegin.o
                0x080013b4                        PROVIDE (__init_array_end = .)

.fini_array     0x080013b4        0x4
                [!provide]                        PROVIDE (__fini_array_start = .)
 *(.fini_array*)
 .fini_array    0x080013b4        0x4 /opt/st/stm32cubeide_1.18.0/plugins/com.st.stm32cube.ide.mcu.externaltools.gnu-tools-for-stm32.13.3.rel1.linux64_1.0.0.202410170706/tools/bin/../lib/gcc/arm-none-eabi/13.3.1/thumb/v6-m/nofp/crtbegin.o
 *(SORT_BY_NAME(.fini_array.*))
                [!provide]                        PROVIDE (__fini_array_end = .)
                0x080013b8                        _etext = .

.stack          0x20000000      0x800
                0x20000000                        __stack_start__ = .
                0x20000800                        . = (. + STACK_SIZE)
 *fill*         0x20000000      0x800 
                0x20000800                        . = ALIGN (0x4)
                0x20000800                        __stack_end__ = .

.data           0x20000800        0x4 load address 0x080013b8
                0x080013b8                        __data_load = LOADADDR (.data)
                0x20000800                        __data_start = .
 *(.data)
 *(.data*)
 .data.SystemCoreClock
                0x20000800        0x4 ./Src/system_stm32c0xx.o
                0x20000800                SystemCoreClock
                0x20000804                        . = ALIGN (0x4)
                0x20000804                        __data_end__ = .
                0x20000804                        _edata = __data_end__

.igot.plt       0x20000804        0x0 load address 0x080013bc
 .igot.plt      0x20000804        0x0 /opt/st/stm32cubeide_1.18.0/plugins/com.st.stm32cube.ide.mcu.externaltools.gnu-tools-for-stm32.13.3.rel1.linux64_1.0.0.202410170706/tools/bin/../lib/gcc/arm-none-eabi/13.3.1/thumb/v6-m/nofp/crtbegin.o

.bss            0x20000804      0x184 load address 0x080013bc
                0x20000804                        __bss_start__ = .
 *(.bss)
 .bss           0x20000804       0x1c /opt/st/stm32cubeide_1.18.0/plugins/com.st.stm32cube.ide.mcu.externaltools.gnu-tools-for-stm32.13.3.rel1.linux64_1.0.0.202410170706/tools/bin/../lib/gcc/arm-none-eabi/13.3.1/thumb/v6-m/nofp/crtbegin.o
 *(.bss*)
 .bss.AudioPlayer_inst
                0x20000820       0x40 ./Src/AudioPlayer_nucleo-c031c6/audioPlayer.o
 .bss.playerQueueSto.0
                0x20000860       0x28 ./Src/AudioPlayer_nucleo-c031c6/qk/bsp.o
 .bss.buttons.6
                0x20000888        0xc ./Src/AudioPlayer_nucleo-c031c6/qk/bsp.o
 .bss.QActive_registry_
                0x20000894       0x84 ./Src/qf/qf_act.o
                0x20000894                QActive_registry_
 .bss.QF_priv_  0x20000918       0x40 ./Src/qf/qf_act.o
                0x20000918                QF_priv_
 .bss.QTimeEvt_timeEvtHead_
                0x20000958       0x18 ./Src/qf/qf_time.o
                0x20000958                QTimeEvt_timeEvtHead_
 .bss.QK_priv_  0x20000970       0x18 ./Src/qk/qk.o
                0x20000970                QK_priv_
 *(COMMON)
                0x20000988                        . = ALIGN (0x4)
                0x20000988                        _ebss = .
                0x20000988                        __bss_end__ = .
                0x20000988                        __exidx_start = .

.ARM.exidx
 *(.ARM.exidx* .gnu.linkonce.armexidx.*)
                0x20000988                        __exidx_end = .
                0x20000988                        PROVIDE (end = _ebss)
                [!provide]                        PROVIDE (_end = _ebss)
                [!provide]                        PROVIDE (__end__ = _ebss)

.heap           0x20000988        0x0
                0x20000988                        __heap_start__ = .
                0x20000988                        . = (. + HEAP_SIZE)
                0x20000988                        . = ALIGN (0x4)
                0x20000988                        __heap_end__ = .

/DISCARD/
 libc.a(*)
 libm.a(*)
 libgcc.a(*)
OUTPUT(dpp_Try_2.elf elf32-littlearm)
LOAD linker stubs
LOAD /opt/st/stm32cubeide_1.18.0/plugins/com.st.stm32cube.ide.mcu.externaltools.gnu-tools-for-stm32.13.3.rel1.linux64_1.0.0.202410170706/tools/bin/../lib/gcc/arm-none-eabi/13.3.1/../../../../arm-none-eabi/lib/thumb/v6-m/nofp/libc.a
LOAD /opt/st/stm32cubeide_1.18.0/plugins/com.st.stm32cube.ide.mcu.externaltools.gnu-tools-for-stm32.13.3.rel1.linux64_1.0.0.202410170706/tools/bin/../lib/gcc/arm-none-eabi/13.3.1/../../../../arm-none-eabi/lib/thumb/v6-m/nofp/libm.a
LOAD /opt/st/stm32cubeide_1.18.0/plugins/com.st.stm32cube.ide.mcu.externaltools.gnu-tools-for-stm32.13.3.rel1.linux64_1.0.0.202410170706/tools/bin/../lib/gcc/arm-none-eabi/13.3.1/thumb/v6-m/nofp/libgcc.a

.ARM.attributes
                0x00000000       0x28
 .ARM.attributes
                0x00000000       0x1e /opt/st/stm32cubeide_1.18.0/plugins/com.st.stm32cube.ide.mcu.externaltools.gnu-tools-for-stm32.13.3.rel1.linux64_1.0.0.202410170706/tools/bin/../lib/gcc/arm-none-eabi/13.3.1/thumb/v6-m/nofp/crti.o
 .ARM.attributes
                0x0000001e       0x2c /opt/st/stm32cubeide_1.18.0/plugins/com.st.stm32cube.ide.mcu.externaltools.gnu-tools-for-stm32.13.3.rel1.linux64_1.0.0.202410170706/tools/bin/../lib/gcc/arm-none-eabi/13.3.1/thumb/v6-m/nofp/crtbegin.o
 .ARM.attributes
                0x0000004a       0x2c ./Src/AudioPlayer_nucleo-c031c6/audioPlayer.o
 .ARM.attributes
                0x00000076       0x2c ./Src/AudioPlayer_nucleo-c031c6/main.o
 .ARM.attributes
                0x000000a2       0x2c ./Src/AudioPlayer_nucleo-c031c6/qk/bsp.o
 .ARM.attributes
                0x000000ce       0x2c ./Src/QPC_PORT/qk_port.o
 .ARM.attributes
                0x000000fa       0x2c ./Src/qf/qep_hsm.o
 .ARM.attributes
                0x00000126       0x2c ./Src/qf/qf_act.o
 .ARM.attributes
                0x00000152       0x2c ./Src/qf/qf_actq.o
 .ARM.attributes
                0x0000017e       0x2c ./Src/qf/qf_dyn.o
 .ARM.attributes
                0x000001aa       0x2c ./Src/qf/qf_mem.o
 .ARM.attributes
                0x000001d6       0x2c ./Src/qf/qf_qact.o
 .ARM.attributes
                0x00000202       0x2c ./Src/qf/qf_qeq.o
 .ARM.attributes
                0x0000022e       0x2c ./Src/qf/qf_time.o
 .ARM.attributes
                0x0000025a       0x2c ./Src/qk/qk.o
 .ARM.attributes
                0x00000286       0x2c ./Src/system_stm32c0xx.o
 .ARM.attributes
                0x000002b2       0x2c ./Startup/startup_stm32c031xx.o
 .ARM.attributes
                0x000002de       0x2c /opt/st/stm32cubeide_1.18.0/plugins/com.st.stm32cube.ide.mcu.externaltools.gnu-tools-for-stm32.13.3.rel1.linux64_1.0.0.202410170706/tools/bin/../lib/gcc/arm-none-eabi/13.3.1/../../../../arm-none-eabi/lib/thumb/v6-m/nofp/libc_nano.a(libc_a-init.o)
 .ARM.attributes
                0x0000030a       0x1e /opt/st/stm32cubeide_1.18.0/plugins/com.st.stm32cube.ide.mcu.externaltools.gnu-tools-for-stm32.13.3.rel1.linux64_1.0.0.202410170706/tools/bin/../lib/gcc/arm-none-eabi/13.3.1/thumb/v6-m/nofp/libgcc.a(_thumb1_case_uqi.o)
 .ARM.attributes
                0x00000328       0x1e /opt/st/stm32cubeide_1.18.0/plugins/com.st.stm32cube.ide.mcu.externaltools.gnu-tools-for-stm32.13.3.rel1.linux64_1.0.0.202410170706/tools/bin/../lib/gcc/arm-none-eabi/13.3.1/thumb/v6-m/nofp/libgcc.a(_udivsi3.o)
 .ARM.attributes
                0x00000346       0x1e /opt/st/stm32cubeide_1.18.0/plugins/com.st.stm32cube.ide.mcu.externaltools.gnu-tools-for-stm32.13.3.rel1.linux64_1.0.0.202410170706/tools/bin/../lib/gcc/arm-none-eabi/13.3.1/thumb/v6-m/nofp/libgcc.a(_dvmd_tls.o)
 .ARM.attributes
                0x00000364       0x1e /opt/st/stm32cubeide_1.18.0/plugins/com.st.stm32cube.ide.mcu.externaltools.gnu-tools-for-stm32.13.3.rel1.linux64_1.0.0.202410170706/tools/bin/../lib/gcc/arm-none-eabi/13.3.1/thumb/v6-m/nofp/crtn.o

.comment        0x00000000       0x43
 .comment       0x00000000       0x43 ./Src/AudioPlayer_nucleo-c031c6/audioPlayer.o
                                 0x44 (size before relaxing)
 .comment       0x00000043       0x44 ./Src/AudioPlayer_nucleo-c031c6/main.o
 .comment       0x00000043       0x44 ./Src/AudioPlayer_nucleo-c031c6/qk/bsp.o
 .comment       0x00000043       0x44 ./Src/QPC_PORT/qk_port.o
 .comment       0x00000043       0x44 ./Src/qf/qep_hsm.o
 .comment       0x00000043       0x44 ./Src/qf/qf_act.o
 .comment       0x00000043       0x44 ./Src/qf/qf_actq.o
 .comment       0x00000043       0x44 ./Src/qf/qf_dyn.o
 .comment       0x00000043       0x44 ./Src/qf/qf_mem.o
 .comment       0x00000043       0x44 ./Src/qf/qf_qact.o
 .comment       0x00000043       0x44 ./Src/qf/qf_qeq.o
 .comment       0x00000043       0x44 ./Src/qf/qf_time.o
 .comment       0x00000043       0x44 ./Src/qk/qk.o
 .comment       0x00000043       0x44 ./Src/system_stm32c0xx.o
 .comment       0x00000043       0x44 ./Startup/startup_stm32c031xx.o

.debug_frame    0x00000000       0x4c
 .debug_frame   0x00000000       0x2c /opt/st/stm32cubeide_1.18.0/plugins/com.st.stm32cube.ide.mcu.externaltools.gnu-tools-for-stm32.13.3.rel1.linux64_1.0.0.202410170706/tools/bin/../lib/gcc/arm-none-eabi/13.3.1/../../../../arm-none-eabi/lib/thumb/v6-m/nofp/libc_nano.a(libc_a-init.o)
 .debug_frame   0x0000002c       0x20 /opt/st/stm32cubeide_1.18.0/plugins/com.st.stm32cube.ide.mcu.externaltools.gnu-tools-for-stm32.13.3.rel1.linux64_1.0.0.202410170706/tools/bin/../lib/gcc/arm-none-eabi/13.3.1/thumb/v6-m/nofp/libgcc.a(_udivsi3.o)
