Microchip MPLAB XC8 Compiler V3.00

Linker command line:

-W-3 \
  --edf=/opt/microchip/mplabx/v6.25/packs/Microchip/PIC16F1xxxx_DFP/1.26.410/xc8/pic/dat/20250122140635_en.msgs \
  -cn -h+dist/default/debug/glowingLed.X.debug.sym \
  --cmf=dist/default/debug/glowingLed.X.debug.cmf -z -Q16F15244 \
  -o/tmp/xcXIHaHGN/driver_tmp_3.o --defsym=__MPLAB_BUILD=1 \
  --fixupoverflow=error -Mdist/default/debug/glowingLed.X.debug.map \
  --md=/tmp/xcXIHaHGN/driver_tmp_0.dat -E1 -ver=XC8 Compiler \
  -ACODE=00h-07FFhx2 -ASTRCODE=00h-0FFFh -ASTRING=00h-0FFhx16 \
  -ACONST=00h-0FFhx16 -AENTRY=00h-0FFhx16 -ACOMMON=070h-07Fh \
  -ABANK0=020h-06Fh -ABANK1=0A0h-0EFh -ABANK2=0120h-016Fh \
  -ABANK3=01A0h-01EFh -ABANK4=0220h-026Fh -ABANK5=02A0h-02EFh \
  -ABANK6=0320h-032Fh -ABIGRAM=02000h-021EFh \
  -ARAM=020h-06Fh,0A0h-0EFh,0120h-016Fh,01A0h-01EFh,0220h-026Fh,02A0h-02EFh,0320h-032Fh \
  -AABS1=020h-07Fh,0A0h-0EFh,0120h-016Fh,01A0h-01EFh,0220h-026Fh,02A0h-02EFh,0320h-032Fh \
  -ASFR0=00h-01Fh -ASFR1=080h-09Fh -ASFR2=0100h-011Fh -ASFR3=0180h-019Fh \
  -ASFR4=0200h-021Fh -ASFR5=0280h-029Fh -ASFR6=0300h-031Fh \
  -ASFR7=0380h-03EFh -ASFR8=0400h-046Fh -ASFR9=0480h-04EFh \
  -ASFR10=0500h-056Fh -ASFR11=0580h-05EFh -ASFR12=0600h-066Fh \
  -ASFR13=0680h-06EFh -ASFR14=0700h-076Fh -ASFR15=0780h-07EFh \
  -ASFR16=0800h-086Fh -ASFR17=0880h-08EFh -ASFR18=0900h-096Fh \
  -ASFR19=0980h-09EFh -ASFR20=0A00h-0A6Fh -ASFR21=0A80h-0AEFh \
  -ASFR22=0B00h-0B6Fh -ASFR23=0B80h-0BEFh -ASFR24=0C00h-0C6Fh \
  -ASFR25=0C80h-0CEFh -ASFR26=0D00h-0D6Fh -ASFR27=0D80h-0DEFh \
  -ASFR28=0E00h-0E6Fh -ASFR29=0E80h-0EEFh -ASFR30=0F00h-0F6Fh \
  -ASFR31=0F80h-0FEFh -ASFR32=01000h-0106Fh -ASFR33=01080h-010EFh \
  -ASFR34=01100h-0116Fh -ASFR35=01180h-011EFh -ASFR36=01200h-0126Fh \
  -ASFR37=01280h-012EFh -ASFR38=01300h-0136Fh -ASFR39=01380h-013EFh \
  -ASFR40=01400h-0146Fh -ASFR41=01480h-014EFh -ASFR42=01500h-0156Fh \
  -ASFR43=01580h-015EFh -ASFR44=01600h-0166Fh -ASFR45=01680h-016EFh \
  -ASFR46=01700h-0176Fh -ASFR47=01780h-017EFh -ASFR48=01800h-0186Fh \
  -ASFR49=01880h-018EFh -ASFR50=01900h-0196Fh -ASFR51=01980h-019EFh \
  -ASFR52=01A00h-01A6Fh -ASFR53=01A80h-01AEFh -ASFR54=01B00h-01B6Fh \
  -ASFR55=01B80h-01BEFh -ASFR56=01C00h-01C6Fh -ASFR57=01C80h-01CEFh \
  -ASFR58=01D00h-01D6Fh -ASFR59=01D80h-01DEFh -ASFR60=01E00h-01E6Fh \
  -ASFR61=01E80h-01EEFh -ASFR62=01F00h-01F6Fh -ASFR63=01F80h-01FEFh \
  -ACONFIG=08007h-0800Bh -DCONFIG=2 -AIDLOC=08000h-08003h -DIDLOC=2 \
  -DCODE=2 -DSTRCODE=2 -DSTRING=2 -DCONST=2 -DENTRY=2 \
  -preset_vec=00h,intentry=04h,sivt,init,end_init -ppowerup=CODE \
  -pcinit=CODE -pfunctab=ENTRY -k /tmp/xcXIHaHGN/driver_tmp_12.o \
  dist/default/debug/glowingLed.X.debug.o 

Object code version is 3.11

Machine type is 16F15244



                Name                               Link     Load   Length Selector   Space Scale
/tmp/xcXIHaHGN/driver_tmp_12.o
                end_init                             37       37        2        8       0
                reset_vec                             0        0        2        0       0
                config                             8007     8007        5        0       4
dist/default/debug/glowingLed.X.debug.o
                cinit                                39       39       2A        8       0
                intentry                              4        4       33        8       0
                config                             8007     8007        5        0       4
                text33                              4DF      4DF        4      9BE       0
                text32                              4CB      4CB        6      6BC       0
                text31                              4E9      4E9        1      9D0       0
                text30                              1F6      1F6       50        8       0
                text29                              3DC      3DC       1B      6BC       0
                text28                              4E8      4E8        1      9D0       0
                text27                              463      463       12      6BC       0
                text25                              450      450       13      6BC       0
                text24                              3A2      3A2       1F      6BC       0
                text23                               63       63       CD        8       0
                text22                              4AF      4AF        9      6BC       0
                text21                              35E      35E       23      6BC       0
                text20                              3C1      3C1       1B      6BC       0
                text19                              1A5      1A5       51        8       0
                text18                              475      475        E      6BC       0
                text17                              4A6      4A6        9      6BC       0
                text16                              3F7      3F7       1A      6BC       0
                text15                              130      130       75        8       0
                text14                              427      427       15      6BC       0
                text13                              4D6      4D6        5      6BC       0
                text12                              381      381       21      6BC       0
                text11                              4D1      4D1        5      6BC       0
                text10                              48F      48F        C      6BC       0
                text9                               483      483        C      6BC       0
                text8                               246      246       46        8       0
                text7                               2FB      2FB       33        8       0
                text6                               4C5      4C5        6      6BC       0
                text5                               49B      49B        B      6BC       0
                text4                               2C6      2C6       35        8       0
                text3                               4B8      4B8        7      6BC       0
                text2                               43C      43C       14      6BC       0
                text1                               411      411       16      6BC       0
                maintext                            28C      28C       3A        8       0
                cstackBANK0                          63       63        7       20       1
                cstackCOMMON                         70       70        9       70       1
                cstackBANK1                          DC       DC        2       A0       1
                clrtext                             4BF      4BF        6      6BC       0
                bssBANK2                            120      120       40      120       1
                bssBANK1                             A0       A0       3C       A0       1
                dataBANK0                            6A       6A        3       20       1
                bssBANK0                             20       20       43       20       1
                bssCOMMON                            79       79        2       70       1
                nvBANK0                              6D       6D        2       20       1
                stringtext3                         32E      32E       30      65C       0
                stringtext2                         4E6      4E6        2      9CC       0
                stringtext1                         4DB      4DB        4      9B6       0
                idataBANK0                          4E3      4E3        3      9BE       0

TOTAL           Name                               Link     Load   Length     Space
        CLASS   CODE           
                end_init                             37       37        2         0
                cinit                                39       39       2A         0
                intentry                              4        4       33         0
                reset_vec                             0        0        2         0
                text33                              4DF      4DF        4         0
                text32                              4CB      4CB        6         0
                text31                              4E9      4E9        1         0
                text30                              1F6      1F6       50         0
                text29                              3DC      3DC       1B         0
                text28                              4E8      4E8        1         0
                text27                              463      463       12         0
                text25                              450      450       13         0
                text24                              3A2      3A2       1F         0
                text23                               63       63       CD         0
                text22                              4AF      4AF        9         0
                text21                              35E      35E       23         0
                text20                              3C1      3C1       1B         0
                text19                              1A5      1A5       51         0
                text18                              475      475        E         0
                text17                              4A6      4A6        9         0
                text16                              3F7      3F7       1A         0
                text15                              130      130       75         0
                text14                              427      427       15         0
                text13                              4D6      4D6        5         0
                text12                              381      381       21         0
                text11                              4D1      4D1        5         0
                text10                              48F      48F        C         0
                text9                               483      483        C         0
                text8                               246      246       46         0
                text7                               2FB      2FB       33         0
                text6                               4C5      4C5        6         0
                text5                               49B      49B        B         0
                text4                               2C6      2C6       35         0
                text3                               4B8      4B8        7         0
                text2                               43C      43C       14         0
                text1                               411      411       16         0
                maintext                            28C      28C       3A         0
                clrtext                             4BF      4BF        6         0
                idataBANK0                          4E3      4E3        3         0

        CLASS   STRCODE        
                stringtext3                         32E      32E       30         0
                stringtext2                         4E6      4E6        2         0
                stringtext1                         4DB      4DB        4         0

        CLASS   STRING         

        CLASS   CONST          

        CLASS   ENTRY          

        CLASS   COMMON         
                cstackCOMMON                         70       70        9         1
                bssCOMMON                            79       79        2         1

        CLASS   BANK0          
                cstackBANK0                          63       63        7         1
                dataBANK0                            6A       6A        3         1
                bssBANK0                             20       20       43         1
                nvBANK0                              6D       6D        2         1

        CLASS   BANK1          
                cstackBANK1                          DC       DC        2         1
                bssBANK1                             A0       A0       3C         1

        CLASS   BANK2          
                bssBANK2                            120      120       40         1

        CLASS   BANK3          

        CLASS   BANK4          

        CLASS   BANK5          

        CLASS   BANK6          

        CLASS   BIGRAM         

        CLASS   RAM            

        CLASS   ABS1           
                abs_s1                               7E       7E        2         1

        CLASS   SFR0           

        CLASS   SFR1           

        CLASS   SFR2           

        CLASS   SFR3           

        CLASS   SFR4           

        CLASS   SFR5           

        CLASS   SFR6           

        CLASS   SFR7           

        CLASS   SFR8           

        CLASS   SFR9           

        CLASS   SFR10          

        CLASS   SFR11          

        CLASS   SFR12          

        CLASS   SFR13          

        CLASS   SFR14          

        CLASS   SFR15          

        CLASS   SFR16          

        CLASS   SFR17          

        CLASS   SFR18          

        CLASS   SFR19          

        CLASS   SFR20          

        CLASS   SFR21          

        CLASS   SFR22          

        CLASS   SFR23          

        CLASS   SFR24          

        CLASS   SFR25          

        CLASS   SFR26          

        CLASS   SFR27          

        CLASS   SFR28          

        CLASS   SFR29          

        CLASS   SFR30          

        CLASS   SFR31          

        CLASS   SFR32          

        CLASS   SFR33          

        CLASS   SFR34          

        CLASS   SFR35          

        CLASS   SFR36          

        CLASS   SFR37          

        CLASS   SFR38          

        CLASS   SFR39          

        CLASS   SFR40          

        CLASS   SFR41          

        CLASS   SFR42          

        CLASS   SFR43          

        CLASS   SFR44          

        CLASS   SFR45          

        CLASS   SFR46          

        CLASS   SFR47          

        CLASS   SFR48          

        CLASS   SFR49          

        CLASS   SFR50          

        CLASS   SFR51          

        CLASS   SFR52          

        CLASS   SFR53          

        CLASS   SFR54          

        CLASS   SFR55          

        CLASS   SFR56          

        CLASS   SFR57          

        CLASS   SFR58          

        CLASS   SFR59          

        CLASS   SFR60          

        CLASS   SFR61          

        CLASS   SFR62          

        CLASS   SFR63          

        CLASS   CONFIG         
                config                             8007     8007        5         4

        CLASS   IDLOC          

        CLASS   BANK63         

        CLASS   BANK62         

        CLASS   BANK61         

        CLASS   BANK60         

        CLASS   BANK59         

        CLASS   BANK58         

        CLASS   BANK57         

        CLASS   BANK56         

        CLASS   BANK55         

        CLASS   BANK54         

        CLASS   BANK53         

        CLASS   BANK52         

        CLASS   BANK51         

        CLASS   BANK50         

        CLASS   BANK49         

        CLASS   BANK48         

        CLASS   BANK47         

        CLASS   BANK46         

        CLASS   BANK45         

        CLASS   BANK44         

        CLASS   BANK43         

        CLASS   BANK42         

        CLASS   BANK41         

        CLASS   BANK40         

        CLASS   BANK39         

        CLASS   BANK38         

        CLASS   BANK37         

        CLASS   BANK36         

        CLASS   BANK35         

        CLASS   BANK34         

        CLASS   BANK33         

        CLASS   BANK32         

        CLASS   BANK31         

        CLASS   BANK30         

        CLASS   BANK29         

        CLASS   BANK28         

        CLASS   BANK27         

        CLASS   BANK26         

        CLASS   BANK25         

        CLASS   BANK24         

        CLASS   BANK23         

        CLASS   BANK22         

        CLASS   BANK21         

        CLASS   BANK20         

        CLASS   BANK19         

        CLASS   BANK18         

        CLASS   BANK17         

        CLASS   BANK16         

        CLASS   BANK15         

        CLASS   BANK14         

        CLASS   BANK13         

        CLASS   BANK12         

        CLASS   BANK11         

        CLASS   BANK10         

        CLASS   BANK9          

        CLASS   BANK8          

        CLASS   BANK7          

        CLASS   HEAP           

        CLASS   STACK          

        CLASS   EEDATA         



SEGMENTS        Name                           Load    Length   Top    Selector   Space  Class     Delta

                reset_vec                      000000  000002  000002         0       0  CODE        2
                stringtext3                    00032E  000030  00035E       65C       0  STRCODE     2
                text28                         0004E8  000002  0004EA       9D0       0  CODE        2
                text21                         00035E  00017D  0004DB       6BC       0  CODE        2
                stringtext2                    0004E6  000002  0004E8       9CC       0  STRCODE     2
                stringtext1                    0004DB  000004  0004DF       9B6       0  STRCODE     2
                text33                         0004DF  000007  0004E6       9BE       0  CODE        2
                bssBANK0                       000020  00004F  00006F        20       1  BANK0       1
                cstackCOMMON                   000070  00000B  00007B        70       1  COMMON      1
                bssBANK2                       000120  000040  000160       120       1  BANK2       1
                intentry                       000004  00032A  00032E         8       0  CODE        2
                bssBANK1                       0000A0  00003E  0000DE        A0       1  BANK1       1


UNUSED ADDRESS RANGES

        Name                Unused          Largest block    Delta
        BANK0            0006F-0006F               1           1
        BANK1            000DE-000EF              12           1
        BANK2            00160-0016F              10           1
        BANK3            001A0-001EF              50           1
        BANK4            00220-0026F              50           1
        BANK5            002A0-002EF              50           1
        BANK6            00320-0032F              10           1
        BIGRAM           02000-021EF             1F0           1
        CODE             00002-00003               2           2
                         004EA-00FFF             316
        COMMON           0007B-0007D               3           1
        CONST            00002-00003               2           2
                         004EA-00FFF             100
        ENTRY            00002-00003               2           2
                         004EA-00FFF             100
        IDLOC            08000-08003               4           2
        RAM              0006F-0006F               1           1
                         000DE-000EF              12
                         00160-0016F              10
                         001A0-001EF              50
                         00220-0026F              50
                         002A0-002EF              50
                         00320-0032F              10
        SFR0             00000-0001F              20           1
        SFR1             00080-0009F              20           1
        SFR10            00500-0056F              70           1
        SFR11            00580-005EF              70           1
        SFR12            00600-0066F              70           1
        SFR13            00680-006EF              70           1
        SFR14            00700-0076F              70           1
        SFR15            00780-007EF              70           1
        SFR16            00800-0086F              70           1
        SFR17            00880-008EF              70           1
        SFR18            00900-0096F              70           1
        SFR19            00980-009EF              70           1
        SFR2             00100-0011F              20           1
        SFR20            00A00-00A6F              70           1
        SFR21            00A80-00AEF              70           1
        SFR22            00B00-00B6F              70           1
        SFR23            00B80-00BEF              70           1
        SFR24            00C00-00C6F              70           1
        SFR25            00C80-00CEF              70           1
        SFR26            00D00-00D6F              70           1
        SFR27            00D80-00DEF              70           1
        SFR28            00E00-00E6F              70           1
        SFR29            00E80-00EEF              70           1
        SFR3             00180-0019F              20           1
        SFR30            00F00-00F6F              70           1
        SFR31            00F80-00FEF              70           1
        SFR32            01000-0106F              70           1
        SFR33            01080-010EF              70           1
        SFR34            01100-0116F              70           1
        SFR35            01180-011EF              70           1
        SFR36            01200-0126F              70           1
        SFR37            01280-012EF              70           1
        SFR38            01300-0136F              70           1
        SFR39            01380-013EF              70           1
        SFR4             00200-0021F              20           1
        SFR40            01400-0146F              70           1
        SFR41            01480-014EF              70           1
        SFR42            01500-0156F              70           1
        SFR43            01580-015EF              70           1
        SFR44            01600-0166F              70           1
        SFR45            01680-016EF              70           1
        SFR46            01700-0176F              70           1
        SFR47            01780-017EF              70           1
        SFR48            01800-0186F              70           1
        SFR49            01880-018EF              70           1
        SFR5             00280-0029F              20           1
        SFR50            01900-0196F              70           1
        SFR51            01980-019EF              70           1
        SFR52            01A00-01A6F              70           1
        SFR53            01A80-01AEF              70           1
        SFR54            01B00-01B6F              70           1
        SFR55            01B80-01BEF              70           1
        SFR56            01C00-01C6F              70           1
        SFR57            01C80-01CEF              70           1
        SFR58            01D00-01D6F              70           1
        SFR59            01D80-01DEF              70           1
        SFR6             00300-0031F              20           1
        SFR60            01E00-01E6F              70           1
        SFR61            01E80-01EEF              70           1
        SFR62            01F00-01F6F              70           1
        SFR63            01F80-01FEF              70           1
        SFR7             00380-003EF              70           1
        SFR8             00400-0046F              70           1
        SFR9             00480-004EF              70           1
        STRCODE          00002-00003               2           2
                         004EA-00FFF             B16
        STRING           00002-00003               2           2
                         004EA-00FFF             100

                                  Symbol Table

?___wmul                                             cstackCOMMON 00072
DVRT_HandleCommand@VARcount                          cstackCOMMON 00078
DVRT_Initialize@i                                    cstackCOMMON 00075
DVRT_UART_WriteByte@txData                           cstackCOMMON 00074
DVRT_WritePacket@i                                   cstackCOMMON 00078
DVRT_WritePacket@k                                   cstackCOMMON 00077
EUSART1_FramingErrorCallbackRegister@callbackHandler cstackCOMMON 00072
EUSART1_OverrunErrorCallbackRegister@callbackHandler cstackCOMMON 00072
EUSART1_Read@readValue                               cstackCOMMON 00073
EUSART1_Read@tempRxTail                              cstackCOMMON 00072
EUSART1_ReceiveISR@regValue                          cstackCOMMON 00070
EUSART1_ReceiveISR@tempRxHead                        cstackCOMMON 00071
EUSART1_TransmitISR@tempTxTail                       cstackCOMMON 00070
EUSART1_Write@tempTxHead                             cstackCOMMON 00073
EUSART1_Write@txData                                 cstackCOMMON 00072
INT_SetInterruptHandler@InterruptHandler             cstackCOMMON 00072
PWM3_LoadDutyValue@dutyValue                         cstackCOMMON 00072
TMR2_PeriodSet@periodVal                             cstackCOMMON 00072
_ANSELA                                              (abs)        01F38
_ANSELAbits                                          (abs)        01F38
_ANSELB                                              (abs)        01F43
_ANSELC                                              (abs)        01F4E
_BAUD1CON                                            (abs)        0011F
_BAUD1CONbits                                        (abs)        0011F
_CLOCK_Initialize                                    text11       004D1
_DVCmdInterval                                       bssBANK0     00052
_DVCmdInterval_Counter                               bssBANK0     00050
_DVPMT                                               bssBANK0     00020
_DVRT_Error_Callback                                 text32       004CB
_DVRT_HandleCommand                                  text23       00063
_DVRT_Initialize                                     text8        00246
_DVRT_Process                                        text15       00130
_DVRT_ReceivedCmd                                    bssBANK1     000C0
_DVRT_UART_WriteByte                                 text20       003C1
_DVRT_WritePacket                                    text19       001A5
_DVStreamInterval                                    bssBANK0     00056
_DVStreamInterval_Counter                            bssBANK0     00054
_DVflag                                              bssBANK0     00060
_EUSART1_AutoBaudQuery                               (abs)        00000
_EUSART1_AutoBaudSet                                 (abs)        00000
_EUSART1_DefaultFramingErrorCallback                 text31       004E9
_EUSART1_DefaultOverrunErrorCallback                 text33       004DF
_EUSART1_Deinitialize                                (abs)        00000
_EUSART1_ErrorGet                                    text18       00475
_EUSART1_FramingErrorCallbackRegister                text10       0048F
_EUSART1_FramingErrorHandler                         bssBANK0     00042
_EUSART1_Initialize                                  text7        002FB
_EUSART1_IsRxReady                                   text17       004A6
_EUSART1_IsTxDone                                    (abs)        00000
_EUSART1_IsTxReady                                   text22       004AF
_EUSART1_OverrunErrorCallbackRegister                text9        00483
_EUSART1_OverrunErrorHandler                         bssBANK0     00040
_EUSART1_Read                                        text16       003F7
_EUSART1_ReceiveISR                                  text30       001F6
_EUSART1_RxCompleteCallbackRegister                  (abs)        00000
_EUSART1_RxCompleteInterruptHandler                  bssBANK0     00044
_EUSART1_RxInterruptHandler                          bssBANK0     0004C
_EUSART1_TransmitDisable                             (abs)        00000
_EUSART1_TransmitEnable                              (abs)        00000
_EUSART1_TransmitISR                                 text29       003DC
_EUSART1_TxCompleteCallbackRegister                  (abs)        00000
_EUSART1_TxCompleteInterruptHandler                  bssBANK0     00046
_EUSART1_TxInterruptHandler                          bssBANK0     0004E
_EUSART1_Write                                       text21       0035E
_INLVLA                                              (abs)        01F3C
_INLVLB                                              (abs)        01F47
_INLVLC                                              (abs)        01F52
_INTCONbits                                          (abs)        0000B
_INTERRUPT_Initialize                                text5        0049B
_INTERRUPT_InterruptManager                          intentry     00004
_INT_DefaultInterruptHandler                         (abs)        00000
_INT_InterruptHandler                                bssBANK0     0004A
_INT_SetInterruptHandler                             text6        004C5
_IOCAF                                               (abs)        01F3F
_IOCAN                                               (abs)        01F3E
_IOCAP                                               (abs)        01F3D
_IOCBF                                               (abs)        01F4A
_IOCBN                                               (abs)        01F49
_IOCBP                                               (abs)        01F48
_IOCCF                                               (abs)        01F55
_IOCCN                                               (abs)        01F54
_IOCCP                                               (abs)        01F53
_LATA                                                (abs)        00018
_LATB                                                (abs)        00019
_LATC                                                (abs)        0001A
_ODCONA                                              (abs)        01F3A
_ODCONB                                              (abs)        01F45
_ODCONC                                              (abs)        01F50
_OSCEN                                               (abs)        00891
_OSCFRQ                                              (abs)        00893
_OSCTUNE                                             (abs)        00892
_PIE1bits                                            (abs)        00717
_PIN_MANAGER_Initialize                              text4        002C6
_PIR0bits                                            (abs)        0070C
_PIR1bits                                            (abs)        0070D
_PWM3CON                                             (abs)        00316
_PWM3DCH                                             (abs)        00315
_PWM3DCL                                             (abs)        00314
_PWM3_Initialize                                     text3        004B8
_PWM3_Initialize2                                    text12       00381
_PWM3_LoadDutyValue                                  text14       00427
_RA2PPS                                              (abs)        01F12
_RC0PPS                                              (abs)        01F20
_RC1REG                                              (abs)        00119
_RC1STA                                              (abs)        0011D
_RC1STAbits                                          (abs)        0011D
_RX1PPS                                              (abs)        01ECB
_SLRCONA                                             (abs)        01F3B
_SLRCONB                                             (abs)        01F46
_SLRCONC                                             (abs)        01F51
_SP1BRGH                                             (abs)        0011C
_SP1BRGL                                             (abs)        0011B
_SYSTEM_Initialize                                   text1        00411
_T2CLKCON                                            (abs)        00290
_T2CON                                               (abs)        0028E
_T2CONbits                                           (abs)        0028E
_T2HLT                                               (abs)        0028F
_T2HLTbits                                           (abs)        0028F
_T2PR                                                (abs)        0028D
_T2RST                                               (abs)        00291
_T2RSTbits                                           (abs)        00291
_T2TMR                                               (abs)        0028C
_TMR2_DefaultPeriodMatchCallback                     text28       004E8
_TMR2_ISR                                            text27       00463
_TMR2_Initialize                                     text2        0043C
_TMR2_PeriodMatchCallback                            nvBANK0      0006D
_TMR2_PeriodSet                                      text13       004D6
_TRISA                                               (abs)        00012
_TRISAbits                                           (abs)        00012
_TRISB                                               (abs)        00013
_TRISC                                               (abs)        00014
_TX1REG                                              (abs)        0011A
_TX1STA                                              (abs)        0011E
_TX1STAbits                                          (abs)        0011E
_UART1                                               stringtext3  0032E
_WPUA                                                (abs)        01F39
_WPUB                                                (abs)        01F44
_WPUC                                                (abs)        01F4F
__H__absolute__                                      __absolute__ 00000
__Habs1                                              abs1         00000
__Hbank0                                             bank0        00000
__Hbank1                                             bank1        00000
__Hbank10                                            bank10       00000
__Hbank11                                            bank11       00000
__Hbank12                                            bank12       00000
__Hbank13                                            bank13       00000
__Hbank14                                            bank14       00000
__Hbank15                                            bank15       00000
__Hbank16                                            bank16       00000
__Hbank17                                            bank17       00000
__Hbank18                                            bank18       00000
__Hbank19                                            bank19       00000
__Hbank2                                             bank2        00000
__Hbank20                                            bank20       00000
__Hbank21                                            bank21       00000
__Hbank22                                            bank22       00000
__Hbank23                                            bank23       00000
__Hbank24                                            bank24       00000
__Hbank25                                            bank25       00000
__Hbank26                                            bank26       00000
__Hbank27                                            bank27       00000
__Hbank28                                            bank28       00000
__Hbank29                                            bank29       00000
__Hbank3                                             bank3        00000
__Hbank30                                            bank30       00000
__Hbank31                                            bank31       00000
__Hbank32                                            bank32       00000
__Hbank33                                            bank33       00000
__Hbank34                                            bank34       00000
__Hbank35                                            bank35       00000
__Hbank36                                            bank36       00000
__Hbank37                                            bank37       00000
__Hbank38                                            bank38       00000
__Hbank39                                            bank39       00000
__Hbank4                                             bank4        00000
__Hbank40                                            bank40       00000
__Hbank41                                            bank41       00000
__Hbank42                                            bank42       00000
__Hbank43                                            bank43       00000
__Hbank44                                            bank44       00000
__Hbank45                                            bank45       00000
__Hbank46                                            bank46       00000
__Hbank47                                            bank47       00000
__Hbank48                                            bank48       00000
__Hbank49                                            bank49       00000
__Hbank5                                             bank5        00000
__Hbank50                                            bank50       00000
__Hbank51                                            bank51       00000
__Hbank52                                            bank52       00000
__Hbank53                                            bank53       00000
__Hbank54                                            bank54       00000
__Hbank55                                            bank55       00000
__Hbank56                                            bank56       00000
__Hbank57                                            bank57       00000
__Hbank58                                            bank58       00000
__Hbank59                                            bank59       00000
__Hbank6                                             bank6        00000
__Hbank60                                            bank60       00000
__Hbank61                                            bank61       00000
__Hbank62                                            bank62       00000
__Hbank63                                            bank63       00000
__Hbank7                                             bank7        00000
__Hbank8                                             bank8        00000
__Hbank9                                             bank9        00000
__Hbigram                                            bigram       00000
__HbssBANK0                                          bssBANK0     00000
__HbssBANK1                                          bssBANK1     00000
__HbssBANK2                                          bssBANK2     00000
__HbssCOMMON                                         bssCOMMON    00000
__Hcinit                                             cinit        00063
__Hclrtext                                           clrtext      00000
__Hcode                                              code         00000
__Hcommon                                            common       00000
__Hconfig                                            config       0800C
__HcstackBANK0                                       cstackBANK0  00000
__HcstackBANK1                                       cstackBANK1  00000
__HcstackCOMMON                                      cstackCOMMON 00000
__HdataBANK0                                         dataBANK0    00000
__Heeprom_data                                       eeprom_data  00000
__Hend_init                                          end_init     00039
__Hfunctab                                           functab      00000
__Hheap                                              heap         00000
__HidataBANK0                                        idataBANK0   00000
__Hinit                                              init         00037
__Hintentry                                          intentry     00037
__Hmaintext                                          maintext     00000
__HnvBANK0                                           nvBANK0      00000
__Hpowerup                                           powerup      00000
__Hram                                               ram          00000
__Hreset_vec                                         reset_vec    00002
__Hsfr0                                              sfr0         00000
__Hsfr1                                              sfr1         00000
__Hsfr10                                             sfr10        00000
__Hsfr11                                             sfr11        00000
__Hsfr12                                             sfr12        00000
__Hsfr13                                             sfr13        00000
__Hsfr14                                             sfr14        00000
__Hsfr15                                             sfr15        00000
__Hsfr16                                             sfr16        00000
__Hsfr17                                             sfr17        00000
__Hsfr18                                             sfr18        00000
__Hsfr19                                             sfr19        00000
__Hsfr2                                              sfr2         00000
__Hsfr20                                             sfr20        00000
__Hsfr21                                             sfr21        00000
__Hsfr22                                             sfr22        00000
__Hsfr23                                             sfr23        00000
__Hsfr24                                             sfr24        00000
__Hsfr25                                             sfr25        00000
__Hsfr26                                             sfr26        00000
__Hsfr27                                             sfr27        00000
__Hsfr28                                             sfr28        00000
__Hsfr29                                             sfr29        00000
__Hsfr3                                              sfr3         00000
__Hsfr30                                             sfr30        00000
__Hsfr31                                             sfr31        00000
__Hsfr32                                             sfr32        00000
__Hsfr33                                             sfr33        00000
__Hsfr34                                             sfr34        00000
__Hsfr35                                             sfr35        00000
__Hsfr36                                             sfr36        00000
__Hsfr37                                             sfr37        00000
__Hsfr38                                             sfr38        00000
__Hsfr39                                             sfr39        00000
__Hsfr4                                              sfr4         00000
__Hsfr40                                             sfr40        00000
__Hsfr41                                             sfr41        00000
__Hsfr42                                             sfr42        00000
__Hsfr43                                             sfr43        00000
__Hsfr44                                             sfr44        00000
__Hsfr45                                             sfr45        00000
__Hsfr46                                             sfr46        00000
__Hsfr47                                             sfr47        00000
__Hsfr48                                             sfr48        00000
__Hsfr49                                             sfr49        00000
__Hsfr5                                              sfr5         00000
__Hsfr50                                             sfr50        00000
__Hsfr51                                             sfr51        00000
__Hsfr52                                             sfr52        00000
__Hsfr53                                             sfr53        00000
__Hsfr54                                             sfr54        00000
__Hsfr55                                             sfr55        00000
__Hsfr56                                             sfr56        00000
__Hsfr57                                             sfr57        00000
__Hsfr58                                             sfr58        00000
__Hsfr59                                             sfr59        00000
__Hsfr6                                              sfr6         00000
__Hsfr60                                             sfr60        00000
__Hsfr61                                             sfr61        00000
__Hsfr62                                             sfr62        00000
__Hsfr63                                             sfr63        00000
__Hsfr7                                              sfr7         00000
__Hsfr8                                              sfr8         00000
__Hsfr9                                              sfr9         00000
__Hsivt                                              sivt         00037
__Hspace_0                                           (abs)        004EA
__Hspace_1                                           (abs)        00160
__Hspace_2                                           (abs)        00000
__Hspace_3                                           (abs)        00000
__Hspace_4                                           (abs)        10013
__Hstack                                             stack        00000
__Hstrings                                           strings      00000
__Hstringtext1                                       stringtext1  00000
__Hstringtext2                                       stringtext2  00000
__Hstringtext3                                       stringtext3  00000
__Htext                                              text         00000
__L__absolute__                                      __absolute__ 00000
__Labs1                                              abs1         00000
__Lbank0                                             bank0        00000
__Lbank1                                             bank1        00000
__Lbank10                                            bank10       00000
__Lbank11                                            bank11       00000
__Lbank12                                            bank12       00000
__Lbank13                                            bank13       00000
__Lbank14                                            bank14       00000
__Lbank15                                            bank15       00000
__Lbank16                                            bank16       00000
__Lbank17                                            bank17       00000
__Lbank18                                            bank18       00000
__Lbank19                                            bank19       00000
__Lbank2                                             bank2        00000
__Lbank20                                            bank20       00000
__Lbank21                                            bank21       00000
__Lbank22                                            bank22       00000
__Lbank23                                            bank23       00000
__Lbank24                                            bank24       00000
__Lbank25                                            bank25       00000
__Lbank26                                            bank26       00000
__Lbank27                                            bank27       00000
__Lbank28                                            bank28       00000
__Lbank29                                            bank29       00000
__Lbank3                                             bank3        00000
__Lbank30                                            bank30       00000
__Lbank31                                            bank31       00000
__Lbank32                                            bank32       00000
__Lbank33                                            bank33       00000
__Lbank34                                            bank34       00000
__Lbank35                                            bank35       00000
__Lbank36                                            bank36       00000
__Lbank37                                            bank37       00000
__Lbank38                                            bank38       00000
__Lbank39                                            bank39       00000
__Lbank4                                             bank4        00000
__Lbank40                                            bank40       00000
__Lbank41                                            bank41       00000
__Lbank42                                            bank42       00000
__Lbank43                                            bank43       00000
__Lbank44                                            bank44       00000
__Lbank45                                            bank45       00000
__Lbank46                                            bank46       00000
__Lbank47                                            bank47       00000
__Lbank48                                            bank48       00000
__Lbank49                                            bank49       00000
__Lbank5                                             bank5        00000
__Lbank50                                            bank50       00000
__Lbank51                                            bank51       00000
__Lbank52                                            bank52       00000
__Lbank53                                            bank53       00000
__Lbank54                                            bank54       00000
__Lbank55                                            bank55       00000
__Lbank56                                            bank56       00000
__Lbank57                                            bank57       00000
__Lbank58                                            bank58       00000
__Lbank59                                            bank59       00000
__Lbank6                                             bank6        00000
__Lbank60                                            bank60       00000
__Lbank61                                            bank61       00000
__Lbank62                                            bank62       00000
__Lbank63                                            bank63       00000
__Lbank7                                             bank7        00000
__Lbank8                                             bank8        00000
__Lbank9                                             bank9        00000
__Lbigram                                            bigram       00000
__LbssBANK0                                          bssBANK0     00000
__LbssBANK1                                          bssBANK1     00000
__LbssBANK2                                          bssBANK2     00000
__LbssCOMMON                                         bssCOMMON    00000
__Lcinit                                             cinit        00039
__Lclrtext                                           clrtext      00000
__Lcode                                              code         00000
__Lcommon                                            common       00000
__Lconfig                                            config       00000
__LcstackBANK0                                       cstackBANK0  00000
__LcstackBANK1                                       cstackBANK1  00000
__LcstackCOMMON                                      cstackCOMMON 00000
__LdataBANK0                                         dataBANK0    00000
__Leeprom_data                                       eeprom_data  00000
__Lend_init                                          end_init     00037
__Lfunctab                                           functab      00000
__Lheap                                              heap         00000
__LidataBANK0                                        idataBANK0   00000
__Linit                                              init         00037
__Lintentry                                          intentry     00004
__Lmaintext                                          maintext     00000
__LnvBANK0                                           nvBANK0      00000
__Lpowerup                                           powerup      00000
__Lram                                               ram          00000
__Lreset_vec                                         reset_vec    00000
__Lsfr0                                              sfr0         00000
__Lsfr1                                              sfr1         00000
__Lsfr10                                             sfr10        00000
__Lsfr11                                             sfr11        00000
__Lsfr12                                             sfr12        00000
__Lsfr13                                             sfr13        00000
__Lsfr14                                             sfr14        00000
__Lsfr15                                             sfr15        00000
__Lsfr16                                             sfr16        00000
__Lsfr17                                             sfr17        00000
__Lsfr18                                             sfr18        00000
__Lsfr19                                             sfr19        00000
__Lsfr2                                              sfr2         00000
__Lsfr20                                             sfr20        00000
__Lsfr21                                             sfr21        00000
__Lsfr22                                             sfr22        00000
__Lsfr23                                             sfr23        00000
__Lsfr24                                             sfr24        00000
__Lsfr25                                             sfr25        00000
__Lsfr26                                             sfr26        00000
__Lsfr27                                             sfr27        00000
__Lsfr28                                             sfr28        00000
__Lsfr29                                             sfr29        00000
__Lsfr3                                              sfr3         00000
__Lsfr30                                             sfr30        00000
__Lsfr31                                             sfr31        00000
__Lsfr32                                             sfr32        00000
__Lsfr33                                             sfr33        00000
__Lsfr34                                             sfr34        00000
__Lsfr35                                             sfr35        00000
__Lsfr36                                             sfr36        00000
__Lsfr37                                             sfr37        00000
__Lsfr38                                             sfr38        00000
__Lsfr39                                             sfr39        00000
__Lsfr4                                              sfr4         00000
__Lsfr40                                             sfr40        00000
__Lsfr41                                             sfr41        00000
__Lsfr42                                             sfr42        00000
__Lsfr43                                             sfr43        00000
__Lsfr44                                             sfr44        00000
__Lsfr45                                             sfr45        00000
__Lsfr46                                             sfr46        00000
__Lsfr47                                             sfr47        00000
__Lsfr48                                             sfr48        00000
__Lsfr49                                             sfr49        00000
__Lsfr5                                              sfr5         00000
__Lsfr50                                             sfr50        00000
__Lsfr51                                             sfr51        00000
__Lsfr52                                             sfr52        00000
__Lsfr53                                             sfr53        00000
__Lsfr54                                             sfr54        00000
__Lsfr55                                             sfr55        00000
__Lsfr56                                             sfr56        00000
__Lsfr57                                             sfr57        00000
__Lsfr58                                             sfr58        00000
__Lsfr59                                             sfr59        00000
__Lsfr6                                              sfr6         00000
__Lsfr60                                             sfr60        00000
__Lsfr61                                             sfr61        00000
__Lsfr62                                             sfr62        00000
__Lsfr63                                             sfr63        00000
__Lsfr7                                              sfr7         00000
__Lsfr8                                              sfr8         00000
__Lsfr9                                              sfr9         00000
__Lsivt                                              sivt         00037
__Lspace_0                                           (abs)        00000
__Lspace_1                                           (abs)        00000
__Lspace_2                                           (abs)        00000
__Lspace_3                                           (abs)        00000
__Lspace_4                                           (abs)        00000
__Lstack                                             stack        00000
__Lstrings                                           strings      00000
__Lstringtext1                                       stringtext1  00000
__Lstringtext2                                       stringtext2  00000
__Lstringtext3                                       stringtext3  00000
__Ltext                                              text         00000
__S0                                                 (abs)        004EA
__S1                                                 (abs)        00160
___bmul                                              text25       00450
___bmul@multiplicand                                 cstackCOMMON 00072
___bmul@multiplier                                   cstackCOMMON 00074
___bmul@product                                      cstackCOMMON 00073
___heap_hi                                           (abs)        00000
___heap_lo                                           (abs)        00000
___int_sp                                            stack        00000
___int_stack_hi                                      stack        00000
___int_stack_lo                                      stack        00000
___latbits                                           (abs)        00001
___sp                                                stack        00000
___stack_hi                                          stack        00000
___stack_lo                                          stack        00000
___stackhi                                           (abs)        00000
___stacklo                                           (abs)        00000
___wmul                                              text24       003A2
___wmul@multiplicand                                 cstackCOMMON 00074
___wmul@multiplier                                   cstackCOMMON 00072
___wmul@product                                      cstackCOMMON 00076
__end_of_CLOCK_Initialize                            text11       004D6
__end_of_DVRT                                        stringtext1  004DF
__end_of_DVRT_Error_Callback                         text32       004D1
__end_of_DVRT_HandleCommand                          text23       00130
__end_of_DVRT_Initialize                             text8        0028C
__end_of_DVRT_Process                                text15       001A5
__end_of_DVRT_UART_WriteByte                         text20       003DC
__end_of_DVRT_WritePacket                            text19       001F6
__end_of_EUSART1_DefaultFramingErrorCallback         text31       004EA
__end_of_EUSART1_DefaultOverrunErrorCallback         text33       004E3
__end_of_EUSART1_ErrorGet                            text18       00483
__end_of_EUSART1_FramingErrorCallbackRegister        text10       0049B
__end_of_EUSART1_Initialize                          text7        0032E
__end_of_EUSART1_IsRxReady                           text17       004AF
__end_of_EUSART1_IsTxReady                           text22       004B8
__end_of_EUSART1_OverrunErrorCallbackRegister        text9        0048F
__end_of_EUSART1_Read                                text16       00411
__end_of_EUSART1_ReceiveISR                          text30       00246
__end_of_EUSART1_TransmitISR                         text29       003F7
__end_of_EUSART1_Write                               text21       00381
__end_of_INTERRUPT_Initialize                        text5        004A6
__end_of_INTERRUPT_InterruptManager                  intentry     00037
__end_of_INT_SetInterruptHandler                     text6        004CB
__end_of_PIN_MANAGER_Initialize                      text4        002FB
__end_of_PWM3_Initialize                             text3        004BF
__end_of_PWM3_Initialize2                            text12       003A2
__end_of_PWM3_LoadDutyValue                          text14       0043C
__end_of_SYSTEM_Initialize                           text1        00427
__end_of_TMR2_DefaultPeriodMatchCallback             text28       004E9
__end_of_TMR2_ISR                                    text27       00475
__end_of_TMR2_Initialize                             text2        00450
__end_of_TMR2_PeriodSet                              text13       004DB
__end_of_UART1                                       stringtext3  0035E
__end_of___bmul                                      text25       00463
__end_of___wmul                                      text24       003C1
__end_of__initialization                             cinit        0005F
__end_of_dvIdFw                                      stringtext2  004E8
__end_of_main                                        maintext     002C6
__initialization                                     cinit        00039
__pbssBANK0                                          bssBANK0     00020
__pbssBANK1                                          bssBANK1     000A0
__pbssBANK2                                          bssBANK2     00120
__pbssCOMMON                                         bssCOMMON    00079
__pcstackBANK0                                       cstackBANK0  00063
__pcstackBANK1                                       cstackBANK1  000DC
__pcstackCOMMON                                      cstackCOMMON 00070
__pdataBANK0                                         dataBANK0    0006A
__pidataBANK0                                        idataBANK0   004E3
__pintentry                                          intentry     00004
__pmaintext                                          maintext     0028C
__pnvBANK0                                           nvBANK0      0006D
__pstringtext1                                       stringtext1  004DB
__pstringtext2                                       stringtext2  004E6
__pstringtext3                                       stringtext3  0032E
__ptext1                                             text1        00411
__ptext10                                            text10       0048F
__ptext11                                            text11       004D1
__ptext12                                            text12       00381
__ptext13                                            text13       004D6
__ptext14                                            text14       00427
__ptext15                                            text15       00130
__ptext16                                            text16       003F7
__ptext17                                            text17       004A6
__ptext18                                            text18       00475
__ptext19                                            text19       001A5
__ptext2                                             text2        0043C
__ptext20                                            text20       003C1
__ptext21                                            text21       0035E
__ptext22                                            text22       004AF
__ptext23                                            text23       00063
__ptext24                                            text24       003A2
__ptext25                                            text25       00450
__ptext27                                            text27       00463
__ptext28                                            text28       004E8
__ptext29                                            text29       003DC
__ptext3                                             text3        004B8
__ptext30                                            text30       001F6
__ptext31                                            text31       004E9
__ptext32                                            text32       004CB
__ptext33                                            text33       004DF
__ptext4                                             text4        002C6
__ptext5                                             text5        0049B
__ptext6                                             text6        004C5
__ptext7                                             text7        002FB
__ptext8                                             text8        00246
__ptext9                                             text9        00483
_dutyValue                                           bssBANK0     0005A
_dvIdFw                                              stringtext2  004E6
_error                                               bssBANK0     00058
_eusart1RxBuffer                                     bssBANK1     000A0
_eusart1RxCount                                      bssBANK0     0005B
_eusart1RxHead                                       bssCOMMON    0007A
_eusart1RxLastError                                  bssBANK0     00048
_eusart1RxStatusBuffer                               bssBANK2     00120
_eusart1RxTail                                       bssCOMMON    00079
_eusart1TxBuffer                                     bssBANK0     00038
_eusart1TxBufferRemaining                            bssBANK0     0005C
_eusart1TxHead                                       bssBANK0     0005E
_eusart1TxTail                                       bssBANK0     0005D
_main                                                maintext     0028C
_rxBufPtr                                            bssBANK0     00062
_tickCounter                                         bssBANK0     00061
_xwaitPeriod                                         bssBANK0     0005F
btemp                                                (abs)        0007E
clear_ram0                                           clrtext      004BF
end_of_initialization                                cinit        0005F
int$flags                                            (abs)        0007E
intlevel0                                            functab      00000
intlevel1                                            functab      00000
intlevel2                                            functab      00000
intlevel3                                            functab      00000
intlevel4                                            functab      00000
intlevel5                                            functab      00000
main@increment                                       dataBANK0    0006C
reset_vec                                            reset_vec    00000
start                                                init         00037
start_initialization                                 cinit        00039
wtemp0                                               (abs)        0007E


MODULE INFORMATION

Module		Function		Class		Link	Load	Size
mcc_generated_files/DVRT/src/DVRunTime.c
		_DVRT_Initialize		CODE           	0246	0000	70
		_DVRT_WritePacket		CODE           	01A5	0000	81
		_DVRT_HandleCommand		CODE           	0063	0000	205
		_DVRT_UART_WriteByte		CODE           	03C1	0000	27
		_DVRT_Error_Callback		CODE           	04CB	0000	6
		_DVRT_Process  		CODE           	0130	0000	117

mcc_generated_files/DVRT/src/DVRunTime.c estimated size: 506

/opt/microchip/xc8/v3.00/pic/sources/c99/common/Umul8.c
		___bmul        		CODE           	0450	0000	19

/opt/microchip/xc8/v3.00/pic/sources/c99/common/Umul8.c estimated size: 19

mcc_generated_files/system/src/interrupt.c
		_INT_SetInterruptHandler		CODE           	04C5	0000	6
		_INTERRUPT_Initialize		CODE           	049B	0000	11
		_INTERRUPT_InterruptManager		CODE           	0004	0000	51

mcc_generated_files/system/src/interrupt.c estimated size: 68

mcc_generated_files/pwm/src/pwm3.c
		_PWM3_Initialize		CODE           	04B8	0000	7
		_PWM3_LoadDutyValue		CODE           	0427	0000	21

mcc_generated_files/pwm/src/pwm3.c estimated size: 28

/opt/microchip/xc8/v3.00/pic/sources/c99/common/Umul16.c
		___wmul        		CODE           	03A2	0000	31

/opt/microchip/xc8/v3.00/pic/sources/c99/common/Umul16.c estimated size: 31

mcc_generated_files/system/src/pins.c
		_PIN_MANAGER_Initialize		CODE           	02C6	0000	53

mcc_generated_files/system/src/pins.c estimated size: 53

shared
		_dvIdFw        		STRCODE        	04E6	0000	2
		_DVRT          		STRCODE        	0000	0000	0
		__initialization		CODE           	0039	0000	38
		_UART1         		STRCODE        	032E	0000	48

shared estimated size: 88

mcc_generated_files/timer/src/tmr2.c
		_TMR2_ISR      		CODE           	0463	0000	18
		_TMR2_PeriodSet		CODE           	04D6	0000	5
		_TMR2_Initialize		CODE           	043C	0000	20
		_TMR2_DefaultPeriodMatchCallback		CODE           	04E8	0000	1

mcc_generated_files/timer/src/tmr2.c estimated size: 44

mcc_generated_files/system/src/clock.c
		_CLOCK_Initialize		CODE           	04D1	0000	5

mcc_generated_files/system/src/clock.c estimated size: 5

main.c
		_main          		CODE           	028C	0000	58
		_PWM3_Initialize2		CODE           	0381	0000	33

main.c estimated size: 91

mcc_generated_files/uart/src/eusart1.c
		_EUSART1_Initialize		CODE           	02FB	0000	51
		_EUSART1_ReceiveISR		CODE           	01F6	0000	80
		_EUSART1_DefaultFramingErrorCallback		CODE           	04E9	0000	1
		_EUSART1_Read  		CODE           	03F7	0000	26
		_EUSART1_ErrorGet		CODE           	0475	0000	14
		_EUSART1_Write 		CODE           	035E	0000	35
		_EUSART1_TransmitISR		CODE           	03DC	0000	27
		_EUSART1_FramingErrorCallbackRegister		CODE           	048F	0000	12
		_EUSART1_IsRxReady		CODE           	04A6	0000	9
		_EUSART1_IsTxReady		CODE           	04AF	0000	9
		_EUSART1_OverrunErrorCallbackRegister		CODE           	0483	0000	12
		_EUSART1_DefaultOverrunErrorCallback		CODE           	04DF	0000	4

mcc_generated_files/uart/src/eusart1.c estimated size: 280

mcc_generated_files/system/src/system.c
		_SYSTEM_Initialize		CODE           	0411	0000	22

mcc_generated_files/system/src/system.c estimated size: 22

