../Src/AudioPlayer_nucleo-c031c6/audioPlayer.c:51:8:AudioPlayer_initial	0	static
../Src/AudioPlayer_nucleo-c031c6/audioPlayer.c:247:8:AudioPlayer_BT_Init	0	static
../Src/AudioPlayer_nucleo-c031c6/audioPlayer.c:270:8:AudioPlayer_Pairing	0	static
../Src/AudioPlayer_nucleo-c031c6/audioPlayer.c:287:8:AudioPlayer_Pair	0	static
../Src/AudioPlayer_nucleo-c031c6/audioPlayer.c:69:8:AudioPlayer_MODE	8	static
../Src/AudioPlayer_nucleo-c031c6/audioPlayer.c:148:8:AudioPlayer_Radio	8	static
../Src/AudioPlayer_nucleo-c031c6/audioPlayer.c:198:8:AudioPlayer_Bluetooth	8	static
../Src/AudioPlayer_nucleo-c031c6/audioPlayer.c:299:8:AudioPlayer_SD_card_Input	8	static
../Src/AudioPlayer_nucleo-c031c6/audioPlayer.c:353:8:AudioPlayer_OFF	8	static
../Src/AudioPlayer_nucleo-c031c6/audioPlayer.c:376:6:AudioPlayer_ctor	16	static
