../Core/Src/appfiles/src/bsp.c:90:6:orangeOn	0	static
../Core/Src/appfiles/src/bsp.c:91:6:orangeOff	0	static
../Core/Src/appfiles/src/bsp.c:93:6:greenOn	0	static
../Core/Src/appfiles/src/bsp.c:94:6:greenOff	0	static
../Core/Src/appfiles/src/bsp.c:96:6:redOn	0	static
../Core/Src/appfiles/src/bsp.c:97:6:redOff	0	static
../Core/Src/appfiles/src/bsp.c:99:6:blueOn	0	static
../Core/Src/appfiles/src/bsp.c:100:6:blueOff	0	static
../Core/Src/appfiles/src/bsp.c:103:9:already_requested	16	static
../Core/Src/appfiles/src/bsp.c:124:6:unregister_request	16	static
../Core/Src/appfiles/src/bsp.c:133:9:registry_Empyt	8	static
../Core/Src/appfiles/src/bsp.c:111:6:register_request	8	static
../Core/Src/appfiles/src/bsp.c:142:10:getLowestRequest	8	static
../Core/Src/appfiles/src/bsp.c:159:10:getHighestRequest	8	static
../Core/Src/appfiles/src/bsp.c:183:6:SysTick_Handler	8	static,ignoring_inline_asm
../Core/Src/appfiles/src/bsp.c:295:10:SystemClock_Config	88	static
../Core/Src/appfiles/src/bsp.c:341:10:MX_GPIO_Init	48	static
../Core/Src/appfiles/src/bsp.c:232:6:BSP_init	40	static,ignoring_inline_asm
../Core/Src/appfiles/src/bsp.c:370:6:BSP_start	24	static
../Core/Src/appfiles/src/bsp.c:390:12:Q_onError	0	static
../Core/Src/appfiles/src/bsp.c:408:6:assert_failed	0	static
../Core/Src/appfiles/src/bsp.c:413:6:Error_Handler	0	static
../Core/Src/appfiles/src/bsp.c:421:6:QF_onStartup	8	static,ignoring_inline_asm
../Core/Src/appfiles/src/bsp.c:446:6:QF_onCleanup	0	static
../Core/Src/appfiles/src/bsp.c:449:6:QV_onIdle	0	static
