../Core/Src/qf/qf_time.c:48:6:QTimeEvt_ctorX	24	static
../Core/Src/qf/qf_time.c:73:6:QTimeEvt_armX	16	static
../Core/Src/qf/qf_time.c:137:6:QTimeEvt_disarm	8	static
../Core/Src/qf/qf_time.c:181:6:QTimeEvt_rearm	16	static
../Core/Src/qf/qf_time.c:250:6:QTimeEvt_wasDisarmed	16	static
../Core/Src/qf/qf_time.c:264:13:QTimeEvt_currCtr	8	static
../Core/Src/qf/qf_time.c:275:6:QTimeEvt_init	0	static
../Core/Src/qf/qf_time.c:377:6:QTimeEvt_noActive	8	static
../Core/Src/qf/qf_time.c:398:12:QTimeEvt_expire_	0	static
../Core/Src/qf/qf_time.c:287:6:QTimeEvt_tick_	24	static
