../Src/AudioPlayer_nucleo-c031c6/qk/bsp.c:87:12:Q_onError	0	static
../Src/AudioPlayer_nucleo-c031c6/qk/bsp.c:108:6:assert_failed	0	static
../Src/AudioPlayer_nucleo-c031c6/qk/bsp.c:115:6:SysTick_Handler	16	static
../Src/AudioPlayer_nucleo-c031c6/qk/bsp.c:229:6:BSP_init	16	static,ignoring_inline_asm
../Src/AudioPlayer_nucleo-c031c6/qk/bsp.c:296:6:BSP_start	24	static
../Src/AudioPlayer_nucleo-c031c6/qk/bsp.c:337:6:BSP_displayPaused	0	static
../Src/AudioPlayer_nucleo-c031c6/qk/bsp.c:352:6:BSP_terminate	0	static
../Src/AudioPlayer_nucleo-c031c6/qk/bsp.c:358:6:QF_onStartup	8	static
../Src/AudioPlayer_nucleo-c031c6/qk/bsp.c:380:6:QF_onCleanup	0	static
../Src/AudioPlayer_nucleo-c031c6/qk/bsp.c:384:6:QK_onIdle	0	static
../Src/AudioPlayer_nucleo-c031c6/qk/bsp.c:514:6:bspMute	0	static
../Src/AudioPlayer_nucleo-c031c6/qk/bsp.c:516:6:BspSeekNext	0	static
../Src/AudioPlayer_nucleo-c031c6/qk/bsp.c:517:6:BspSeekPrev	0	static
../Src/AudioPlayer_nucleo-c031c6/qk/bsp.c:519:6:BspTramitSignal	0	static
../Src/AudioPlayer_nucleo-c031c6/qk/bsp.c:520:6:bspTrasNext	0	static
../Src/AudioPlayer_nucleo-c031c6/qk/bsp.c:521:6:bspTrasPrev	0	static
../Src/AudioPlayer_nucleo-c031c6/qk/bsp.c:523:6:bspResumeRead	0	static
../Src/AudioPlayer_nucleo-c031c6/qk/bsp.c:524:6:bspSaveReadState	0	static
../Src/AudioPlayer_nucleo-c031c6/qk/bsp.c:526:6:bspUnmountSDCard	0	static
../Src/AudioPlayer_nucleo-c031c6/qk/bsp.c:527:6:bspMountSDCard	0	static
../Src/AudioPlayer_nucleo-c031c6/qk/bsp.c:529:6:bspPauseRead	0	static
../Src/AudioPlayer_nucleo-c031c6/qk/bsp.c:530:6:bspReadNext	0	static
../Src/AudioPlayer_nucleo-c031c6/qk/bsp.c:531:6:bspReadPrev	0	static
