Archive member included to satisfy reference by file (symbol)

/opt/st/stm32cubeide_1.18.0/plugins/com.st.stm32cube.ide.mcu.externaltools.gnu-tools-for-stm32.13.3.rel1.linux64_1.0.0.202410170706/tools/bin/../lib/gcc/arm-none-eabi/13.3.1/../../../../arm-none-eabi/lib/thumb/v7e-m+fp/hard/libc_nano.a(libc_a-exit.o)
                              /opt/st/stm32cubeide_1.18.0/plugins/com.st.stm32cube.ide.mcu.externaltools.gnu-tools-for-stm32.13.3.rel1.linux64_1.0.0.202410170706/tools/bin/../lib/gcc/arm-none-eabi/13.3.1/../../../../arm-none-eabi/lib/thumb/v7e-m+fp/hard/crt0.o (exit)
/opt/st/stm32cubeide_1.18.0/plugins/com.st.stm32cube.ide.mcu.externaltools.gnu-tools-for-stm32.13.3.rel1.linux64_1.0.0.202410170706/tools/bin/../lib/gcc/arm-none-eabi/13.3.1/../../../../arm-none-eabi/lib/thumb/v7e-m+fp/hard/libc_nano.a(libc_a-findfp.o)
                              /opt/st/stm32cubeide_1.18.0/plugins/com.st.stm32cube.ide.mcu.externaltools.gnu-tools-for-stm32.13.3.rel1.linux64_1.0.0.202410170706/tools/bin/../lib/gcc/arm-none-eabi/13.3.1/../../../../arm-none-eabi/lib/thumb/v7e-m+fp/hard/libc_nano.a(libc_a-exit.o) (__stdio_exit_handler)
/opt/st/stm32cubeide_1.18.0/plugins/com.st.stm32cube.ide.mcu.externaltools.gnu-tools-for-stm32.13.3.rel1.linux64_1.0.0.202410170706/tools/bin/../lib/gcc/arm-none-eabi/13.3.1/../../../../arm-none-eabi/lib/thumb/v7e-m+fp/hard/libc_nano.a(libc_a-fwalk.o)
                              /opt/st/stm32cubeide_1.18.0/plugins/com.st.stm32cube.ide.mcu.externaltools.gnu-tools-for-stm32.13.3.rel1.linux64_1.0.0.202410170706/tools/bin/../lib/gcc/arm-none-eabi/13.3.1/../../../../arm-none-eabi/lib/thumb/v7e-m+fp/hard/libc_nano.a(libc_a-findfp.o) (_fwalk_sglue)
/opt/st/stm32cubeide_1.18.0/plugins/com.st.stm32cube.ide.mcu.externaltools.gnu-tools-for-stm32.13.3.rel1.linux64_1.0.0.202410170706/tools/bin/../lib/gcc/arm-none-eabi/13.3.1/../../../../arm-none-eabi/lib/thumb/v7e-m+fp/hard/libc_nano.a(libc_a-puts.o)
                              ./USB_DEVICE/App/usbd_cdc_if.o (puts)
/opt/st/stm32cubeide_1.18.0/plugins/com.st.stm32cube.ide.mcu.externaltools.gnu-tools-for-stm32.13.3.rel1.linux64_1.0.0.202410170706/tools/bin/../lib/gcc/arm-none-eabi/13.3.1/../../../../arm-none-eabi/lib/thumb/v7e-m+fp/hard/libc_nano.a(libc_a-snprintf.o)
                              ./Core/Src/appfiles/src/elevator.o (snprintf)
/opt/st/stm32cubeide_1.18.0/plugins/com.st.stm32cube.ide.mcu.externaltools.gnu-tools-for-stm32.13.3.rel1.linux64_1.0.0.202410170706/tools/bin/../lib/gcc/arm-none-eabi/13.3.1/../../../../arm-none-eabi/lib/thumb/v7e-m+fp/hard/libc_nano.a(libc_a-stdio.o)
                              /opt/st/stm32cubeide_1.18.0/plugins/com.st.stm32cube.ide.mcu.externaltools.gnu-tools-for-stm32.13.3.rel1.linux64_1.0.0.202410170706/tools/bin/../lib/gcc/arm-none-eabi/13.3.1/../../../../arm-none-eabi/lib/thumb/v7e-m+fp/hard/libc_nano.a(libc_a-findfp.o) (__sread)
/opt/st/stm32cubeide_1.18.0/plugins/com.st.stm32cube.ide.mcu.externaltools.gnu-tools-for-stm32.13.3.rel1.linux64_1.0.0.202410170706/tools/bin/../lib/gcc/arm-none-eabi/13.3.1/../../../../arm-none-eabi/lib/thumb/v7e-m+fp/hard/libc_nano.a(libc_a-wbuf.o)
                              /opt/st/stm32cubeide_1.18.0/plugins/com.st.stm32cube.ide.mcu.externaltools.gnu-tools-for-stm32.13.3.rel1.linux64_1.0.0.202410170706/tools/bin/../lib/gcc/arm-none-eabi/13.3.1/../../../../arm-none-eabi/lib/thumb/v7e-m+fp/hard/libc_nano.a(libc_a-puts.o) (__swbuf_r)
/opt/st/stm32cubeide_1.18.0/plugins/com.st.stm32cube.ide.mcu.externaltools.gnu-tools-for-stm32.13.3.rel1.linux64_1.0.0.202410170706/tools/bin/../lib/gcc/arm-none-eabi/13.3.1/../../../../arm-none-eabi/lib/thumb/v7e-m+fp/hard/libc_nano.a(libc_a-wsetup.o)
                              /opt/st/stm32cubeide_1.18.0/plugins/com.st.stm32cube.ide.mcu.externaltools.gnu-tools-for-stm32.13.3.rel1.linux64_1.0.0.202410170706/tools/bin/../lib/gcc/arm-none-eabi/13.3.1/../../../../arm-none-eabi/lib/thumb/v7e-m+fp/hard/libc_nano.a(libc_a-puts.o) (__swsetup_r)
/opt/st/stm32cubeide_1.18.0/plugins/com.st.stm32cube.ide.mcu.externaltools.gnu-tools-for-stm32.13.3.rel1.linux64_1.0.0.202410170706/tools/bin/../lib/gcc/arm-none-eabi/13.3.1/../../../../arm-none-eabi/lib/thumb/v7e-m+fp/hard/libc_nano.a(libc_a-memset.o)
                              /opt/st/stm32cubeide_1.18.0/plugins/com.st.stm32cube.ide.mcu.externaltools.gnu-tools-for-stm32.13.3.rel1.linux64_1.0.0.202410170706/tools/bin/../lib/gcc/arm-none-eabi/13.3.1/../../../../arm-none-eabi/lib/thumb/v7e-m+fp/hard/crt0.o (memset)
/opt/st/stm32cubeide_1.18.0/plugins/com.st.stm32cube.ide.mcu.externaltools.gnu-tools-for-stm32.13.3.rel1.linux64_1.0.0.202410170706/tools/bin/../lib/gcc/arm-none-eabi/13.3.1/../../../../arm-none-eabi/lib/thumb/v7e-m+fp/hard/libc_nano.a(libc_a-closer.o)
[...]
Memory Configuration

Name             Origin             Length             Attributes
CCMRAM           0x10000000         0x00010000         xrw
RAM              0x20000000         0x00020000         xrw
FLASH            0x08000000         0x00100000         xr
*default*        0x00000000         0xffffffff

Linker script and memory map

LOAD /opt/st/stm32cubeide_1.18.0/plugins/com.st.stm32cube.ide.mcu.externaltools.gnu-tools-for-stm32.13.3.rel1.linux64_1.0.0.202410170706/tools/bin/../lib/gcc/arm-none-eabi/13.3.1/thumb/v7e-m+fp/hard/crti.o
LOAD /opt/st/stm32cubeide_1.18.0/plugins/com.st.stm32cube.ide.mcu.externaltools.gnu-tools-for-stm32.13.3.rel1.linux64_1.0.0.202410170706/tools/bin/../lib/gcc/arm-none-eabi/13.3.1/thumb/v7e-m+fp/hard/crtbegin.o
LOAD /opt/st/stm32cubeide_1.18.0/plugins/com.st.stm32cube.ide.mcu.externaltools.gnu-tools-for-stm32.13.3.rel1.linux64_1.0.0.202410170706/tools/bin/../lib/gcc/arm-none-eabi/13.3.1/../../../../arm-none-eabi/lib/thumb/v7e-m+fp/hard/crt0.o
LOAD ./Core/Inc/QV_PORT/qv_port.o
LOAD ./Core/Src/appfiles/src/bsp.o
LOAD ./Core/Src/appfiles/src/elevator.o
LOAD ./Core/Src/appfiles/src/main.o
LOAD ./Core/Src/appfiles/src/stdfunctions.o
LOAD ./Core/Src/qf/qep_hsm.o
LOAD ./Core/Src/qf/qep_msm.o
LOAD ./Core/Src/qf/qf_act.o
LOAD ./Core/Src/qf/qf_actq.o
LOAD ./Core/Src/qf/qf_defer.o
LOAD ./Core/Src/qf/qf_dyn.o
LOAD ./Core/Src/qf/qf_mem.o
LOAD ./Core/Src/qf/qf_ps.o
LOAD ./Core/Src/qf/qf_qact.o
LOAD ./Core/Src/qf/qf_qeq.o
LOAD ./Core/Src/qf/qf_qmact.o
LOAD ./Core/Src/qf/qf_time.o
LOAD ./Core/Src/qs/qstamp.o
LOAD ./Core/Src/qv/qv.o
LOAD ./Core/Src/stm32f4xx_hal_msp.o
LOAD ./Core/Src/stm32f4xx_it.o
LOAD ./Core/Src/syscalls.o
LOAD ./Core/Src/sysmem.o
LOAD ./Core/Src/system_stm32f4xx.o
LOAD ./Core/Startup/startup_stm32f407vgtx.o
LOAD ./Drivers/STM32F4xx_HAL_Driver/Src/stm32f4xx_hal.o
LOAD ./Drivers/STM32F4xx_HAL_Driver/Src/stm32f4xx_hal_cortex.o
LOAD ./Drivers/STM32F4xx_HAL_Driver/Src/stm32f4xx_hal_dma.o
LOAD ./Drivers/STM32F4xx_HAL_Driver/Src/stm32f4xx_hal_dma_ex.o
LOAD ./Drivers/STM32F4xx_HAL_Driver/Src/stm32f4xx_hal_exti.o
LOAD ./Drivers/STM32F4xx_HAL_Driver/Src/stm32f4xx_hal_flash.o
LOAD ./Drivers/STM32F4xx_HAL_Driver/Src/stm32f4xx_hal_flash_ex.o
LOAD ./Drivers/STM32F4xx_HAL_Driver/Src/stm32f4xx_hal_flash_ramfunc.o
LOAD ./Drivers/STM32F4xx_HAL_Driver/Src/stm32f4xx_hal_gpio.o
LOAD ./Drivers/STM32F4xx_HAL_Driver/Src/stm32f4xx_hal_pcd.o
LOAD ./Drivers/STM32F4xx_HAL_Driver/Src/stm32f4xx_hal_pcd_ex.o
LOAD ./Drivers/STM32F4xx_HAL_Driver/Src/stm32f4xx_hal_pwr.o
LOAD ./Drivers/STM32F4xx_HAL_Driver/Src/stm32f4xx_hal_pwr_ex.o
LOAD ./Drivers/STM32F4xx_HAL_Driver/Src/stm32f4xx_hal_rcc.o
LOAD ./Drivers/STM32F4xx_HAL_Driver/Src/stm32f4xx_hal_rcc_ex.o
LOAD ./Drivers/STM32F4xx_HAL_Driver/Src/stm32f4xx_ll_usb.o
LOAD ./Middlewares/ST/STM32_USB_Device_Library/Class/CDC/Src/usbd_cdc.o
LOAD ./Middlewares/ST/STM32_USB_Device_Library/Core/Src/usbd_core.o
LOAD ./Middlewares/ST/STM32_USB_Device_Library/Core/Src/usbd_ctlreq.o
LOAD ./Middlewares/ST/STM32_USB_Device_Library/Core/Src/usbd_ioreq.o
LOAD ./USB_DEVICE/App/usb_device.o
LOAD ./USB_DEVICE/App/usbd_cdc_if.o
LOAD ./USB_DEVICE/App/usbd_desc.o
LOAD ./USB_DEVICE/Target/usbd_conf.o
START GROUP
LOAD /opt/st/stm32cubeide_1.18.0/plugins/com.st.stm32cube.ide.mcu.externaltools.gnu-tools-for-stm32.13.3.rel1.linux64_1.0.0.202410170706/tools/bin/../lib/gcc/arm-none-eabi/13.3.1/../../../../arm-none-eabi/lib/thumb/v7e-m+fp/hard/libc_nano.a
LOAD /opt/st/stm32cubeide_1.18.0/plugins/com.st.stm32cube.ide.mcu.externaltools.gnu-tools-for-stm32.13.3.rel1.linux64_1.0.0.202410170706/tools/bin/../lib/gcc/arm-none-eabi/13.3.1/../../../../arm-none-eabi/lib/thumb/v7e-m+fp/hard/libm.a
END GROUP
START GROUP
LOAD /opt/st/stm32cubeide_1.18.0/plugins/com.st.stm32cube.ide.mcu.externaltools.gnu-tools-for-stm32.13.3.rel1.linux64_1.0.0.202410170706/tools/bin/../lib/gcc/arm-none-eabi/13.3.1/thumb/v7e-m+fp/hard/libgcc.a
LOAD /opt/st/stm32cubeide_1.18.0/plugins/com.st.stm32cube.ide.mcu.externaltools.gnu-tools-for-stm32.13.3.rel1.linux64_1.0.0.202410170706/tools/bin/../lib/gcc/arm-none-eabi/13.3.1/../../../../arm-none-eabi/lib/thumb/v7e-m+fp/hard/libc_nano.a
END GROUP
START GROUP
LOAD /opt/st/stm32cubeide_1.18.0/plugins/com.st.stm32cube.ide.mcu.externaltools.gnu-tools-for-stm32.13.3.rel1.linux64_1.0.0.202410170706/tools/bin/../lib/gcc/arm-none-eabi/13.3.1/thumb/v7e-m+fp/hard/libgcc.a
LOAD /opt/st/stm32cubeide_1.18.0/plugins/com.st.stm32cube.ide.mcu.externaltools.gnu-tools-for-stm32.13.3.rel1.linux64_1.0.0.202410170706/tools/bin/../lib/gcc/arm-none-eabi/13.3.1/../../../../arm-none-eabi/lib/thumb/v7e-m+fp/hard/libc_nano.a
LOAD /opt/st/stm32cubeide_1.18.0/plugins/com.st.stm32cube.ide.mcu.externaltools.gnu-tools-for-stm32.13.3.rel1.linux64_1.0.0.202410170706/tools/bin/../lib/gcc/arm-none-eabi/13.3.1/../../../../arm-none-eabi/lib/thumb/v7e-m+fp/hard/libnosys.a
END GROUP
START GROUP
LOAD /opt/st/stm32cubeide_1.18.0/plugins/com.st.stm32cube.ide.mcu.externaltools.gnu-tools-for-stm32.13.3.rel1.linux64_1.0.0.202410170706/tools/bin/../lib/gcc/arm-none-eabi/13.3.1/thumb/v7e-m+fp/hard/libgcc.a
LOAD /opt/st/stm32cubeide_1.18.0/plugins/com.st.stm32cube.ide.mcu.externaltools.gnu-tools-for-stm32.13.3.rel1.linux64_1.0.0.202410170706/tools/bin/../lib/gcc/arm-none-eabi/13.3.1/../../../../arm-none-eabi/lib/thumb/v7e-m+fp/hard/libc_nano.a
LOAD /opt/st/stm32cubeide_1.18.0/plugins/com.st.stm32cube.ide.mcu.externaltools.gnu-tools-for-stm32.13.3.rel1.linux64_1.0.0.202410170706/tools/bin/../lib/gcc/arm-none-eabi/13.3.1/../../../../arm-none-eabi/lib/thumb/v7e-m+fp/hard/libnosys.a
END GROUP
LOAD /opt/st/stm32cubeide_1.18.0/plugins/com.st.stm32cube.ide.mcu.externaltools.gnu-tools-for-stm32.13.3.rel1.linux64_1.0.0.202410170706/tools/bin/../lib/gcc/arm-none-eabi/13.3.1/thumb/v7e-m+fp/hard/crtend.o
LOAD /opt/st/stm32cubeide_1.18.0/plugins/com.st.stm32cube.ide.mcu.externaltools.gnu-tools-for-stm32.13.3.rel1.linux64_1.0.0.202410170706/tools/bin/../lib/gcc/arm-none-eabi/13.3.1/thumb/v7e-m+fp/hard/crtn.o
                0x20020000                        _estack = (ORIGIN (RAM) + LENGTH (RAM))
                0x00000200                        _Min_Heap_Size = 0x200
                0x00000400                        _Min_Stack_Size = 0x400

.isr_vector     0x08000000      0x188
                0x08000000                        . = ALIGN (0x4)
 *(.isr_vector)
 .isr_vector    0x08000000      0x188 ./Core/Startup/startup_stm32f407vgtx.o
                0x08000000                g_pfnVectors
                0x08000188                        . = ALIGN (0x4)

.text           0x08000190     0x59d8
                0x08000190                        . = ALIGN (0x4)
 *(.text)
 .text          0x08000190       0x40 /opt/st/stm32cubeide_1.18.0/plugins/com.st.stm32cube.ide.mcu.externaltools.gnu-tools-for-stm32.13.3.rel1.linux64_1.0.0.202410170706/tools/bin/../lib/gcc/arm-none-eabi/13.3.1/thumb/v7e-m+fp/hard/crtbegin.o
 .text          0x080001d0       0x10 /opt/st/stm32cubeide_1.18.0/plugins/com.st.stm32cube.ide.mcu.externaltools.gnu-tools-for-stm32.13.3.rel1.linux64_1.0.0.202410170706/tools/bin/../lib/gcc/arm-none-eabi/13.3.1/../../../../arm-none-eabi/lib/thumb/v7e-m+fp/hard/libc_nano.a(libc_a-strlen.o)
                0x080001d0                strlen
 .text          0x080001e0       0xa0 /opt/st/stm32cubeide_1.18.0/plugins/com.st.stm32cube.ide.mcu.externaltools.gnu-tools-for-stm32.13.3.rel1.linux64_1.0.0.202410170706/tools/bin/../lib/gcc/arm-none-eabi/13.3.1/../../../../arm-none-eabi/lib/thumb/v7e-m+fp/hard/libc_nano.a(libc_a-memchr.o)
                0x080001e0                memchr
 .text          0x08000280       0x30 /opt/st/stm32cubeide_1.18.0/plugins/com.st.stm32cube.ide.mcu.externaltools.gnu-tools-for-stm32.13.3.rel1.linux64_1.0.0.202410170706/tools/bin/../lib/gcc/arm-none-eabi/13.3.1/thumb/v7e-m+fp/hard/libgcc.a(_aeabi_uldivmod.o)
                0x08000280                __aeabi_uldivmod
 .text          0x080002b0      0x2f8 /opt/st/stm32cubeide_1.18.0/plugins/com.st.stm32cube.ide.mcu.externaltools.gnu-tools-for-stm32.13.3.rel1.linux64_1.0.0.202410170706/tools/bin/../lib/gcc/arm-none-eabi/13.3.1/thumb/v7e-m+fp/hard/libgcc.a(_udivmoddi4.o)
                0x080002b0                __udivmoddi4
 .text          0x080005a8        0x4 /opt/st/stm32cubeide_1.18.0/plugins/com.st.stm32cube.ide.mcu.externaltools.gnu-tools-for-stm32.13.3.rel1.linux64_1.0.0.202410170706/tools/bin/../lib/gcc/arm-none-eabi/13.3.1/thumb/v7e-m+fp/hard/libgcc.a(_dvmd_tls.o)
                0x080005a8                __aeabi_ldiv0
                0x080005a8                __aeabi_idiv0
 *(.text*)
 .text.QF_int_disable_
                0x080005ac       0x20 ./Core/Inc/QV_PORT/qv_port.o
                0x080005ac                QF_int_disable_
 .text.QF_int_enable_
                0x080005cc       0x20 ./Core/Inc/QV_PORT/qv_port.o
                0x080005cc                QF_int_enable_
 .text.QF_crit_entry_
                0x080005ec       0x20 ./Core/Inc/QV_PORT/qv_port.o
                0x080005ec                QF_crit_entry_
 .text.QF_crit_exit_
                0x0800060c       0x20 ./Core/Inc/QV_PORT/qv_port.o
                0x0800060c                QF_crit_exit_
 .text.QV_init  0x0800062c       0x44 ./Core/Inc/QV_PORT/qv_port.o
                0x0800062c                QV_init
 .text.orangeOn
                0x08000670       0x10 ./Core/Src/appfiles/src/bsp.o
                0x08000670                orangeOn
 .text.orangeOff
                0x08000680       0x10 ./Core/Src/appfiles/src/bsp.o
                0x08000680                orangeOff
 .text.greenOn  0x08000690       0x10 ./Core/Src/appfiles/src/bsp.o
                0x08000690                greenOn
 .text.greenOff
                0x080006a0       0x10 ./Core/Src/appfiles/src/bsp.o
                0x080006a0                greenOff
 .text.redOn    0x080006b0       0x10 ./Core/Src/appfiles/src/bsp.o
                0x080006b0                redOn
 .text.redOff   0x080006c0       0x10 ./Core/Src/appfiles/src/bsp.o
                0x080006c0                redOff
 .text.blueOn   0x080006d0       0x10 ./Core/Src/appfiles/src/bsp.o
                0x080006d0                blueOn
 .text.blueOff  0x080006e0       0x10 ./Core/Src/appfiles/src/bsp.o
                0x080006e0                blueOff
 .text.already_requested
                0x080006f0       0x24 ./Core/Src/appfiles/src/bsp.o
                0x080006f0                already_requested
 .text.unregister_request
                0x08000714       0x38 ./Core/Src/appfiles/src/bsp.o
                0x08000714                unregister_request
 .text.registry_Empyt
                0x0800074c       0x1c ./Core/Src/appfiles/src/bsp.o
                0x0800074c                registry_Empyt
 .text.register_request
                0x08000768       0x40 ./Core/Src/appfiles/src/bsp.o
                0x08000768                register_request
 .text.getLowestRequest
                0x080007a8       0x34 ./Core/Src/appfiles/src/bsp.o
                0x080007a8                getLowestRequest
 .text.getHighestRequest
                0x080007dc       0x30 ./Core/Src/appfiles/src/bsp.o
                0x080007dc                getHighestRequest
 .text.SysTick_Handler
                0x0800080c       0x14 ./Core/Src/appfiles/src/bsp.o
                0x0800080c                SysTick_Handler
 .text.SystemClock_Config
                0x08000820       0xa0 ./Core/Src/appfiles/src/bsp.o
                0x08000820                SystemClock_Config
 .text.MX_GPIO_Init
                0x080008c0       0x78 ./Core/Src/appfiles/src/bsp.o
                0x080008c0                MX_GPIO_Init
 .text.BSP_init
                0x08000938       0x84 ./Core/Src/appfiles/src/bsp.o
                0x08000938                BSP_init
 .text.BSP_start
                0x080009bc       0x38 ./Core/Src/appfiles/src/bsp.o
                0x080009bc                BSP_start
 .text.Q_onError
                0x080009f4        0x2 ./Core/Src/appfiles/src/bsp.o
                0x080009f4                Q_onError
 .text.Error_Handler
                0x080009f6        0x2 ./Core/Src/appfiles/src/bsp.o
                0x080009f6                Error_Handler
 .text.QF_onStartup
                0x080009f8       0x78 ./Core/Src/appfiles/src/bsp.o
                0x080009f8                QF_onStartup
 .text.QV_onIdle
                0x08000a70        0x4 ./Core/Src/appfiles/src/bsp.o
                0x08000a70                QV_onIdle
 .text.Elevator_operational
                0x08000a74       0x20 ./Core/Src/appfiles/src/elevator.o
                0x08000a74                Elevator_operational
 .text.Elevator_initial
                0x08000a94       0x4c ./Core/Src/appfiles/src/elevator.o
                0x08000a94                Elevator_initial
 .text.Elevator_Stationary
                0x08000ae0       0x34 ./Core/Src/appfiles/src/elevator.o
                0x08000ae0                Elevator_Stationary
 .text.Elevator_closed
                0x08000b14       0x28 ./Core/Src/appfiles/src/elevator.o
                0x08000b14                Elevator_closed
 .text.Elevator_motion
                0x08000b3c       0x38 ./Core/Src/appfiles/src/elevator.o
                0x08000b3c                Elevator_motion
 .text.Elevator_Ctor
                0x08000b74       0x34 ./Core/Src/appfiles/src/elevator.o
                0x08000b74                Elevator_Ctor
 .text.refreshFeed
                0x08000ba8       0x64 ./Core/Src/appfiles/src/elevator.o
                0x08000ba8                refreshFeed
 .text.Elevator_Closing
                0x08000c0c       0x90 ./Core/Src/appfiles/src/elevator.o
                0x08000c0c                Elevator_Closing
 .text.Elevator_Openning
                0x08000c9c       0x4c ./Core/Src/appfiles/src/elevator.o
                0x08000c9c                Elevator_Openning
 .text.Elevator_Opened
                0x08000ce8       0x58 ./Core/Src/appfiles/src/elevator.o
                0x08000ce8                Elevator_Opened
 .text.Elevator_upWards
                0x08000d40      0x114 ./Core/Src/appfiles/src/elevator.o
                0x08000d40                Elevator_upWards
 .text.Elevator_downWards
                0x08000e54      0x118 ./Core/Src/appfiles/src/elevator.o
                0x08000e54                Elevator_downWards
 .text.startup.main
                0x08000f6c       0x90 ./Core/Src/appfiles/src/main.o
                0x08000f6c                main
 .text.busy_wait_us
                0x08000ffc       0x1a ./Core/Src/appfiles/src/stdfunctions.o
                0x08000ffc                busy_wait_us
 .text._write   0x08001016       0x32 ./Core/Src/appfiles/src/stdfunctions.o
                0x08001016                _write
 .text.HAL_Delay
                0x08001048        0x4 ./Core/Src/appfiles/src/stdfunctions.o
                0x08001048                HAL_Delay
 .text.QHsm_isIn_
                0x0800104c       0x2c ./Core/Src/qf/qep_hsm.o
                0x0800104c                QHsm_isIn_
 .text.QHsm_top
                0x08001078        0x4 ./Core/Src/qf/qep_hsm.o
                0x08001078                QHsm_top
 .text.QHsm_enter_target_.part.0
                0x0800107c       0x8c ./Core/Src/qf/qep_hsm.o
 .text.QHsm_dispatch_
                0x08001108      0x198 ./Core/Src/qf/qep_hsm.o
                0x08001108                QHsm_dispatch_
 .text.QHsm_init_
                0x080012a0       0xa4 ./Core/Src/qf/qep_hsm.o
                0x080012a0                QHsm_init_
 .text.QHsm_ctor
                0x08001344       0x14 ./Core/Src/qf/qep_hsm.o
                0x08001344                QHsm_ctor
 .text.QHsm_childState
                0x08001358       0x4c ./Core/Src/qf/qep_hsm.o
                0x08001358                QHsm_childState
 .text.QF_bzero_
                0x080013a4       0x10 ./Core/Src/qf/qf_act.o
                0x080013a4                QF_bzero_
 .text.QActive_post_
                0x080013b4       0xac ./Core/Src/qf/qf_actq.o
                0x080013b4                QActive_post_
 .text.QActive_postLIFO_
                0x08001460       0x8c ./Core/Src/qf/qf_actq.o
                0x08001460                QActive_postLIFO_
 .text.QActive_get_
                0x080014ec       0x64 ./Core/Src/qf/qf_actq.o
                0x080014ec                QActive_get_
 .text.QF_poolInit
                0x08001550       0x58 ./Core/Src/qf/qf_dyn.o
                0x08001550                QF_poolInit
 .text.QF_newX_
                0x080015a8       0x8c ./Core/Src/qf/qf_dyn.o
                0x080015a8                QF_newX_
 .text.QF_gc    0x08001634       0x6c ./Core/Src/qf/qf_dyn.o
                0x08001634                QF_gc
 .text.QMPool_init
                0x080016a0       0x78 ./Core/Src/qf/qf_mem.o
                0x080016a0                QMPool_init
 .text.QMPool_get
                0x08001718       0x6c ./Core/Src/qf/qf_mem.o
                0x08001718                QMPool_get
 .text.QMPool_put
                0x08001784       0x48 ./Core/Src/qf/qf_mem.o
                0x08001784                QMPool_put
 .text.QActive_ctor
                0x080017cc       0x20 ./Core/Src/qf/qf_qact.o
                0x080017cc                QActive_ctor
 .text.QActive_register_
                0x080017ec       0x78 ./Core/Src/qf/qf_qact.o
                0x080017ec                QActive_register_
 .text.QEQueue_init
                0x08001864       0x40 ./Core/Src/qf/qf_qeq.o
                0x08001864                QEQueue_init
 .text.QTimeEvt_ctorX
                0x080018a4       0x3c ./Core/Src/qf/qf_time.o
                0x080018a4                QTimeEvt_ctorX
 .text.QTimeEvt_armX
                0x080018e0       0x50 ./Core/Src/qf/qf_time.o
                0x080018e0                QTimeEvt_armX
 .text.QTimeEvt_disarm
                0x08001930       0x2c ./Core/Src/qf/qf_time.o
                0x08001930                QTimeEvt_disarm
 .text.QTimeEvt_init
                0x0800195c       0x10 ./Core/Src/qf/qf_time.o
                0x0800195c                QTimeEvt_init
 .text.QTimeEvt_expire_
                0x0800196c       0x1c ./Core/Src/qf/qf_time.o
                0x0800196c                QTimeEvt_expire_
 .text.QTimeEvt_tick_
                0x08001988       0xa0 ./Core/Src/qf/qf_time.o
                0x08001988                QTimeEvt_tick_
 .text.QF_init  0x08001a28       0x34 ./Core/Src/qv/qv.o
                0x08001a28                QF_init
 .text.QF_run   0x08001a5c       0x7c ./Core/Src/qv/qv.o
                0x08001a5c                QF_run
 .text.QActive_start
                0x08001ad8       0x5c ./Core/Src/qv/qv.o
                0x08001ad8                QActive_start
 .text.HAL_MspInit
                0x08001b34       0x3c ./Core/Src/stm32f4xx_hal_msp.o
                0x08001b34                HAL_MspInit
 .text.NMI_Handler
                0x08001b70        0x2 ./Core/Src/stm32f4xx_it.o
                0x08001b70                NMI_Handler
 .text.HardFault_Handler
                0x08001b72        0x2 ./Core/Src/stm32f4xx_it.o
                0x08001b72                HardFault_Handler
 .text.MemManage_Handler
                0x08001b74        0x2 ./Core/Src/stm32f4xx_it.o
                0x08001b74                MemManage_Handler
 .text.BusFault_Handler
                0x08001b76        0x2 ./Core/Src/stm32f4xx_it.o
                0x08001b76                BusFault_Handler
 .text.UsageFault_Handler
                0x08001b78        0x2 ./Core/Src/stm32f4xx_it.o
                0x08001b78                UsageFault_Handler
 .text.SVC_Handler
                0x08001b7a        0x2 ./Core/Src/stm32f4xx_it.o
                0x08001b7a                SVC_Handler
 .text.DebugMon_Handler
                0x08001b7c        0x2 ./Core/Src/stm32f4xx_it.o
                0x08001b7c                DebugMon_Handler
 .text.PendSV_Handler
                0x08001b7e        0x2 ./Core/Src/stm32f4xx_it.o
                0x08001b7e                PendSV_Handler
 .text.OTG_FS_IRQHandler
                0x08001b80        0xc ./Core/Src/stm32f4xx_it.o
                0x08001b80                OTG_FS_IRQHandler
 .text._read    0x08001b8c       0x1c ./Core/Src/syscalls.o
                0x08001b8c                _read
 .text._close   0x08001ba8        0x6 ./Core/Src/syscalls.o
                0x08001ba8                _close
 .text._fstat   0x08001bae        0xa ./Core/Src/syscalls.o
                0x08001bae                _fstat
 .text._isatty  0x08001bb8        0x4 ./Core/Src/syscalls.o
                0x08001bb8                _isatty
 .text._lseek   0x08001bbc        0x4 ./Core/Src/syscalls.o
                0x08001bbc                _lseek
 .text._sbrk    0x08001bc0       0x40 ./Core/Src/sysmem.o
                0x08001bc0                _sbrk
 .text.SystemInit
                0x08001c00       0x14 ./Core/Src/system_stm32f4xx.o
                0x08001c00                SystemInit
 .text.SystemCoreClockUpdate
                0x08001c14       0x6c ./Core/Src/system_stm32f4xx.o
                0x08001c14                SystemCoreClockUpdate
 .text.Reset_Handler
                0x08001c80       0x50 ./Core/Startup/startup_stm32f407vgtx.o
                0x08001c80                Reset_Handler
 .text.Default_Handler
                0x08001cd0        0x2 ./Core/Startup/startup_stm32f407vgtx.o
                0x08001cd0                RTC_Alarm_IRQHandler
                0x08001cd0                HASH_RNG_IRQHandler
                0x08001cd0                EXTI2_IRQHandler
                0x08001cd0                TIM8_CC_IRQHandler
                0x08001cd0                TIM1_CC_IRQHandler
                0x08001cd0                DMA2_Stream5_IRQHandler
                0x08001cd0                DMA1_Stream5_IRQHandler
                0x08001cd0                PVD_IRQHandler
                0x08001cd0                SDIO_IRQHandler
                0x08001cd0                TAMP_STAMP_IRQHandler
                0x08001cd0                CAN2_RX1_IRQHandler
                0x08001cd0                EXTI3_IRQHandler
                0x08001cd0                TIM8_TRG_COM_TIM14_IRQHandler
                0x08001cd0                TIM1_UP_TIM10_IRQHandler
                0x08001cd0                TIM8_UP_TIM13_IRQHandler
                0x08001cd0                I2C3_ER_IRQHandler
                0x08001cd0                EXTI0_IRQHandler
                0x08001cd0                I2C2_EV_IRQHandler
                0x08001cd0                DMA1_Stream2_IRQHandler
                0x08001cd0                CAN1_RX0_IRQHandler
                0x08001cd0                FPU_IRQHandler
                0x08001cd0                OTG_HS_WKUP_IRQHandler
                0x08001cd0                CAN2_SCE_IRQHandler
                0x08001cd0                DMA2_Stream2_IRQHandler
                0x08001cd0                SPI1_IRQHandler
                0x08001cd0                TIM6_DAC_IRQHandler
                0x08001cd0                TIM1_BRK_TIM9_IRQHandler
                0x08001cd0                DCMI_IRQHandler
                0x08001cd0                CAN2_RX0_IRQHandler
                0x08001cd0                DMA2_Stream3_IRQHandler
                0x08001cd0                USART6_IRQHandler
                0x08001cd0                USART3_IRQHandler
                0x08001cd0                CAN1_RX1_IRQHandler
                0x08001cd0                UART5_IRQHandler
                0x08001cd0                DMA2_Stream0_IRQHandler
                0x08001cd0                TIM4_IRQHandler
                0x08001cd0                I2C1_EV_IRQHandler
                0x08001cd0                DMA1_Stream6_IRQHandler
                0x08001cd0                DMA1_Stream1_IRQHandler
                0x08001cd0                UART4_IRQHandler
                0x08001cd0                TIM3_IRQHandler
                0x08001cd0                RCC_IRQHandler
                0x08001cd0                TIM8_BRK_TIM12_IRQHandler
                0x08001cd0                Default_Handler
                0x08001cd0                EXTI15_10_IRQHandler
                0x08001cd0                ADC_IRQHandler
                0x08001cd0                DMA1_Stream7_IRQHandler
                0x08001cd0                TIM7_IRQHandler
                0x08001cd0                CAN2_TX_IRQHandler
                0x08001cd0                TIM5_IRQHandler
                0x08001cd0                DMA2_Stream7_IRQHandler
                0x08001cd0                I2C3_EV_IRQHandler
                0x08001cd0                EXTI9_5_IRQHandler
                0x08001cd0                RTC_WKUP_IRQHandler
                0x08001cd0                ETH_WKUP_IRQHandler
                0x08001cd0                SPI2_IRQHandler
                0x08001cd0                OTG_HS_EP1_IN_IRQHandler
                0x08001cd0                DMA1_Stream0_IRQHandler
                0x08001cd0                CAN1_TX_IRQHandler
                0x08001cd0                EXTI4_IRQHandler
                0x08001cd0                FSMC_IRQHandler
                0x08001cd0                ETH_IRQHandler
                0x08001cd0                OTG_HS_EP1_OUT_IRQHandler
                0x08001cd0                WWDG_IRQHandler
                0x08001cd0                TIM2_IRQHandler
                0x08001cd0                OTG_FS_WKUP_IRQHandler
                0x08001cd0                TIM1_TRG_COM_TIM11_IRQHandler
                0x08001cd0                OTG_HS_IRQHandler
                0x08001cd0                EXTI1_IRQHandler
                0x08001cd0                USART2_IRQHandler
                0x08001cd0                I2C2_ER_IRQHandler
                0x08001cd0                DMA2_Stream1_IRQHandler
                0x08001cd0                CAN1_SCE_IRQHandler
                0x08001cd0                FLASH_IRQHandler
                0x08001cd0                DMA2_Stream4_IRQHandler
                0x08001cd0                USART1_IRQHandler
                0x08001cd0                SPI3_IRQHandler
                0x08001cd0                DMA1_Stream4_IRQHandler
                0x08001cd0                I2C1_ER_IRQHandler
                0x08001cd0                DMA2_Stream6_IRQHandler
                0x08001cd0                DMA1_Stream3_IRQHandler
 *fill*         0x08001cd2        0x2 
 .text.HAL_InitTick
                0x08001cd4       0x48 ./Drivers/STM32F4xx_HAL_Driver/Src/stm32f4xx_hal.o
                0x08001cd4                HAL_InitTick
 .text.HAL_Init
                0x08001d1c       0x34 ./Drivers/STM32F4xx_HAL_Driver/Src/stm32f4xx_hal.o
                0x08001d1c                HAL_Init
 .text.HAL_IncTick
                0x08001d50       0x18 ./Drivers/STM32F4xx_HAL_Driver/Src/stm32f4xx_hal.o
                0x08001d50                HAL_IncTick
 .text.HAL_GetTick
                0x08001d68        0xc ./Drivers/STM32F4xx_HAL_Driver/Src/stm32f4xx_hal.o
                0x08001d68                HAL_GetTick
 .text.HAL_NVIC_SetPriorityGrouping
                0x08001d74       0x24 ./Drivers/STM32F4xx_HAL_Driver/Src/stm32f4xx_hal_cortex.o
                0x08001d74                HAL_NVIC_SetPriorityGrouping
 .text.HAL_NVIC_SetPriority
                0x08001d98       0x64 ./Drivers/STM32F4xx_HAL_Driver/Src/stm32f4xx_hal_cortex.o
                0x08001d98                HAL_NVIC_SetPriority
 .text.HAL_NVIC_EnableIRQ
                0x08001dfc       0x1c ./Drivers/STM32F4xx_HAL_Driver/Src/stm32f4xx_hal_cortex.o
                0x08001dfc                HAL_NVIC_EnableIRQ
 .text.HAL_SYSTICK_Config
                0x08001e18       0x28 ./Drivers/STM32F4xx_HAL_Driver/Src/stm32f4xx_hal_cortex.o
                0x08001e18                HAL_SYSTICK_Config
 .text.HAL_GPIO_Init
                0x08001e40      0x1b0 ./Drivers/STM32F4xx_HAL_Driver/Src/stm32f4xx_hal_gpio.o
                0x08001e40                HAL_GPIO_Init
 .text.HAL_GPIO_WritePin
                0x08001ff0        0xa ./Drivers/STM32F4xx_HAL_Driver/Src/stm32f4xx_hal_gpio.o
                0x08001ff0                HAL_GPIO_WritePin
 .text.HAL_PCD_Init
                0x08001ffa       0xde ./Drivers/STM32F4xx_HAL_Driver/Src/stm32f4xx_hal_pcd.o
                0x08001ffa                HAL_PCD_Init
 .text.HAL_PCD_Start
                0x080020d8       0x3e ./Drivers/STM32F4xx_HAL_Driver/Src/stm32f4xx_hal_pcd.o
                0x080020d8                HAL_PCD_Start
 .text.HAL_PCD_SetAddress
                0x08002116       0x26 ./Drivers/STM32F4xx_HAL_Driver/Src/stm32f4xx_hal_pcd.o
                0x08002116                HAL_PCD_SetAddress
 .text.HAL_PCD_EP_Open
                0x0800213c       0x72 ./Drivers/STM32F4xx_HAL_Driver/Src/stm32f4xx_hal_pcd.o
                0x0800213c                HAL_PCD_EP_Open
 .text.HAL_PCD_EP_Close
                0x080021ae       0x5c ./Drivers/STM32F4xx_HAL_Driver/Src/stm32f4xx_hal_pcd.o
                0x080021ae                HAL_PCD_EP_Close
 .text.HAL_PCD_EP_Receive
                0x0800220a       0x3c ./Drivers/STM32F4xx_HAL_Driver/Src/stm32f4xx_hal_pcd.o
                0x0800220a                HAL_PCD_EP_Receive
 .text.HAL_PCD_EP_GetRxCount
                0x08002246       0x10 ./Drivers/STM32F4xx_HAL_Driver/Src/stm32f4xx_hal_pcd.o
                0x08002246                HAL_PCD_EP_GetRxCount
 .text.HAL_PCD_EP_Transmit
                0x08002256       0x36 ./Drivers/STM32F4xx_HAL_Driver/Src/stm32f4xx_hal_pcd.o
                0x08002256                HAL_PCD_EP_Transmit
 .text.HAL_PCD_EP_SetStall
                0x0800228c       0x6e ./Drivers/STM32F4xx_HAL_Driver/Src/stm32f4xx_hal_pcd.o
                0x0800228c                HAL_PCD_EP_SetStall
 .text.HAL_PCD_EP_ClrStall
                0x080022fa       0x6a ./Drivers/STM32F4xx_HAL_Driver/Src/stm32f4xx_hal_pcd.o
                0x080022fa                HAL_PCD_EP_ClrStall
 .text.HAL_PCD_EP_Abort
                0x08002364       0x20 ./Drivers/STM32F4xx_HAL_Driver/Src/stm32f4xx_hal_pcd.o
                0x08002364                HAL_PCD_EP_Abort
 .text.HAL_PCD_IRQHandler
                0x08002384      0x690 ./Drivers/STM32F4xx_HAL_Driver/Src/stm32f4xx_hal_pcd.o
                0x08002384                HAL_PCD_IRQHandler
 .text.HAL_PCDEx_SetTxFiFo
                0x08002a14       0x3e ./Drivers/STM32F4xx_HAL_Driver/Src/stm32f4xx_hal_pcd_ex.o
                0x08002a14                HAL_PCDEx_SetTxFiFo
 .text.HAL_PCDEx_SetRxFiFo
                0x08002a52        0x8 ./Drivers/STM32F4xx_HAL_Driver/Src/stm32f4xx_hal_pcd_ex.o
                0x08002a52                HAL_PCDEx_SetRxFiFo
 .text.HAL_PCDEx_LPM_Callback
                0x08002a5a        0x2 ./Drivers/STM32F4xx_HAL_Driver/Src/stm32f4xx_hal_pcd_ex.o
                0x08002a5a                HAL_PCDEx_LPM_Callback
 .text.HAL_RCC_OscConfig
                0x08002a5c      0x35c ./Drivers/STM32F4xx_HAL_Driver/Src/stm32f4xx_hal_rcc.o
                0x08002a5c                HAL_RCC_OscConfig
 .text.HAL_RCC_GetSysClockFreq
                0x08002db8       0x5c ./Drivers/STM32F4xx_HAL_Driver/Src/stm32f4xx_hal_rcc.o
                0x08002db8                HAL_RCC_GetSysClockFreq
 .text.HAL_RCC_ClockConfig
                0x08002e14      0x134 ./Drivers/STM32F4xx_HAL_Driver/Src/stm32f4xx_hal_rcc.o
                0x08002e14                HAL_RCC_ClockConfig
 .text.HAL_RCC_GetHCLKFreq
                0x08002f48        0xc ./Drivers/STM32F4xx_HAL_Driver/Src/stm32f4xx_hal_rcc.o
                0x08002f48                HAL_RCC_GetHCLKFreq
 .text.USB_CoreReset
                0x08002f54       0x46 ./Drivers/STM32F4xx_HAL_Driver/Src/stm32f4xx_ll_usb.o
 .text.USB_CoreInit
                0x08002f9a       0x88 ./Drivers/STM32F4xx_HAL_Driver/Src/stm32f4xx_ll_usb.o
                0x08002f9a                USB_CoreInit
 *fill*         0x08003022        0x2 
 .text.USB_SetTurnaroundTime
                0x08003024       0xe0 ./Drivers/STM32F4xx_HAL_Driver/Src/stm32f4xx_ll_usb.o
                0x08003024                USB_SetTurnaroundTime
 .text.USB_EnableGlobalInt
                0x08003104        0xc ./Drivers/STM32F4xx_HAL_Driver/Src/stm32f4xx_ll_usb.o
                0x08003104                USB_EnableGlobalInt
 .text.USB_DisableGlobalInt
                0x08003110        0xc ./Drivers/STM32F4xx_HAL_Driver/Src/stm32f4xx_ll_usb.o
                0x08003110                USB_DisableGlobalInt
 .text.USB_SetCurrentMode
                0x0800311c       0x60 ./Drivers/STM32F4xx_HAL_Driver/Src/stm32f4xx_ll_usb.o
                0x0800311c                USB_SetCurrentMode
 .text.USB_FlushTxFifo
                0x0800317c       0x46 ./Drivers/STM32F4xx_HAL_Driver/Src/stm32f4xx_ll_usb.o
                0x0800317c                USB_FlushTxFifo
 .text.USB_FlushRxFifo
                0x080031c2       0x42 ./Drivers/STM32F4xx_HAL_Driver/Src/stm32f4xx_ll_usb.o
                0x080031c2                USB_FlushRxFifo
 .text.USB_SetDevSpeed
                0x08003204        0xe ./Drivers/STM32F4xx_HAL_Driver/Src/stm32f4xx_ll_usb.o
                0x08003204                USB_SetDevSpeed
 *fill*         0x08003212        0x2 
 .text.USB_DevInit
                0x08003214      0x174 ./Drivers/STM32F4xx_HAL_Driver/Src/stm32f4xx_ll_usb.o
                0x08003214                USB_DevInit
 .text.USB_GetDevSpeed
                0x08003388       0x16 ./Drivers/STM32F4xx_HAL_Driver/Src/stm32f4xx_ll_usb.o
                0x08003388                USB_GetDevSpeed
 .text.USB_ActivateEndpoint
                0x0800339e       0x7e ./Drivers/STM32F4xx_HAL_Driver/Src/stm32f4xx_ll_usb.o
                0x0800339e                USB_ActivateEndpoint
 .text.USB_DeactivateEndpoint
                0x0800341c       0xac ./Drivers/STM32F4xx_HAL_Driver/Src/stm32f4xx_ll_usb.o
                0x0800341c                USB_DeactivateEndpoint
 .text.USB_EPStopXfer
                0x080034c8       0x84 ./Drivers/STM32F4xx_HAL_Driver/Src/stm32f4xx_ll_usb.o
                0x080034c8                USB_EPStopXfer
 .text.USB_WritePacket
                0x0800354c       0x26 ./Drivers/STM32F4xx_HAL_Driver/Src/stm32f4xx_ll_usb.o
                0x0800354c                USB_WritePacket
 *fill*         0x08003572        0x2 
 .text.USB_EPStartXfer
                0x08003574      0x204 ./Drivers/STM32F4xx_HAL_Driver/Src/stm32f4xx_ll_usb.o
                0x08003574                USB_EPStartXfer
 .text.USB_ReadPacket
                0x08003778       0x40 ./Drivers/STM32F4xx_HAL_Driver/Src/stm32f4xx_ll_usb.o
                0x08003778                USB_ReadPacket
 .text.USB_EPSetStall
                0x080037b8       0x56 ./Drivers/STM32F4xx_HAL_Driver/Src/stm32f4xx_ll_usb.o
                0x080037b8                USB_EPSetStall
 .text.USB_EPClearStall
                0x0800380e       0x52 ./Drivers/STM32F4xx_HAL_Driver/Src/stm32f4xx_ll_usb.o
                0x0800380e                USB_EPClearStall
 .text.USB_SetDevAddress
                0x08003860       0x20 ./Drivers/STM32F4xx_HAL_Driver/Src/stm32f4xx_ll_usb.o
                0x08003860                USB_SetDevAddress
 .text.USB_DevConnect
                0x08003880       0x1c ./Drivers/STM32F4xx_HAL_Driver/Src/stm32f4xx_ll_usb.o
                0x08003880                USB_DevConnect
 .text.USB_DevDisconnect
                0x0800389c       0x1c ./Drivers/STM32F4xx_HAL_Driver/Src/stm32f4xx_ll_usb.o
                0x0800389c                USB_DevDisconnect
 .text.USB_ReadInterrupts
                0x080038b8        0x8 ./Drivers/STM32F4xx_HAL_Driver/Src/stm32f4xx_ll_usb.o
                0x080038b8                USB_ReadInterrupts
 .text.USB_ReadDevAllOutEpInterrupt
                0x080038c0       0x10 ./Drivers/STM32F4xx_HAL_Driver/Src/stm32f4xx_ll_usb.o
                0x080038c0                USB_ReadDevAllOutEpInterrupt
 .text.USB_ReadDevAllInEpInterrupt
                0x080038d0       0x10 ./Drivers/STM32F4xx_HAL_Driver/Src/stm32f4xx_ll_usb.o
                0x080038d0                USB_ReadDevAllInEpInterrupt
 .text.USB_ReadDevOutEPInterrupt
                0x080038e0       0x12 ./Drivers/STM32F4xx_HAL_Driver/Src/stm32f4xx_ll_usb.o
                0x080038e0                USB_ReadDevOutEPInterrupt
 .text.USB_ReadDevInEPInterrupt
                0x080038f2       0x22 ./Drivers/STM32F4xx_HAL_Driver/Src/stm32f4xx_ll_usb.o
                0x080038f2                USB_ReadDevInEPInterrupt
 .text.USB_GetMode
                0x08003914        0x8 ./Drivers/STM32F4xx_HAL_Driver/Src/stm32f4xx_ll_usb.o
                0x08003914                USB_GetMode
 .text.USB_ActivateSetup
                0x0800391c       0x1c ./Drivers/STM32F4xx_HAL_Driver/Src/stm32f4xx_ll_usb.o
                0x0800391c                USB_ActivateSetup
 .text.USB_EP0_OutStart
                0x08003938       0x4c ./Drivers/STM32F4xx_HAL_Driver/Src/stm32f4xx_ll_usb.o
                0x08003938                USB_EP0_OutStart
 .text.USBD_CDC_EP0_RxReady
                0x08003984       0x38 ./Middlewares/ST/STM32_USB_Device_Library/Class/CDC/Src/usbd_cdc.o
 .text.USBD_CDC_GetDeviceQualifierDescriptor
                0x080039bc        0xc ./Middlewares/ST/STM32_USB_Device_Library/Class/CDC/Src/usbd_cdc.o
                0x080039bc                USBD_CDC_GetDeviceQualifierDescriptor
 .text.USBD_CDC_GetFSCfgDesc
                0x080039c8       0x48 ./Middlewares/ST/STM32_USB_Device_Library/Class/CDC/Src/usbd_cdc.o
 .text.USBD_CDC_GetOtherSpeedCfgDesc
                0x08003a10        0x4 ./Middlewares/ST/STM32_USB_Device_Library/Class/CDC/Src/usbd_cdc.o
 .text.USBD_CDC_GetHSCfgDesc
                0x08003a14       0x48 ./Middlewares/ST/STM32_USB_Device_Library/Class/CDC/Src/usbd_cdc.o
 .text.USBD_CDC_DataOut
                0x08003a5c       0x38 ./Middlewares/ST/STM32_USB_Device_Library/Class/CDC/Src/usbd_cdc.o
 .text.USBD_CDC_DataIn
                0x08003a94       0x64 ./Middlewares/ST/STM32_USB_Device_Library/Class/CDC/Src/usbd_cdc.o
 .text.USBD_CDC_Setup
                0x08003af8       0xf0 ./Middlewares/ST/STM32_USB_Device_Library/Class/CDC/Src/usbd_cdc.o
 .text.USBD_CDC_DeInit
                0x08003be8       0x5a ./Middlewares/ST/STM32_USB_Device_Library/Class/CDC/Src/usbd_cdc.o
 .text.USBD_CDC_Init
                0x08003c42       0xc6 ./Middlewares/ST/STM32_USB_Device_Library/Class/CDC/Src/usbd_cdc.o
 .text.USBD_CDC_RegisterInterface
                0x08003d08       0x16 ./Middlewares/ST/STM32_USB_Device_Library/Class/CDC/Src/usbd_cdc.o
                0x08003d08                USBD_CDC_RegisterInterface
 .text.USBD_CDC_SetTxBuffer
                0x08003d1e       0x1c ./Middlewares/ST/STM32_USB_Device_Library/Class/CDC/Src/usbd_cdc.o
                0x08003d1e                USBD_CDC_SetTxBuffer
 .text.USBD_CDC_SetRxBuffer
                0x08003d3a       0x18 ./Middlewares/ST/STM32_USB_Device_Library/Class/CDC/Src/usbd_cdc.o
                0x08003d3a                USBD_CDC_SetRxBuffer
 .text.USBD_CDC_TransmitPacket
                0x08003d52       0x36 ./Middlewares/ST/STM32_USB_Device_Library/Class/CDC/Src/usbd_cdc.o
                0x08003d52                USBD_CDC_TransmitPacket
 .text.USBD_CDC_ReceivePacket
                0x08003d88       0x2c ./Middlewares/ST/STM32_USB_Device_Library/Class/CDC/Src/usbd_cdc.o
                0x08003d88                USBD_CDC_ReceivePacket
 .text.USBD_Init
                0x08003db4       0x26 ./Middlewares/ST/STM32_USB_Device_Library/Core/Src/usbd_core.o
                0x08003db4                USBD_Init
 .text.USBD_RegisterClass
                0x08003dda       0x32 ./Middlewares/ST/STM32_USB_Device_Library/Core/Src/usbd_core.o
                0x08003dda                USBD_RegisterClass
 .text.USBD_Start
                0x08003e0c        0x4 ./Middlewares/ST/STM32_USB_Device_Library/Core/Src/usbd_core.o
                0x08003e0c                USBD_Start
 .text.USBD_SetClassConfig
                0x08003e10        0xe ./Middlewares/ST/STM32_USB_Device_Library/Core/Src/usbd_core.o
                0x08003e10                USBD_SetClassConfig
 .text.USBD_ClrClassConfig
                0x08003e1e       0x12 ./Middlewares/ST/STM32_USB_Device_Library/Core/Src/usbd_core.o
                0x08003e1e                USBD_ClrClassConfig
 .text.USBD_LL_SetupStage
                0x08003e30       0x60 ./Middlewares/ST/STM32_USB_Device_Library/Core/Src/usbd_core.o
                0x08003e30                USBD_LL_SetupStage
 .text.USBD_LL_DataOutStage
                0x08003e90       0x6a ./Middlewares/ST/STM32_USB_Device_Library/Core/Src/usbd_core.o
                0x08003e90                USBD_LL_DataOutStage
 .text.USBD_LL_DataInStage
                0x08003efa       0xa6 ./Middlewares/ST/STM32_USB_Device_Library/Core/Src/usbd_core.o
                0x08003efa                USBD_LL_DataInStage
 .text.USBD_LL_Reset
                0x08003fa0       0x5e ./Middlewares/ST/STM32_USB_Device_Library/Core/Src/usbd_core.o
                0x08003fa0                USBD_LL_Reset
 .text.USBD_LL_SetSpeed
                0x08003ffe        0x6 ./Middlewares/ST/STM32_USB_Device_Library/Core/Src/usbd_core.o
                0x08003ffe                USBD_LL_SetSpeed
 .text.USBD_LL_Suspend
                0x08004004       0x1c ./Middlewares/ST/STM32_USB_Device_Library/Core/Src/usbd_core.o
                0x08004004                USBD_LL_Suspend
 .text.USBD_LL_Resume
                0x08004020       0x16 ./Middlewares/ST/STM32_USB_Device_Library/Core/Src/usbd_core.o
                0x08004020                USBD_LL_Resume
 .text.USBD_LL_SOF
                0x08004036       0x1a ./Middlewares/ST/STM32_USB_Device_Library/Core/Src/usbd_core.o
                0x08004036                USBD_LL_SOF
 .text.USBD_LL_IsoINIncomplete
                0x08004050       0x26 ./Middlewares/ST/STM32_USB_Device_Library/Core/Src/usbd_core.o
                0x08004050                USBD_LL_IsoINIncomplete
 .text.USBD_LL_IsoOUTIncomplete
                0x08004076       0x26 ./Middlewares/ST/STM32_USB_Device_Library/Core/Src/usbd_core.o
                0x08004076                USBD_LL_IsoOUTIncomplete
 .text.USBD_LL_DevConnected
                0x0800409c        0x4 ./Middlewares/ST/STM32_USB_Device_Library/Core/Src/usbd_core.o
                0x0800409c                USBD_LL_DevConnected
 .text.USBD_LL_DevDisconnected
                0x080040a0       0x20 ./Middlewares/ST/STM32_USB_Device_Library/Core/Src/usbd_core.o
                0x080040a0                USBD_LL_DevDisconnected
 .text.USBD_CoreFindIF
                0x080040c0        0x4 ./Middlewares/ST/STM32_USB_Device_Library/Core/Src/usbd_core.o
                0x080040c0                USBD_CoreFindIF
 .text.USBD_CoreFindEP
                0x080040c4        0x4 ./Middlewares/ST/STM32_USB_Device_Library/Core/Src/usbd_core.o
                0x080040c4                USBD_CoreFindEP
 .text.USBD_GetEpDesc
                0x080040c8       0x24 ./Middlewares/ST/STM32_USB_Device_Library/Core/Src/usbd_core.o
                0x080040c8                USBD_GetEpDesc
 .text.USBD_CtlError.constprop.0
                0x080040ec       0x16 ./Middlewares/ST/STM32_USB_Device_Library/Core/Src/usbd_ctlreq.o
 *fill*         0x08004102        0x2 
 .text.USBD_StdDevReq
                0x08004104      0x2c8 ./Middlewares/ST/STM32_USB_Device_Library/Core/Src/usbd_ctlreq.o
                0x08004104                USBD_StdDevReq
 .text.USBD_StdItfReq
                0x080043cc       0x5e ./Middlewares/ST/STM32_USB_Device_Library/Core/Src/usbd_ctlreq.o
                0x080043cc                USBD_StdItfReq
 .text.USBD_StdEPReq
                0x0800442a      0x142 ./Middlewares/ST/STM32_USB_Device_Library/Core/Src/usbd_ctlreq.o
                0x0800442a                USBD_StdEPReq
 .text.USBD_ParseSetupRequest
                0x0800456c       0x16 ./Middlewares/ST/STM32_USB_Device_Library/Core/Src/usbd_ctlreq.o
                0x0800456c                USBD_ParseSetupRequest
 .text.USBD_CtlError
                0x08004582       0x16 ./Middlewares/ST/STM32_USB_Device_Library/Core/Src/usbd_ctlreq.o
                0x08004582                USBD_CtlError
 .text.USBD_GetString
                0x08004598       0x38 ./Middlewares/ST/STM32_USB_Device_Library/Core/Src/usbd_ctlreq.o
                0x08004598                USBD_GetString
 .text.USBD_CtlSendData
                0x080045d0       0x1a ./Middlewares/ST/STM32_USB_Device_Library/Core/Src/usbd_ioreq.o
                0x080045d0                USBD_CtlSendData
 .text.USBD_CtlContinueSendData
                0x080045ea       0x10 ./Middlewares/ST/STM32_USB_Device_Library/Core/Src/usbd_ioreq.o
                0x080045ea                USBD_CtlContinueSendData
 .text.USBD_CtlPrepareRx
                0x080045fa       0x1a ./Middlewares/ST/STM32_USB_Device_Library/Core/Src/usbd_ioreq.o
                0x080045fa                USBD_CtlPrepareRx
 .text.USBD_CtlContinueRx
                0x08004614       0x10 ./Middlewares/ST/STM32_USB_Device_Library/Core/Src/usbd_ioreq.o
                0x08004614                USBD_CtlContinueRx
 .text.USBD_CtlSendStatus
                0x08004624       0x16 ./Middlewares/ST/STM32_USB_Device_Library/Core/Src/usbd_ioreq.o
                0x08004624                USBD_CtlSendStatus
 .text.USBD_CtlReceiveStatus
                0x0800463a       0x16 ./Middlewares/ST/STM32_USB_Device_Library/Core/Src/usbd_ioreq.o
                0x0800463a                USBD_CtlReceiveStatus
 .text.MX_USB_DEVICE_Init
                0x08004650       0x50 ./USB_DEVICE/App/usb_device.o
                0x08004650                MX_USB_DEVICE_Init
 .text.CDC_DeInit_FS
                0x080046a0        0x4 ./USB_DEVICE/App/usbd_cdc_if.o
 .text.CDC_Control_FS
                0x080046a4        0x4 ./USB_DEVICE/App/usbd_cdc_if.o
 .text.CDC_TransmitCplt_FS
                0x080046a8        0x4 ./USB_DEVICE/App/usbd_cdc_if.o
 .text.CDC_Receive_FS
                0x080046ac       0x9c ./USB_DEVICE/App/usbd_cdc_if.o
 .text.CDC_Init_FS
                0x08004748       0x28 ./USB_DEVICE/App/usbd_cdc_if.o
 .text.CDC_Transmit_FS
                0x08004770       0x2c ./USB_DEVICE/App/usbd_cdc_if.o
                0x08004770                CDC_Transmit_FS
 .text.USBD_FS_DeviceDescriptor
                0x0800479c        0xc ./USB_DEVICE/App/usbd_desc.o
                0x0800479c                USBD_FS_DeviceDescriptor
 .text.USBD_FS_LangIDStrDescriptor
                0x080047a8        0xc ./USB_DEVICE/App/usbd_desc.o
                0x080047a8                USBD_FS_LangIDStrDescriptor
 .text.IntToUnicode
                0x080047b4       0x2a ./USB_DEVICE/App/usbd_desc.o
 *fill*         0x080047de        0x2 
 .text.USBD_FS_SerialStrDescriptor
                0x080047e0       0x3c ./USB_DEVICE/App/usbd_desc.o
                0x080047e0                USBD_FS_SerialStrDescriptor
 .text.USBD_FS_ManufacturerStrDescriptor
                0x0800481c       0x1c ./USB_DEVICE/App/usbd_desc.o
                0x0800481c                USBD_FS_ManufacturerStrDescriptor
 .text.USBD_FS_ProductStrDescriptor
                0x08004838       0x1c ./USB_DEVICE/App/usbd_desc.o
                0x08004838                USBD_FS_ProductStrDescriptor
 .text.USBD_FS_ConfigStrDescriptor
                0x08004854       0x1c ./USB_DEVICE/App/usbd_desc.o
                0x08004854                USBD_FS_ConfigStrDescriptor
 .text.USBD_FS_InterfaceStrDescriptor
                0x08004870       0x1c ./USB_DEVICE/App/usbd_desc.o
                0x08004870                USBD_FS_InterfaceStrDescriptor
 .text.HAL_PCD_MspInit
                0x0800488c       0x84 ./USB_DEVICE/Target/usbd_conf.o
                0x0800488c                HAL_PCD_MspInit
 .text.HAL_PCD_SetupStageCallback
                0x08004910        0xc ./USB_DEVICE/Target/usbd_conf.o
                0x08004910                HAL_PCD_SetupStageCallback
 .text.HAL_PCD_DataOutStageCallback
                0x0800491c       0x12 ./USB_DEVICE/Target/usbd_conf.o
                0x0800491c                HAL_PCD_DataOutStageCallback
 .text.HAL_PCD_DataInStageCallback
                0x0800492e       0x10 ./USB_DEVICE/Target/usbd_conf.o
                0x0800492e                HAL_PCD_DataInStageCallback
 .text.HAL_PCD_SOFCallback
                0x0800493e        0x8 ./USB_DEVICE/Target/usbd_conf.o
                0x0800493e                HAL_PCD_SOFCallback
 .text.HAL_PCD_ResetCallback
                0x08004946       0x26 ./USB_DEVICE/Target/usbd_conf.o
                0x08004946                HAL_PCD_ResetCallback
 .text.HAL_PCD_SuspendCallback
                0x0800496c       0x30 ./USB_DEVICE/Target/usbd_conf.o
                0x0800496c                HAL_PCD_SuspendCallback
 .text.HAL_PCD_ResumeCallback
                0x0800499c        0x8 ./USB_DEVICE/Target/usbd_conf.o
                0x0800499c                HAL_PCD_ResumeCallback
 .text.HAL_PCD_ISOOUTIncompleteCallback
                0x080049a4        0x8 ./USB_DEVICE/Target/usbd_conf.o
                0x080049a4                HAL_PCD_ISOOUTIncompleteCallback
 .text.HAL_PCD_ISOINIncompleteCallback
                0x080049ac        0x8 ./USB_DEVICE/Target/usbd_conf.o
                0x080049ac                HAL_PCD_ISOINIncompleteCallback
 .text.HAL_PCD_ConnectCallback
                0x080049b4        0x8 ./USB_DEVICE/Target/usbd_conf.o
                0x080049b4                HAL_PCD_ConnectCallback
 .text.HAL_PCD_DisconnectCallback
                0x080049bc        0x8 ./USB_DEVICE/Target/usbd_conf.o
                0x080049bc                HAL_PCD_DisconnectCallback
 .text.USBD_LL_Init
                0x080049c4       0x5c ./USB_DEVICE/Target/usbd_conf.o
                0x080049c4                USBD_LL_Init
 .text.USBD_LL_IsStallEP
                0x08004a20       0x24 ./USB_DEVICE/Target/usbd_conf.o
                0x08004a20                USBD_LL_IsStallEP
 .text.USBD_LL_GetRxDataSize
                0x08004a44        0x8 ./USB_DEVICE/Target/usbd_conf.o
                0x08004a44                USBD_LL_GetRxDataSize
 .text.USBD_static_malloc
                0x08004a4c        0x8 ./USB_DEVICE/Target/usbd_conf.o
                0x08004a4c                USBD_static_malloc
 .text.USBD_static_free
                0x08004a54        0x2 ./USB_DEVICE/Target/usbd_conf.o
                0x08004a54                USBD_static_free
 .text.USBD_Get_USB_Status
                0x08004a56        0xc ./USB_DEVICE/Target/usbd_conf.o
                0x08004a56                USBD_Get_USB_Status
 .text.USBD_LL_Start
                0x08004a62       0x12 ./USB_DEVICE/Target/usbd_conf.o
                0x08004a62                USBD_LL_Start
 .text.USBD_LL_OpenEP
                0x08004a74       0x18 ./USB_DEVICE/Target/usbd_conf.o
                0x08004a74                USBD_LL_OpenEP
 .text.USBD_LL_CloseEP
                0x08004a8c       0x12 ./USB_DEVICE/Target/usbd_conf.o
                0x08004a8c                USBD_LL_CloseEP
 .text.USBD_LL_StallEP
                0x08004a9e       0x12 ./USB_DEVICE/Target/usbd_conf.o
                0x08004a9e                USBD_LL_StallEP
 .text.USBD_LL_ClearStallEP
                0x08004ab0       0x12 ./USB_DEVICE/Target/usbd_conf.o
                0x08004ab0                USBD_LL_ClearStallEP
 .text.USBD_LL_SetUSBAddress
                0x08004ac2       0x12 ./USB_DEVICE/Target/usbd_conf.o
                0x08004ac2                USBD_LL_SetUSBAddress
 .text.USBD_LL_Transmit
                0x08004ad4       0x12 ./USB_DEVICE/Target/usbd_conf.o
                0x08004ad4                USBD_LL_Transmit
 .text.USBD_LL_PrepareReceive
                0x08004ae6       0x12 ./USB_DEVICE/Target/usbd_conf.o
                0x08004ae6                USBD_LL_PrepareReceive
 .text.std      0x08004af8       0x6c /opt/st/stm32cubeide_1.18.0/plugins/com.st.stm32cube.ide.mcu.externaltools.gnu-tools-for-stm32.13.3.rel1.linux64_1.0.0.202410170706/tools/bin/../lib/gcc/arm-none-eabi/13.3.1/../../../../arm-none-eabi/lib/thumb/v7e-m+fp/hard/libc_nano.a(libc_a-findfp.o)
 .text.stdio_exit_handler
                0x08004b64       0x18 /opt/st/stm32cubeide_1.18.0/plugins/com.st.stm32cube.ide.mcu.externaltools.gnu-tools-for-stm32.13.3.rel1.linux64_1.0.0.202410170706/tools/bin/../lib/gcc/arm-none-eabi/13.3.1/../../../../arm-none-eabi/lib/thumb/v7e-m+fp/hard/libc_nano.a(libc_a-findfp.o)
 .text.cleanup_stdio
                0x08004b7c       0x40 /opt/st/stm32cubeide_1.18.0/plugins/com.st.stm32cube.ide.mcu.externaltools.gnu-tools-for-stm32.13.3.rel1.linux64_1.0.0.202410170706/tools/bin/../lib/gcc/arm-none-eabi/13.3.1/../../../../arm-none-eabi/lib/thumb/v7e-m+fp/hard/libc_nano.a(libc_a-findfp.o)
 .text.global_stdio_init.part.0
                0x08004bbc       0x3c /opt/st/stm32cubeide_1.18.0/plugins/com.st.stm32cube.ide.mcu.externaltools.gnu-tools-for-stm32.13.3.rel1.linux64_1.0.0.202410170706/tools/bin/../lib/gcc/arm-none-eabi/13.3.1/../../../../arm-none-eabi/lib/thumb/v7e-m+fp/hard/libc_nano.a(libc_a-findfp.o)
 .text.__sfp_lock_acquire
                0x08004bf8        0xc /opt/st/stm32cubeide_1.18.0/plugins/com.st.stm32cube.ide.mcu.externaltools.gnu-tools-for-stm32.13.3.rel1.linux64_1.0.0.202410170706/tools/bin/../lib/gcc/arm-none-eabi/13.3.1/../../../../arm-none-eabi/lib/thumb/v7e-m+fp/hard/libc_nano.a(libc_a-findfp.o)
                0x08004bf8                __sfp_lock_acquire
 .text.__sfp_lock_release
                0x08004c04        0xc /opt/st/stm32cubeide_1.18.0/plugins/com.st.stm32cube.ide.mcu.externaltools.gnu-tools-for-stm32.13.3.rel1.linux64_1.0.0.202410170706/tools/bin/../lib/gcc/arm-none-eabi/13.3.1/../../../../arm-none-eabi/lib/thumb/v7e-m+fp/hard/libc_nano.a(libc_a-findfp.o)
                0x08004c04                __sfp_lock_release
 .text.__sinit  0x08004c10       0x30 /opt/st/stm32cubeide_1.18.0/plugins/com.st.stm32cube.ide.mcu.externaltools.gnu-tools-for-stm32.13.3.rel1.linux64_1.0.0.202410170706/tools/bin/../lib/gcc/arm-none-eabi/13.3.1/../../../../arm-none-eabi/lib/thumb/v7e-m+fp/hard/libc_nano.a(libc_a-findfp.o)
                0x08004c10                __sinit
 .text._fwalk_sglue
                0x08004c40       0x3c /opt/st/stm32cubeide_1.18.0/plugins/com.st.stm32cube.ide.mcu.externaltools.gnu-tools-for-stm32.13.3.rel1.linux64_1.0.0.202410170706/tools/bin/../lib/gcc/arm-none-eabi/13.3.1/../../../../arm-none-eabi/lib/thumb/v7e-m+fp/hard/libc_nano.a(libc_a-fwalk.o)
                0x08004c40                _fwalk_sglue
 .text._puts_r  0x08004c7c       0xaa /opt/st/stm32cubeide_1.18.0/plugins/com.st.stm32cube.ide.mcu.externaltools.gnu-tools-for-stm32.13.3.rel1.linux64_1.0.0.202410170706/tools/bin/../lib/gcc/arm-none-eabi/13.3.1/../../../../arm-none-eabi/lib/thumb/v7e-m+fp/hard/libc_nano.a(libc_a-puts.o)
                0x08004c7c                _puts_r
 *fill*         0x08004d26        0x2 
 .text.puts     0x08004d28       0x10 /opt/st/stm32cubeide_1.18.0/plugins/com.st.stm32cube.ide.mcu.externaltools.gnu-tools-for-stm32.13.3.rel1.linux64_1.0.0.202410170706/tools/bin/../lib/gcc/arm-none-eabi/13.3.1/../../../../arm-none-eabi/lib/thumb/v7e-m+fp/hard/libc_nano.a(libc_a-puts.o)
                0x08004d28                puts
 .text.snprintf
                0x08004d38       0x6c /opt/st/stm32cubeide_1.18.0/plugins/com.st.stm32cube.ide.mcu.externaltools.gnu-tools-for-stm32.13.3.rel1.linux64_1.0.0.202410170706/tools/bin/../lib/gcc/arm-none-eabi/13.3.1/../../../../arm-none-eabi/lib/thumb/v7e-m+fp/hard/libc_nano.a(libc_a-snprintf.o)
                0x08004d38                snprintf
                0x08004d38                sniprintf
 .text.__sread  0x08004da4       0x22 /opt/st/stm32cubeide_1.18.0/plugins/com.st.stm32cube.ide.mcu.externaltools.gnu-tools-for-stm32.13.3.rel1.linux64_1.0.0.202410170706/tools/bin/../lib/gcc/arm-none-eabi/13.3.1/../../../../arm-none-eabi/lib/thumb/v7e-m+fp/hard/libc_nano.a(libc_a-stdio.o)
                0x08004da4                __sread
 .text.__swrite
                0x08004dc6       0x38 /opt/st/stm32cubeide_1.18.0/plugins/com.st.stm32cube.ide.mcu.externaltools.gnu-tools-for-stm32.13.3.rel1.linux64_1.0.0.202410170706/tools/bin/../lib/gcc/arm-none-eabi/13.3.1/../../../../arm-none-eabi/lib/thumb/v7e-m+fp/hard/libc_nano.a(libc_a-stdio.o)
                0x08004dc6                __swrite
 .text.__sseek  0x08004dfe       0x24 /opt/st/stm32cubeide_1.18.0/plugins/com.st.stm32cube.ide.mcu.externaltools.gnu-tools-for-stm32.13.3.rel1.linux64_1.0.0.202410170706/tools/bin/../lib/gcc/arm-none-eabi/13.3.1/../../../../arm-none-eabi/lib/thumb/v7e-m+fp/hard/libc_nano.a(libc_a-stdio.o)
                0x08004dfe                __sseek
 .text.__sclose
                0x08004e22        0x8 /opt/st/stm32cubeide_1.18.0/plugins/com.st.stm32cube.ide.mcu.externaltools.gnu-tools-for-stm32.13.3.rel1.linux64_1.0.0.202410170706/tools/bin/../lib/gcc/arm-none-eabi/13.3.1/../../../../arm-none-eabi/lib/thumb/v7e-m+fp/hard/libc_nano.a(libc_a-stdio.o)
                0x08004e22                __sclose
 .text.__swbuf_r
                0x08004e2a       0x7c /opt/st/stm32cubeide_1.18.0/plugins/com.st.stm32cube.ide.mcu.externaltools.gnu-tools-for-stm32.13.3.rel1.linux64_1.0.0.202410170706/tools/bin/../lib/gcc/arm-none-eabi/13.3.1/../../../../arm-none-eabi/lib/thumb/v7e-m+fp/hard/libc_nano.a(libc_a-wbuf.o)
                0x08004e2a                __swbuf_r
 *fill*         0x08004ea6        0x2 
 .text.__swsetup_r
                0x08004ea8       0xac /opt/st/stm32cubeide_1.18.0/plugins/com.st.stm32cube.ide.mcu.externaltools.gnu-tools-for-stm32.13.3.rel1.linux64_1.0.0.202410170706/tools/bin/../lib/gcc/arm-none-eabi/13.3.1/../../../../arm-none-eabi/lib/thumb/v7e-m+fp/hard/libc_nano.a(libc_a-wsetup.o)
                0x08004ea8                __swsetup_r
 .text.memset   0x08004f54       0x10 /opt/st/stm32cubeide_1.18.0/plugins/com.st.stm32cube.ide.mcu.externaltools.gnu-tools-for-stm32.13.3.rel1.linux64_1.0.0.202410170706/tools/bin/../lib/gcc/arm-none-eabi/13.3.1/../../../../arm-none-eabi/lib/thumb/v7e-m+fp/hard/libc_nano.a(libc_a-memset.o)
                0x08004f54                memset
 .text._close_r
                0x08004f64       0x20 /opt/st/stm32cubeide_1.18.0/plugins/com.st.stm32cube.ide.mcu.externaltools.gnu-tools-for-stm32.13.3.rel1.linux64_1.0.0.202410170706/tools/bin/../lib/gcc/arm-none-eabi/13.3.1/../../../../arm-none-eabi/lib/thumb/v7e-m+fp/hard/libc_nano.a(libc_a-closer.o)
                0x08004f64                _close_r
 .text._lseek_r
                0x08004f84       0x24 /opt/st/stm32cubeide_1.18.0/plugins/com.st.stm32cube.ide.mcu.externaltools.gnu-tools-for-stm32.13.3.rel1.linux64_1.0.0.202410170706/tools/bin/../lib/gcc/arm-none-eabi/13.3.1/../../../../arm-none-eabi/lib/thumb/v7e-m+fp/hard/libc_nano.a(libc_a-lseekr.o)
                0x08004f84                _lseek_r
 .text._read_r  0x08004fa8       0x24 /opt/st/stm32cubeide_1.18.0/plugins/com.st.stm32cube.ide.mcu.externaltools.gnu-tools-for-stm32.13.3.rel1.linux64_1.0.0.202410170706/tools/bin/../lib/gcc/arm-none-eabi/13.3.1/../../../../arm-none-eabi/lib/thumb/v7e-m+fp/hard/libc_nano.a(libc_a-readr.o)
                0x08004fa8                _read_r
 .text._write_r
                0x08004fcc       0x24 /opt/st/stm32cubeide_1.18.0/plugins/com.st.stm32cube.ide.mcu.externaltools.gnu-tools-for-stm32.13.3.rel1.linux64_1.0.0.202410170706/tools/bin/../lib/gcc/arm-none-eabi/13.3.1/../../../../arm-none-eabi/lib/thumb/v7e-m+fp/hard/libc_nano.a(libc_a-writer.o)
                0x08004fcc                _write_r
 .text.__errno  0x08004ff0        0xc /opt/st/stm32cubeide_1.18.0/plugins/com.st.stm32cube.ide.mcu.externaltools.gnu-tools-for-stm32.13.3.rel1.linux64_1.0.0.202410170706/tools/bin/../lib/gcc/arm-none-eabi/13.3.1/../../../../arm-none-eabi/lib/thumb/v7e-m+fp/hard/libc_nano.a(libc_a-errno.o)
                0x08004ff0                __errno
 .text.__libc_init_array
                0x08004ffc       0x48 /opt/st/stm32cubeide_1.18.0/plugins/com.st.stm32cube.ide.mcu.externaltools.gnu-tools-for-stm32.13.3.rel1.linux64_1.0.0.202410170706/tools/bin/../lib/gcc/arm-none-eabi/13.3.1/../../../../arm-none-eabi/lib/thumb/v7e-m+fp/hard/libc_nano.a(libc_a-init.o)
                0x08004ffc                __libc_init_array
 .text.__retarget_lock_init_recursive
                0x08005044        0x2 /opt/st/stm32cubeide_1.18.0/plugins/com.st.stm32cube.ide.mcu.externaltools.gnu-tools-for-stm32.13.3.rel1.linux64_1.0.0.202410170706/tools/bin/../lib/gcc/arm-none-eabi/13.3.1/../../../../arm-none-eabi/lib/thumb/v7e-m+fp/hard/libc_nano.a(libc_a-lock.o)
                0x08005044                __retarget_lock_init_recursive
 .text.__retarget_lock_acquire_recursive
                0x08005046        0x2 /opt/st/stm32cubeide_1.18.0/plugins/com.st.stm32cube.ide.mcu.externaltools.gnu-tools-for-stm32.13.3.rel1.linux64_1.0.0.202410170706/tools/bin/../lib/gcc/arm-none-eabi/13.3.1/../../../../arm-none-eabi/lib/thumb/v7e-m+fp/hard/libc_nano.a(libc_a-lock.o)
                0x08005046                __retarget_lock_acquire_recursive
 .text.__retarget_lock_release_recursive
                0x08005048        0x2 /opt/st/stm32cubeide_1.18.0/plugins/com.st.stm32cube.ide.mcu.externaltools.gnu-tools-for-stm32.13.3.rel1.linux64_1.0.0.202410170706/tools/bin/../lib/gcc/arm-none-eabi/13.3.1/../../../../arm-none-eabi/lib/thumb/v7e-m+fp/hard/libc_nano.a(libc_a-lock.o)
                0x08005048                __retarget_lock_release_recursive
 .text.strcpy   0x0800504a       0x10 /opt/st/stm32cubeide_1.18.0/plugins/com.st.stm32cube.ide.mcu.externaltools.gnu-tools-for-stm32.13.3.rel1.linux64_1.0.0.202410170706/tools/bin/../lib/gcc/arm-none-eabi/13.3.1/../../../../arm-none-eabi/lib/thumb/v7e-m+fp/hard/libc_nano.a(libc_a-strcpy.o)
                0x0800504a                strcpy
 *fill*         0x0800505a        0x2 
 .text._free_r  0x0800505c       0x94 /opt/st/stm32cubeide_1.18.0/plugins/com.st.stm32cube.ide.mcu.externaltools.gnu-tools-for-stm32.13.3.rel1.linux64_1.0.0.202410170706/tools/bin/../lib/gcc/arm-none-eabi/13.3.1/../../../../arm-none-eabi/lib/thumb/v7e-m+fp/hard/libc_nano.a(libc_a-freer.o)
                0x0800505c                _free_r
 .text.sbrk_aligned
                0x080050f0       0x44 /opt/st/stm32cubeide_1.18.0/plugins/com.st.stm32cube.ide.mcu.externaltools.gnu-tools-for-stm32.13.3.rel1.linux64_1.0.0.202410170706/tools/bin/../lib/gcc/arm-none-eabi/13.3.1/../../../../arm-none-eabi/lib/thumb/v7e-m+fp/hard/libc_nano.a(libc_a-mallocr.o)
 .text._malloc_r
                0x08005134      0x100 /opt/st/stm32cubeide_1.18.0/plugins/com.st.stm32cube.ide.mcu.externaltools.gnu-tools-for-stm32.13.3.rel1.linux64_1.0.0.202410170706/tools/bin/../lib/gcc/arm-none-eabi/13.3.1/../../../../arm-none-eabi/lib/thumb/v7e-m+fp/hard/libc_nano.a(libc_a-mallocr.o)
                0x08005134                _malloc_r
 .text.__malloc_lock
                0x08005234        0xc /opt/st/stm32cubeide_1.18.0/plugins/com.st.stm32cube.ide.mcu.externaltools.gnu-tools-for-stm32.13.3.rel1.linux64_1.0.0.202410170706/tools/bin/../lib/gcc/arm-none-eabi/13.3.1/../../../../arm-none-eabi/lib/thumb/v7e-m+fp/hard/libc_nano.a(libc_a-mlock.o)
                0x08005234                __malloc_lock
 .text.__malloc_unlock
                0x08005240        0xc /opt/st/stm32cubeide_1.18.0/plugins/com.st.stm32cube.ide.mcu.externaltools.gnu-tools-for-stm32.13.3.rel1.linux64_1.0.0.202410170706/tools/bin/../lib/gcc/arm-none-eabi/13.3.1/../../../../arm-none-eabi/lib/thumb/v7e-m+fp/hard/libc_nano.a(libc_a-mlock.o)
                0x08005240                __malloc_unlock
 .text.__ssputs_r
                0x0800524c       0xb6 /opt/st/stm32cubeide_1.18.0/plugins/com.st.stm32cube.ide.mcu.externaltools.gnu-tools-for-stm32.13.3.rel1.linux64_1.0.0.202410170706/tools/bin/../lib/gcc/arm-none-eabi/13.3.1/../../../../arm-none-eabi/lib/thumb/v7e-m+fp/hard/libc_nano.a(libc_a-nano-svfprintf.o)
                0x0800524c                __ssputs_r
 *fill*         0x08005302        0x2 
 .text._svfprintf_r
                0x08005304      0x1f8 /opt/st/stm32cubeide_1.18.0/plugins/com.st.stm32cube.ide.mcu.externaltools.gnu-tools-for-stm32.13.3.rel1.linux64_1.0.0.202410170706/tools/bin/../lib/gcc/arm-none-eabi/13.3.1/../../../../arm-none-eabi/lib/thumb/v7e-m+fp/hard/libc_nano.a(libc_a-nano-svfprintf.o)
                0x08005304                _svfprintf_r
                0x08005304                _svfiprintf_r
 .text._printf_common
                0x080054fc       0xda /opt/st/stm32cubeide_1.18.0/plugins/com.st.stm32cube.ide.mcu.externaltools.gnu-tools-for-stm32.13.3.rel1.linux64_1.0.0.202410170706/tools/bin/../lib/gcc/arm-none-eabi/13.3.1/../../../../arm-none-eabi/lib/thumb/v7e-m+fp/hard/libc_nano.a(libc_a-nano-vfprintf_i.o)
                0x080054fc                _printf_common
 *fill*         0x080055d6        0x2 
 .text._printf_i
                0x080055d8      0x23c /opt/st/stm32cubeide_1.18.0/plugins/com.st.stm32cube.ide.mcu.externaltools.gnu-tools-for-stm32.13.3.rel1.linux64_1.0.0.202410170706/tools/bin/../lib/gcc/arm-none-eabi/13.3.1/../../../../arm-none-eabi/lib/thumb/v7e-m+fp/hard/libc_nano.a(libc_a-nano-vfprintf_i.o)
                0x080055d8                _printf_i
 .text.__sflush_r
                0x08005814      0x108 /opt/st/stm32cubeide_1.18.0/plugins/com.st.stm32cube.ide.mcu.externaltools.gnu-tools-for-stm32.13.3.rel1.linux64_1.0.0.202410170706/tools/bin/../lib/gcc/arm-none-eabi/13.3.1/../../../../arm-none-eabi/lib/thumb/v7e-m+fp/hard/libc_nano.a(libc_a-fflush.o)
                0x08005814                __sflush_r
 .text._fflush_r
                0x0800591c       0x50 /opt/st/stm32cubeide_1.18.0/plugins/com.st.stm32cube.ide.mcu.externaltools.gnu-tools-for-stm32.13.3.rel1.linux64_1.0.0.202410170706/tools/bin/../lib/gcc/arm-none-eabi/13.3.1/../../../../arm-none-eabi/lib/thumb/v7e-m+fp/hard/libc_nano.a(libc_a-fflush.o)
                0x0800591c                _fflush_r
 .text.__swhatbuf_r
                0x0800596c       0x4c /opt/st/stm32cubeide_1.18.0/plugins/com.st.stm32cube.ide.mcu.externaltools.gnu-tools-for-stm32.13.3.rel1.linux64_1.0.0.202410170706/tools/bin/../lib/gcc/arm-none-eabi/13.3.1/../../../../arm-none-eabi/lib/thumb/v7e-m+fp/hard/libc_nano.a(libc_a-makebuf.o)
                0x0800596c                __swhatbuf_r
 .text.__smakebuf_r
                0x080059b8       0x78 /opt/st/stm32cubeide_1.18.0/plugins/com.st.stm32cube.ide.mcu.externaltools.gnu-tools-for-stm32.13.3.rel1.linux64_1.0.0.202410170706/tools/bin/../lib/gcc/arm-none-eabi/13.3.1/../../../../arm-none-eabi/lib/thumb/v7e-m+fp/hard/libc_nano.a(libc_a-makebuf.o)
                0x080059b8                __smakebuf_r
 .text.memmove  0x08005a30       0x34 /opt/st/stm32cubeide_1.18.0/plugins/com.st.stm32cube.ide.mcu.externaltools.gnu-tools-for-stm32.13.3.rel1.linux64_1.0.0.202410170706/tools/bin/../lib/gcc/arm-none-eabi/13.3.1/../../../../arm-none-eabi/lib/thumb/v7e-m+fp/hard/libc_nano.a(libc_a-memmove.o)
                0x08005a30                memmove
 .text._fstat_r
                0x08005a64       0x24 /opt/st/stm32cubeide_1.18.0/plugins/com.st.stm32cube.ide.mcu.externaltools.gnu-tools-for-stm32.13.3.rel1.linux64_1.0.0.202410170706/tools/bin/../lib/gcc/arm-none-eabi/13.3.1/../../../../arm-none-eabi/lib/thumb/v7e-m+fp/hard/libc_nano.a(libc_a-fstatr.o)
                0x08005a64                _fstat_r
 .text._isatty_r
                0x08005a88       0x20 /opt/st/stm32cubeide_1.18.0/plugins/com.st.stm32cube.ide.mcu.externaltools.gnu-tools-for-stm32.13.3.rel1.linux64_1.0.0.202410170706/tools/bin/../lib/gcc/arm-none-eabi/13.3.1/../../../../arm-none-eabi/lib/thumb/v7e-m+fp/hard/libc_nano.a(libc_a-isattyr.o)
                0x08005a88                _isatty_r
 .text._sbrk_r  0x08005aa8       0x20 /opt/st/stm32cubeide_1.18.0/plugins/com.st.stm32cube.ide.mcu.externaltools.gnu-tools-for-stm32.13.3.rel1.linux64_1.0.0.202410170706/tools/bin/../lib/gcc/arm-none-eabi/13.3.1/../../../../arm-none-eabi/lib/thumb/v7e-m+fp/hard/libc_nano.a(libc_a-sbrkr.o)
                0x08005aa8                _sbrk_r
 .text.memcpy   0x08005ac8       0x1c /opt/st/stm32cubeide_1.18.0/plugins/com.st.stm32cube.ide.mcu.externaltools.gnu-tools-for-stm32.13.3.rel1.linux64_1.0.0.202410170706/tools/bin/../lib/gcc/arm-none-eabi/13.3.1/../../../../arm-none-eabi/lib/thumb/v7e-m+fp/hard/libc_nano.a(libc_a-memcpy-stub.o)
                0x08005ac8                memcpy
 .text._realloc_r
                0x08005ae4       0x5c /opt/st/stm32cubeide_1.18.0/plugins/com.st.stm32cube.ide.mcu.externaltools.gnu-tools-for-stm32.13.3.rel1.linux64_1.0.0.202410170706/tools/bin/../lib/gcc/arm-none-eabi/13.3.1/../../../../arm-none-eabi/lib/thumb/v7e-m+fp/hard/libc_nano.a(libc_a-reallocr.o)
                0x08005ae4                _realloc_r
 .text._malloc_usable_size_r
                0x08005b40       0x10 /opt/st/stm32cubeide_1.18.0/plugins/com.st.stm32cube.ide.mcu.externaltools.gnu-tools-for-stm32.13.3.rel1.linux64_1.0.0.202410170706/tools/bin/../lib/gcc/arm-none-eabi/13.3.1/../../../../arm-none-eabi/lib/thumb/v7e-m+fp/hard/libc_nano.a(libc_a-msizer.o)
                0x08005b40                _malloc_usable_size_r
 *(.glue_7)
 .glue_7        0x08005b50        0x0 linker stubs
 *(.glue_7t)
 .glue_7t       0x08005b50        0x0 linker stubs
 *(.eh_frame)
 .eh_frame      0x08005b50        0x0 /opt/st/stm32cubeide_1.18.0/plugins/com.st.stm32cube.ide.mcu.externaltools.gnu-tools-for-stm32.13.3.rel1.linux64_1.0.0.202410170706/tools/bin/../lib/gcc/arm-none-eabi/13.3.1/thumb/v7e-m+fp/hard/crtbegin.o
 *(.init)
 .init          0x08005b50        0x4 /opt/st/stm32cubeide_1.18.0/plugins/com.st.stm32cube.ide.mcu.externaltools.gnu-tools-for-stm32.13.3.rel1.linux64_1.0.0.202410170706/tools/bin/../lib/gcc/arm-none-eabi/13.3.1/thumb/v7e-m+fp/hard/crti.o
                0x08005b50                _init
 .init          0x08005b54        0x8 /opt/st/stm32cubeide_1.18.0/plugins/com.st.stm32cube.ide.mcu.externaltools.gnu-tools-for-stm32.13.3.rel1.linux64_1.0.0.202410170706/tools/bin/../lib/gcc/arm-none-eabi/13.3.1/thumb/v7e-m+fp/hard/crtn.o
 *(.fini)
 .fini          0x08005b5c        0x4 /opt/st/stm32cubeide_1.18.0/plugins/com.st.stm32cube.ide.mcu.externaltools.gnu-tools-for-stm32.13.3.rel1.linux64_1.0.0.202410170706/tools/bin/../lib/gcc/arm-none-eabi/13.3.1/thumb/v7e-m+fp/hard/crti.o
                0x08005b5c                _fini
 .fini          0x08005b60        0x8 /opt/st/stm32cubeide_1.18.0/plugins/com.st.stm32cube.ide.mcu.externaltools.gnu-tools-for-stm32.13.3.rel1.linux64_1.0.0.202410170706/tools/bin/../lib/gcc/arm-none-eabi/13.3.1/thumb/v7e-m+fp/hard/crtn.o
                0x08005b68                        . = ALIGN (0x4)
                0x08005b68                        _etext = .

.vfp11_veneer   0x08005b68        0x0
 .vfp11_veneer  0x08005b68        0x0 linker stubs

.v4_bx          0x08005b68        0x0
 .v4_bx         0x08005b68        0x0 linker stubs

.iplt           0x08005b68        0x0
 .iplt          0x08005b68        0x0 /opt/st/stm32cubeide_1.18.0/plugins/com.st.stm32cube.ide.mcu.externaltools.gnu-tools-for-stm32.13.3.rel1.linux64_1.0.0.202410170706/tools/bin/../lib/gcc/arm-none-eabi/13.3.1/thumb/v7e-m+fp/hard/crtbegin.o

.rodata         0x08005b68      0x2b4
                0x08005b68                        . = ALIGN (0x4)
 *(.rodata)
 *(.rodata*)
 .rodata.QF_port_module_
                0x08005b68        0x8 ./Core/Inc/QV_PORT/qv_port.o
                0x08005b68                QF_port_module_
 .rodata.ResumeEvt.2
                0x08005b70        0x4 ./Core/Src/appfiles/src/bsp.o
 .rodata.Elevator_initial.str1.1
                0x08005b74      0x202 ./Core/Src/appfiles/src/elevator.o
                                 0xcd (size before relaxing)
 .rodata.refreshFeed.str1.1
                0x08005d76       0x25 ./Core/Src/appfiles/src/elevator.o
 .rodata.Elevator_Closing.str1.1
                0x08005d76        0x9 ./Core/Src/appfiles/src/elevator.o
 .rodata.Elevator_Openning.str1.1
                0x08005d76        0x7 ./Core/Src/appfiles/src/elevator.o
 .rodata.Elevator_Opened.str1.1
                0x08005d76        0x9 ./Core/Src/appfiles/src/elevator.o
 .rodata.Elevator_upWards.str1.1
                0x08005d76        0x8 ./Core/Src/appfiles/src/elevator.o
 .rodata.Elevator_downWards.str1.1
                0x08005d76        0xa ./Core/Src/appfiles/src/elevator.o
 .rodata.sitchEvt.0
                0x08005d76        0x4 ./Core/Src/appfiles/src/elevator.o
 .rodata.sitchEvt.1
                0x08005d7a        0x4 ./Core/Src/appfiles/src/elevator.o
 .rodata.Q_this_module_
                0x08005d7e       0x24 ./Core/Src/appfiles/src/elevator.o
 .rodata.main.str1.1
                0x08005da2      0x11d ./Core/Src/appfiles/src/main.o
 *fill*         0x08005da2        0x2 
 .rodata.vtable.0
                0x08005da4        0xc ./Core/Src/qf/qep_hsm.o
 .rodata.l_reservedEvt_
                0x08005db0       0x10 ./Core/Src/qf/qep_hsm.o
 .rodata.Q_this_module_
                0x08005dc0        0x8 ./Core/Src/qf/qep_hsm.o
 .rodata.Q_this_module_
                0x08005dc8        0x8 ./Core/Src/qf/qf_actq.o
 .rodata.Q_this_module_
                0x08005dd0        0x7 ./Core/Src/qf/qf_dyn.o
 .rodata.Q_this_module_
                0x08005dd7        0x7 ./Core/Src/qf/qf_mem.o
 *fill*         0x08005dde        0x2 
 .rodata.vtable.0
                0x08005de0        0xc ./Core/Src/qf/qf_qact.o
 .rodata.Q_this_module_
                0x08005dec        0x8 ./Core/Src/qf/qf_qact.o
 .rodata.Q_this_module_
                0x08005df4        0x7 ./Core/Src/qf/qf_qeq.o
 .rodata.Q_this_module_
                0x08005dfb        0x8 ./Core/Src/qf/qf_time.o
 .rodata.Q_this_module_
                0x08005e03        0x3 ./Core/Src/qv/qv.o
 .rodata.AHBPrescTable
                0x08005e06       0x10 ./Core/Src/system_stm32f4xx.o
                0x08005e06                AHBPrescTable
 .rodata.CDC_Receive_FS.str1.1
                0x08005e16       0x12 ./USB_DEVICE/App/usbd_cdc_if.o
 .rodata.intPress.0
                0x08005e16        0x4 ./USB_DEVICE/App/usbd_cdc_if.o
 .rodata.USBD_FS_ManufacturerStrDescriptor.str1.1
                0x08005e1a       0x13 ./USB_DEVICE/App/usbd_desc.o
 .rodata.USBD_FS_ProductStrDescriptor.str1.1
                0x08005e1a       0x16 ./USB_DEVICE/App/usbd_desc.o
 .rodata.USBD_FS_ConfigStrDescriptor.str1.1
                0x08005e1a        0xb ./USB_DEVICE/App/usbd_desc.o
 .rodata.USBD_FS_InterfaceStrDescriptor.str1.1
                0x08005e1a        0xe ./USB_DEVICE/App/usbd_desc.o
 .rodata._svfprintf_r.str1.1
                0x08005e1a       0x11 /opt/st/stm32cubeide_1.18.0/plugins/com.st.stm32cube.ide.mcu.externaltools.gnu-tools-for-stm32.13.3.rel1.linux64_1.0.0.202410170706/tools/bin/../lib/gcc/arm-none-eabi/13.3.1/../../../../arm-none-eabi/lib/thumb/v7e-m+fp/hard/libc_nano.a(libc_a-nano-svfprintf.o)
 .rodata._printf_i.str1.1
                0x08005e1a       0x22 /opt/st/stm32cubeide_1.18.0/plugins/com.st.stm32cube.ide.mcu.externaltools.gnu-tools-for-stm32.13.3.rel1.linux64_1.0.0.202410170706/tools/bin/../lib/gcc/arm-none-eabi/13.3.1/../../../../arm-none-eabi/lib/thumb/v7e-m+fp/hard/libc_nano.a(libc_a-nano-vfprintf_i.o)
                0x08005e3c                        . = ALIGN (0x4)
 *fill*         0x08005e1a        0x2 

.ARM.extab      0x08005e1c        0x0
                0x08005e1c                        . = ALIGN (0x4)
 *(.ARM.extab* .gnu.linkonce.armextab.*)
                0x08005e1c                        . = ALIGN (0x4)

.ARM            0x08005e1c        0x8
                0x08005e1c                        . = ALIGN (0x4)
                0x08005e1c                        __exidx_start = .
 *(.ARM.exidx*)
 .ARM.exidx     0x08005e1c        0x8 /opt/st/stm32cubeide_1.18.0/plugins/com.st.stm32cube.ide.mcu.externaltools.gnu-tools-for-stm32.13.3.rel1.linux64_1.0.0.202410170706/tools/bin/../lib/gcc/arm-none-eabi/13.3.1/../../../../arm-none-eabi/lib/thumb/v7e-m+fp/hard/libc_nano.a(libc_a-strlen.o)
 .ARM.exidx     0x08005e24        0x0 /opt/st/stm32cubeide_1.18.0/plugins/com.st.stm32cube.ide.mcu.externaltools.gnu-tools-for-stm32.13.3.rel1.linux64_1.0.0.202410170706/tools/bin/../lib/gcc/arm-none-eabi/13.3.1/../../../../arm-none-eabi/lib/thumb/v7e-m+fp/hard/libc_nano.a(libc_a-memchr.o)
                                  0x8 (size before relaxing)
 .ARM.exidx     0x08005e24        0x0 /opt/st/stm32cubeide_1.18.0/plugins/com.st.stm32cube.ide.mcu.externaltools.gnu-tools-for-stm32.13.3.rel1.linux64_1.0.0.202410170706/tools/bin/../lib/gcc/arm-none-eabi/13.3.1/thumb/v7e-m+fp/hard/libgcc.a(_udivmoddi4.o)
                                  0x8 (size before relaxing)
                0x08005e24                        __exidx_end = .
                0x08005e24                        . = ALIGN (0x4)

.preinit_array  0x08005e24        0x0
                0x08005e24                        . = ALIGN (0x4)
                0x08005e24                        PROVIDE (__preinit_array_start = .)
 *(.preinit_array*)
                0x08005e24                        PROVIDE (__preinit_array_end = .)
                0x08005e24                        . = ALIGN (0x4)

.init_array     0x08005e24        0x4
                0x08005e24                        . = ALIGN (0x4)
                0x08005e24                        PROVIDE (__init_array_start = .)
 *(SORT_BY_NAME(.init_array.*))
 *(.init_array*)
 .init_array    0x08005e24        0x4 /opt/st/stm32cubeide_1.18.0/plugins/com.st.stm32cube.ide.mcu.externaltools.gnu-tools-for-stm32.13.3.rel1.linux64_1.0.0.202410170706/tools/bin/../lib/gcc/arm-none-eabi/13.3.1/thumb/v7e-m+fp/hard/crtbegin.o
                0x08005e28                        PROVIDE (__init_array_end = .)
                0x08005e28                        . = ALIGN (0x4)

.fini_array     0x08005e28        0x4
                0x08005e28                        . = ALIGN (0x4)
                [!provide]                        PROVIDE (__fini_array_start = .)
 *(SORT_BY_NAME(.fini_array.*))
 *(.fini_array*)
 .fini_array    0x08005e28        0x4 /opt/st/stm32cubeide_1.18.0/plugins/com.st.stm32cube.ide.mcu.externaltools.gnu-tools-for-stm32.13.3.rel1.linux64_1.0.0.202410170706/tools/bin/../lib/gcc/arm-none-eabi/13.3.1/thumb/v7e-m+fp/hard/crtbegin.o
                [!provide]                        PROVIDE (__fini_array_end = .)
                0x08005e2c                        . = ALIGN (0x4)
                0x08005e2c                        _sidata = LOADADDR (.data)

.rel.dyn        0x08005e2c        0x0
 .rel.iplt      0x08005e2c        0x0 /opt/st/stm32cubeide_1.18.0/plugins/com.st.stm32cube.ide.mcu.externaltools.gnu-tools-for-stm32.13.3.rel1.linux64_1.0.0.202410170706/tools/bin/../lib/gcc/arm-none-eabi/13.3.1/thumb/v7e-m+fp/hard/crtbegin.o

.data           0x20000000      0x158 load address 0x08005e2c
                0x20000000                        . = ALIGN (0x4)
                0x20000000                        _sdata = .
 *(.data)
 *(.data*)
 .data.AOElevator
                0x20000000        0x4 ./Core/Src/appfiles/src/elevator.o
                0x20000000                AOElevator
 .data.SystemCoreClock
                0x20000004        0x4 ./Core/Src/system_stm32f4xx.o
                0x20000004                SystemCoreClock
 .data.uwTickFreq
                0x20000008        0x1 ./Drivers/STM32F4xx_HAL_Driver/Src/stm32f4xx_hal.o
                0x20000008                uwTickFreq
 *fill*         0x20000009        0x3 
 .data.uwTickPrio
                0x2000000c        0x4 ./Drivers/STM32F4xx_HAL_Driver/Src/stm32f4xx_hal.o
                0x2000000c                uwTickPrio
 .data.USBD_CDC_CfgDesc
                0x20000010       0x43 ./Middlewares/ST/STM32_USB_Device_Library/Class/CDC/Src/usbd_cdc.o
 *fill*         0x20000053        0x1 
 .data.USBD_CDC
                0x20000054       0x38 ./Middlewares/ST/STM32_USB_Device_Library/Class/CDC/Src/usbd_cdc.o
                0x20000054                USBD_CDC
 .data.USBD_CDC_DeviceQualifierDesc
                0x2000008c        0xa ./Middlewares/ST/STM32_USB_Device_Library/Class/CDC/Src/usbd_cdc.o
 *fill*         0x20000096        0x2 
 .data.USBD_Interface_fops_FS
                0x20000098       0x14 ./USB_DEVICE/App/usbd_cdc_if.o
                0x20000098                USBD_Interface_fops_FS
 .data.USBD_StringSerial
                0x200000ac       0x1a ./USB_DEVICE/App/usbd_desc.o
                0x200000ac                USBD_StringSerial
 *fill*         0x200000c6        0x2 
 .data.USBD_LangIDDesc
                0x200000c8        0x4 ./USB_DEVICE/App/usbd_desc.o
                0x200000c8                USBD_LangIDDesc
 .data.USBD_FS_DeviceDesc
                0x200000cc       0x12 ./USB_DEVICE/App/usbd_desc.o
                0x200000cc                USBD_FS_DeviceDesc
 *fill*         0x200000de        0x2 
 .data.FS_Desc  0x200000e0       0x1c ./USB_DEVICE/App/usbd_desc.o
                0x200000e0                FS_Desc
 .data.__sglue  0x200000fc        0xc /opt/st/stm32cubeide_1.18.0/plugins/com.st.stm32cube.ide.mcu.externaltools.gnu-tools-for-stm32.13.3.rel1.linux64_1.0.0.202410170706/tools/bin/../lib/gcc/arm-none-eabi/13.3.1/../../../../arm-none-eabi/lib/thumb/v7e-m+fp/hard/libc_nano.a(libc_a-findfp.o)
                0x200000fc                __sglue
 .data._impure_ptr
                0x20000108        0x4 /opt/st/stm32cubeide_1.18.0/plugins/com.st.stm32cube.ide.mcu.externaltools.gnu-tools-for-stm32.13.3.rel1.linux64_1.0.0.202410170706/tools/bin/../lib/gcc/arm-none-eabi/13.3.1/../../../../arm-none-eabi/lib/thumb/v7e-m+fp/hard/libc_nano.a(libc_a-impure.o)
                0x20000108                _impure_ptr
 .data._impure_data
                0x2000010c       0x4c /opt/st/stm32cubeide_1.18.0/plugins/com.st.stm32cube.ide.mcu.externaltools.gnu-tools-for-stm32.13.3.rel1.linux64_1.0.0.202410170706/tools/bin/../lib/gcc/arm-none-eabi/13.3.1/../../../../arm-none-eabi/lib/thumb/v7e-m+fp/hard/libc_nano.a(libc_a-impure.o)
                0x2000010c                _impure_data
 *(.RamFunc)
 *(.RamFunc*)
                0x20000158                        . = ALIGN (0x4)
                0x20000158                        _edata = .
                0x08005f84                        _siccmram = LOADADDR (.ccmram)

.igot.plt       0x20000158        0x0 load address 0x08005f84
 .igot.plt      0x20000158        0x0 /opt/st/stm32cubeide_1.18.0/plugins/com.st.stm32cube.ide.mcu.externaltools.gnu-tools-for-stm32.13.3.rel1.linux64_1.0.0.202410170706/tools/bin/../lib/gcc/arm-none-eabi/13.3.1/thumb/v7e-m+fp/hard/crtbegin.o

.ccmram         0x10000000        0x0 load address 0x08005f84
                0x10000000                        . = ALIGN (0x4)
                0x10000000                        _sccmram = .
 *(.ccmram)
 *(.ccmram*)
                0x10000000                        . = ALIGN (0x4)
                0x10000000                        _eccmram = .
                0x10000000                        . = ALIGN (0x4)

.bss            0x20000158     0x1f40
                0x20000158                        _sbss = .
                0x20000158                        __bss_start__ = _sbss
 *(.bss)
 .bss           0x20000158       0x1c /opt/st/stm32cubeide_1.18.0/plugins/com.st.stm32cube.ide.mcu.externaltools.gnu-tools-for-stm32.13.3.rel1.linux64_1.0.0.202410170706/tools/bin/../lib/gcc/arm-none-eabi/13.3.1/thumb/v7e-m+fp/hard/crtbegin.o
 *(.bss*)
 .bss.elevatorQueueSto.0
                0x20000174       0x24 ./Core/Src/appfiles/src/bsp.o
 .bss.smlPoolSto.1
                0x20000198       0x6c ./Core/Src/appfiles/src/bsp.o
 .bss.requests  0x20000204        0x2 ./Core/Src/appfiles/src/elevator.o
                0x20000204                requests
 *fill*         0x20000206        0x2 
 .bss.Elevator_inst
                0x20000208       0x74 ./Core/Src/appfiles/src/elevator.o
 .bss.QActive_registry_
                0x2000027c       0x84 ./Core/Src/qf/qf_act.o
                0x2000027c                QActive_registry_
 .bss.QF_priv_  0x20000300       0x40 ./Core/Src/qf/qf_act.o
                0x20000300                QF_priv_
 .bss.QTimeEvt_timeEvtHead_
                0x20000340       0x18 ./Core/Src/qf/qf_time.o
                0x20000340                QTimeEvt_timeEvtHead_
 .bss.QV_priv_  0x20000358        0x8 ./Core/Src/qv/qv.o
                0x20000358                QV_priv_
 .bss.__sbrk_heap_end
                0x20000360        0x4 ./Core/Src/sysmem.o
 .bss.uwTick    0x20000364        0x4 ./Drivers/STM32F4xx_HAL_Driver/Src/stm32f4xx_hal.o
                0x20000364                uwTick
 .bss.cfgidx.0  0x20000368        0x1 ./Middlewares/ST/STM32_USB_Device_Library/Core/Src/usbd_ctlreq.o
 *fill*         0x20000369        0x3 
 .bss.hUsbDeviceFS
                0x2000036c      0x2dc ./USB_DEVICE/App/usb_device.o
                0x2000036c                hUsbDeviceFS
 .bss.UserTxBufferFS
                0x20000648      0x800 ./USB_DEVICE/App/usbd_cdc_if.o
                0x20000648                UserTxBufferFS
 .bss.UserRxBufferFS
                0x20000e48      0x800 ./USB_DEVICE/App/usbd_cdc_if.o
                0x20000e48                UserRxBufferFS
 .bss.USBD_StrDesc
                0x20001648      0x200 ./USB_DEVICE/App/usbd_desc.o
                0x20001648                USBD_StrDesc
 .bss.mem.0     0x20001848      0x220 ./USB_DEVICE/Target/usbd_conf.o
 .bss.hpcd_USB_OTG_FS
                0x20001a68      0x4e4 ./USB_DEVICE/Target/usbd_conf.o
                0x20001a68                hpcd_USB_OTG_FS
 .bss.__sf      0x20001f4c      0x138 /opt/st/stm32cubeide_1.18.0/plugins/com.st.stm32cube.ide.mcu.externaltools.gnu-tools-for-stm32.13.3.rel1.linux64_1.0.0.202410170706/tools/bin/../lib/gcc/arm-none-eabi/13.3.1/../../../../arm-none-eabi/lib/thumb/v7e-m+fp/hard/libc_nano.a(libc_a-findfp.o)
                0x20001f4c                __sf
 .bss.__stdio_exit_handler
                0x20002084        0x4 /opt/st/stm32cubeide_1.18.0/plugins/com.st.stm32cube.ide.mcu.externaltools.gnu-tools-for-stm32.13.3.rel1.linux64_1.0.0.202410170706/tools/bin/../lib/gcc/arm-none-eabi/13.3.1/../../../../arm-none-eabi/lib/thumb/v7e-m+fp/hard/libc_nano.a(libc_a-findfp.o)
                0x20002084                __stdio_exit_handler
 .bss.errno     0x20002088        0x4 /opt/st/stm32cubeide_1.18.0/plugins/com.st.stm32cube.ide.mcu.externaltools.gnu-tools-for-stm32.13.3.rel1.linux64_1.0.0.202410170706/tools/bin/../lib/gcc/arm-none-eabi/13.3.1/../../../../arm-none-eabi/lib/thumb/v7e-m+fp/hard/libc_nano.a(libc_a-reent.o)
                0x20002088                errno
 .bss.__lock___malloc_recursive_mutex
                0x2000208c        0x1 /opt/st/stm32cubeide_1.18.0/plugins/com.st.stm32cube.ide.mcu.externaltools.gnu-tools-for-stm32.13.3.rel1.linux64_1.0.0.202410170706/tools/bin/../lib/gcc/arm-none-eabi/13.3.1/../../../../arm-none-eabi/lib/thumb/v7e-m+fp/hard/libc_nano.a(libc_a-lock.o)
                0x2000208c                __lock___malloc_recursive_mutex
 .bss.__lock___sfp_recursive_mutex
                0x2000208d        0x1 /opt/st/stm32cubeide_1.18.0/plugins/com.st.stm32cube.ide.mcu.externaltools.gnu-tools-for-stm32.13.3.rel1.linux64_1.0.0.202410170706/tools/bin/../lib/gcc/arm-none-eabi/13.3.1/../../../../arm-none-eabi/lib/thumb/v7e-m+fp/hard/libc_nano.a(libc_a-lock.o)
                0x2000208d                __lock___sfp_recursive_mutex
 *fill*         0x2000208e        0x2 
 .bss.__malloc_sbrk_start
                0x20002090        0x4 /opt/st/stm32cubeide_1.18.0/plugins/com.st.stm32cube.ide.mcu.externaltools.gnu-tools-for-stm32.13.3.rel1.linux64_1.0.0.202410170706/tools/bin/../lib/gcc/arm-none-eabi/13.3.1/../../../../arm-none-eabi/lib/thumb/v7e-m+fp/hard/libc_nano.a(libc_a-mallocr.o)
                0x20002090                __malloc_sbrk_start
 .bss.__malloc_free_list
                0x20002094        0x4 /opt/st/stm32cubeide_1.18.0/plugins/com.st.stm32cube.ide.mcu.externaltools.gnu-tools-for-stm32.13.3.rel1.linux64_1.0.0.202410170706/tools/bin/../lib/gcc/arm-none-eabi/13.3.1/../../../../arm-none-eabi/lib/thumb/v7e-m+fp/hard/libc_nano.a(libc_a-mallocr.o)
                0x20002094                __malloc_free_list
 *(COMMON)
                0x20002098                        . = ALIGN (0x4)
                0x20002098                        _ebss = .
                0x20002098                        __bss_end__ = _ebss

._user_heap_stack
                0x20002098      0x600
                0x20002098                        . = ALIGN (0x8)
                [!provide]                        PROVIDE (end = .)
                0x20002098                        PROVIDE (_end = .)
                0x20002298                        . = (. + _Min_Heap_Size)
 *fill*         0x20002098      0x200 
                0x20002698                        . = (. + _Min_Stack_Size)
 *fill*         0x20002298      0x400 
                0x20002698                        . = ALIGN (0x8)

/DISCARD/
 libc.a(*)
 libm.a(*)
 libgcc.a(*)

.ARM.attributes
                0x00000000       0x30
 *(.ARM.attributes)
 .ARM.attributes
                0x00000000       0x22 /opt/st/stm32cubeide_1.18.0/plugins/com.st.stm32cube.ide.mcu.externaltools.gnu-tools-for-stm32.13.3.rel1.linux64_1.0.0.202410170706/tools/bin/../lib/gcc/arm-none-eabi/13.3.1/thumb/v7e-m+fp/hard/crti.o
 .ARM.attributes
                0x00000022       0x34 /opt/st/stm32cubeide_1.18.0/plugins/com.st.stm32cube.ide.mcu.externaltools.gnu-tools-for-stm32.13.3.rel1.linux64_1.0.0.202410170706/tools/bin/../lib/gcc/arm-none-eabi/13.3.1/thumb/v7e-m+fp/hard/crtbegin.o
 .ARM.attributes
                0x00000056       0x34 ./Core/Inc/QV_PORT/qv_port.o
 .ARM.attributes
                0x0000008a       0x34 ./Core/Src/appfiles/src/bsp.o
 .ARM.attributes
                0x000000be       0x34 ./Core/Src/appfiles/src/elevator.o
 .ARM.attributes
                0x000000f2       0x34 ./Core/Src/appfiles/src/main.o
 .ARM.attributes
                0x00000126       0x34 ./Core/Src/appfiles/src/stdfunctions.o
 .ARM.attributes
                0x0000015a       0x34 ./Core/Src/qf/qep_hsm.o
 .ARM.attributes
                0x0000018e       0x34 ./Core/Src/qf/qf_act.o
 .ARM.attributes
                0x000001c2       0x34 ./Core/Src/qf/qf_actq.o
 .ARM.attributes
                0x000001f6       0x34 ./Core/Src/qf/qf_dyn.o
 .ARM.attributes
                0x0000022a       0x34 ./Core/Src/qf/qf_mem.o
 .ARM.attributes
                0x0000025e       0x34 ./Core/Src/qf/qf_qact.o
 .ARM.attributes
                0x00000292       0x34 ./Core/Src/qf/qf_qeq.o
 .ARM.attributes
                0x000002c6       0x34 ./Core/Src/qf/qf_time.o
 .ARM.attributes
                0x000002fa       0x34 ./Core/Src/qv/qv.o
 .ARM.attributes
                0x0000032e       0x34 ./Core/Src/stm32f4xx_hal_msp.o
 .ARM.attributes
                0x00000362       0x34 ./Core/Src/stm32f4xx_it.o
 .ARM.attributes
                0x00000396       0x34 ./Core/Src/syscalls.o
 .ARM.attributes
                0x000003ca       0x34 ./Core/Src/sysmem.o
 .ARM.attributes
                0x000003fe       0x34 ./Core/Src/system_stm32f4xx.o
 .ARM.attributes
                0x00000432       0x21 ./Core/Startup/startup_stm32f407vgtx.o
 .ARM.attributes
                0x00000453       0x34 ./Drivers/STM32F4xx_HAL_Driver/Src/stm32f4xx_hal.o
 .ARM.attributes
                0x00000487       0x34 ./Drivers/STM32F4xx_HAL_Driver/Src/stm32f4xx_hal_cortex.o
 .ARM.attributes
                0x000004bb       0x34 ./Drivers/STM32F4xx_HAL_Driver/Src/stm32f4xx_hal_gpio.o
 .ARM.attributes
                0x000004ef       0x34 ./Drivers/STM32F4xx_HAL_Driver/Src/stm32f4xx_hal_pcd.o
 .ARM.attributes
                0x00000523       0x34 ./Drivers/STM32F4xx_HAL_Driver/Src/stm32f4xx_hal_pcd_ex.o
 .ARM.attributes
                0x00000557       0x34 ./Drivers/STM32F4xx_HAL_Driver/Src/stm32f4xx_hal_rcc.o
 .ARM.attributes
                0x0000058b       0x34 ./Drivers/STM32F4xx_HAL_Driver/Src/stm32f4xx_ll_usb.o
 .ARM.attributes
                0x000005bf       0x34 ./Middlewares/ST/STM32_USB_Device_Library/Class/CDC/Src/usbd_cdc.o
 .ARM.attributes
                0x000005f3       0x34 ./Middlewares/ST/STM32_USB_Device_Library/Core/Src/usbd_core.o
 .ARM.attributes
                0x00000627       0x34 ./Middlewares/ST/STM32_USB_Device_Library/Core/Src/usbd_ctlreq.o
 .ARM.attributes
                0x0000065b       0x34 ./Middlewares/ST/STM32_USB_Device_Library/Core/Src/usbd_ioreq.o
 .ARM.attributes
                0x0000068f       0x34 ./USB_DEVICE/App/usb_device.o
 .ARM.attributes
                0x000006c3       0x34 ./USB_DEVICE/App/usbd_cdc_if.o
 .ARM.attributes
                0x000006f7       0x34 ./USB_DEVICE/App/usbd_desc.o
 .ARM.attributes
                0x0000072b       0x34 ./USB_DEVICE/Target/usbd_conf.o
 .ARM.attributes
                0x0000075f       0x34 /opt/st/stm32cubeide_1.18.0/plugins/com.st.stm32cube.ide.mcu.externaltools.gnu-tools-for-stm32.13.3.rel1.linux64_1.0.0.202410170706/tools/bin/../lib/gcc/arm-none-eabi/13.3.1/../../../../arm-none-eabi/lib/thumb/v7e-m+fp/hard/libc_nano.a(libc_a-findfp.o)
 .ARM.attributes
                0x00000793       0x34 /opt/st/stm32cubeide_1.18.0/plugins/com.st.stm32cube.ide.mcu.externaltools.gnu-tools-for-stm32.13.3.rel1.linux64_1.0.0.202410170706/tools/bin/../lib/gcc/arm-none-eabi/13.3.1/../../../../arm-none-eabi/lib/thumb/v7e-m+fp/hard/libc_nano.a(libc_a-fwalk.o)
 .ARM.attributes
                0x000007c7       0x34 /opt/st/stm32cubeide_1.18.0/plugins/com.st.stm32cube.ide.mcu.externaltools.gnu-tools-for-stm32.13.3.rel1.linux64_1.0.0.202410170706/tools/bin/../lib/gcc/arm-none-eabi/13.3.1/../../../../arm-none-eabi/lib/thumb/v7e-m+fp/hard/libc_nano.a(libc_a-puts.o)
 .ARM.attributes
                0x000007fb       0x34 /opt/st/stm32cubeide_1.18.0/plugins/com.st.stm32cube.ide.mcu.externaltools.gnu-tools-for-stm32.13.3.rel1.linux64_1.0.0.202410170706/tools/bin/../lib/gcc/arm-none-eabi/13.3.1/../../../../arm-none-eabi/lib/thumb/v7e-m+fp/hard/libc_nano.a(libc_a-snprintf.o)
 .ARM.attributes
                0x0000082f       0x34 /opt/st/stm32cubeide_1.18.0/plugins/com.st.stm32cube.ide.mcu.externaltools.gnu-tools-for-stm32.13.3.rel1.linux64_1.0.0.202410170706/tools/bin/../lib/gcc/arm-none-eabi/13.3.1/../../../../arm-none-eabi/lib/thumb/v7e-m+fp/hard/libc_nano.a(libc_a-stdio.o)
 .ARM.attributes
                0x00000863       0x34 /opt/st/stm32cubeide_1.18.0/plugins/com.st.stm32cube.ide.mcu.externaltools.gnu-tools-for-stm32.13.3.rel1.linux64_1.0.0.202410170706/tools/bin/../lib/gcc/arm-none-eabi/13.3.1/../../../../arm-none-eabi/lib/thumb/v7e-m+fp/hard/libc_nano.a(libc_a-wbuf.o)
 .ARM.attributes