/home/jordan/qp/qp/qpc/include/qp.h:424:20:QPSet_isEmpty	16	static
/home/jordan/qp/qp/qpc/include/qp.h:433:20:QPSet_notEmpty	16	static
/home/jordan/qp/qp/qpc/include/qp.h:471:20:QPSet_remove	16	static
/home/jordan/qp/qp/qpc/include/qp.h:487:28:QPSet_findMax	16	static
../Src/qk/qk.c:53:14:QK_schedLock	24	static,ignoring_inline_asm
../Src/qk/qk.c:81:6:QK_schedUnlock	24	static,ignoring_inline_asm
../Src/qk/qk.c:109:14:QK_sched_	16	static
../Src/qk/qk.c:137:14:QK_sched_act_	24	static
../Src/qk/qk.c:173:6:QK_activate_	40	static
../Src/qk/qk.c:271:6:QF_init	8	static
../Src/qk/qk.c:288:6:QF_stop	8	static
../Src/qk/qk.c:295:7:QF_run	8	static
../Src/qk/qk.c:337:6:QActive_start	24	static
