Archive member included to satisfy reference by file (symbol)

/opt/st/stm32cubeide_1.18.0/plugins/com.st.stm32cube.ide.mcu.externaltools.gnu-tools-for-stm32.13.3.rel1.linux64_1.0.0.202410170706/tools/bin/../lib/gcc/arm-none-eabi/13.3.1/../../../../arm-none-eabi/lib/thumb/v6-m/nofp/libc_nano.a(libc_a-exit.o)
                              /opt/st/stm32cubeide_1.18.0/plugins/com.st.stm32cube.ide.mcu.externaltools.gnu-tools-for-stm32.13.3.rel1.linux64_1.0.0.202410170706/tools/bin/../lib/gcc/arm-none-eabi/13.3.1/../../../../arm-none-eabi/lib/thumb/v6-m/nofp/crt0.o (exit)
/opt/st/stm32cubeide_1.18.0/plugins/com.st.stm32cube.ide.mcu.externaltools.gnu-tools-for-stm32.13.3.rel1.linux64_1.0.0.202410170706/tools/bin/../lib/gcc/arm-none-eabi/13.3.1/../../../../arm-none-eabi/lib/thumb/v6-m/nofp/libc_nano.a(libc_a-findfp.o)
                              /opt/st/stm32cubeide_1.18.0/plugins/com.st.stm32cube.ide.mcu.externaltools.gnu-tools-for-stm32.13.3.rel1.linux64_1.0.0.202410170706/tools/bin/../lib/gcc/arm-none-eabi/13.3.1/../../../../arm-none-eabi/lib/thumb/v6-m/nofp/libc_nano.a(libc_a-exit.o) (__stdio_exit_handler)
/opt/st/stm32cubeide_1.18.0/plugins/com.st.stm32cube.ide.mcu.externaltools.gnu-tools-for-stm32.13.3.rel1.linux64_1.0.0.202410170706/tools/bin/../lib/gcc/arm-none-eabi/13.3.1/../../../../arm-none-eabi/lib/thumb/v6-m/nofp/libc_nano.a(libc_a-fwalk.o)
                              /opt/st/stm32cubeide_1.18.0/plugins/com.st.stm32cube.ide.mcu.externaltools.gnu-tools-for-stm32.13.3.rel1.linux64_1.0.0.202410170706/tools/bin/../lib/gcc/arm-none-eabi/13.3.1/../../../../arm-none-eabi/lib/thumb/v6-m/nofp/libc_nano.a(libc_a-findfp.o) (_fwalk_sglue)
/opt/st/stm32cubeide_1.18.0/plugins/com.st.stm32cube.ide.mcu.externaltools.gnu-tools-for-stm32.13.3.rel1.linux64_1.0.0.202410170706/tools/bin/../lib/gcc/arm-none-eabi/13.3.1/../../../../arm-none-eabi/lib/thumb/v6-m/nofp/libc_nano.a(libc_a-stdio.o)
                              /opt/st/stm32cubeide_1.18.0/plugins/com.st.stm32cube.ide.mcu.externaltools.gnu-tools-for-stm32.13.3.rel1.linux64_1.0.0.202410170706/tools/bin/../lib/gcc/arm-none-eabi/13.3.1/../../../../arm-none-eabi/lib/thumb/v6-m/nofp/libc_nano.a(libc_a-findfp.o) (__sread)
/opt/st/stm32cubeide_1.18.0/plugins/com.st.stm32cube.ide.mcu.externaltools.gnu-tools-for-stm32.13.3.rel1.linux64_1.0.0.202410170706/tools/bin/../lib/gcc/arm-none-eabi/13.3.1/../../../../arm-none-eabi/lib/thumb/v6-m/nofp/libc_nano.a(libc_a-memset.o)
                              /opt/st/stm32cubeide_1.18.0/plugins/com.st.stm32cube.ide.mcu.externaltools.gnu-tools-for-stm32.13.3.rel1.linux64_1.0.0.202410170706/tools/bin/../lib/gcc/arm-none-eabi/13.3.1/../../../../arm-none-eabi/lib/thumb/v6-m/nofp/crt0.o (memset)
/opt/st/stm32cubeide_1.18.0/plugins/com.st.stm32cube.ide.mcu.externaltools.gnu-tools-for-stm32.13.3.rel1.linux64_1.0.0.202410170706/tools/bin/../lib/gcc/arm-none-eabi/13.3.1/../../../../arm-none-eabi/lib/thumb/v6-m/nofp/libc_nano.a(libc_a-closer.o)
                              /opt/st/stm32cubeide_1.18.0/plugins/com.st.stm32cube.ide.mcu.externaltools.gnu-tools-for-stm32.13.3.rel1.linux64_1.0.0.202410170706/tools/bin/../lib/gcc/arm-none-eabi/13.3.1/../../../../arm-none-eabi/lib/thumb/v6-m/nofp/libc_nano.a(libc_a-stdio.o) (_close_r)
/opt/st/stm32cubeide_1.18.0/plugins/com.st.stm32cube.ide.mcu.externaltools.gnu-tools-for-stm32.13.3.rel1.linux64_1.0.0.202410170706/tools/bin/../lib/gcc/arm-none-eabi/13.3.1/../../../../arm-none-eabi/lib/thumb/v6-m/nofp/libc_nano.a(libc_a-reent.o)
                              /opt/st/stm32cubeide_1.18.0/plugins/com.st.stm32cube.ide.mcu.externaltools.gnu-tools-for-stm32.13.3.rel1.linux64_1.0.0.202410170706/tools/bin/../lib/gcc/arm-none-eabi/13.3.1/../../../../arm-none-eabi/lib/thumb/v6-m/nofp/libc_nano.a(libc_a-closer.o) (errno)
/opt/st/stm32cubeide_1.18.0/plugins/com.st.stm32cube.ide.mcu.externaltools.gnu-tools-for-stm32.13.3.rel1.linux64_1.0.0.202410170706/tools/bin/../lib/gcc/arm-none-eabi/13.3.1/../../../../arm-none-eabi/lib/thumb/v6-m/nofp/libc_nano.a(libc_a-impure.o)
                              /opt/st/stm32cubeide_1.18.0/plugins/com.st.stm32cube.ide.mcu.externaltools.gnu-tools-for-stm32.13.3.rel1.linux64_1.0.0.202410170706/tools/bin/../lib/gcc/arm-none-eabi/13.3.1/../../../../arm-none-eabi/lib/thumb/v6-m/nofp/libc_nano.a(libc_a-reent.o) (_impure_ptr)
/opt/st/stm32cubeide_1.18.0/plugins/com.st.stm32cube.ide.mcu.externaltools.gnu-tools-for-stm32.13.3.rel1.linux64_1.0.0.202410170706/tools/bin/../lib/gcc/arm-none-eabi/13.3.1/../../../../arm-none-eabi/lib/thumb/v6-m/nofp/libc_nano.a(libc_a-lseekr.o)
                              /opt/st/stm32cubeide_1.18.0/plugins/com.st.stm32cube.ide.mcu.externaltools.gnu-tools-for-stm32.13.3.rel1.linux64_1.0.0.202410170706/tools/bin/../lib/gcc/arm-none-eabi/13.3.1/../../../../arm-none-eabi/lib/thumb/v6-m/nofp/libc_nano.a(libc_a-stdio.o) (_lseek_r)
[...]
Memory Configuration

Name             Origin             Length             Attributes
ROM              0x08000000         0x00008000         xr
RAM              0x20000000         0x00003000         xrw
*default*        0x00000000         0xffffffff

Linker script and memory map

LOAD /opt/st/stm32cubeide_1.18.0/plugins/com.st.stm32cube.ide.mcu.externaltools.gnu-tools-for-stm32.13.3.rel1.linux64_1.0.0.202410170706/tools/bin/../lib/gcc/arm-none-eabi/13.3.1/thumb/v6-m/nofp/crti.o
LOAD /opt/st/stm32cubeide_1.18.0/plugins/com.st.stm32cube.ide.mcu.externaltools.gnu-tools-for-stm32.13.3.rel1.linux64_1.0.0.202410170706/tools/bin/../lib/gcc/arm-none-eabi/13.3.1/thumb/v6-m/nofp/crtbegin.o
LOAD /opt/st/stm32cubeide_1.18.0/plugins/com.st.stm32cube.ide.mcu.externaltools.gnu-tools-for-stm32.13.3.rel1.linux64_1.0.0.202410170706/tools/bin/../lib/gcc/arm-none-eabi/13.3.1/../../../../arm-none-eabi/lib/thumb/v6-m/nofp/crt0.o
LOAD ./3rdParty/nucleo-c031c6/gnu/startup_stm32c031xx.o
LOAD ./3rdParty/nucleo-c031c6/nucleo-c031c6/system_stm32c0xx.o
LOAD ./Src/AudioPlayer_nucleo-c031c6/audioPlayer.o
LOAD ./Src/AudioPlayer_nucleo-c031c6/main.o
LOAD ./Src/AudioPlayer_nucleo-c031c6/qk/bsp.o
LOAD ./Src/QPC_PORT/qk_port.o
LOAD ./Src/qf/qep_hsm.o
LOAD ./Src/qf/qep_msm.o
LOAD ./Src/qf/qf_act.o
LOAD ./Src/qf/qf_actq.o
LOAD ./Src/qf/qf_defer.o
LOAD ./Src/qf/qf_dyn.o
LOAD ./Src/qf/qf_mem.o
LOAD ./Src/qf/qf_ps.o
LOAD ./Src/qf/qf_qact.o
LOAD ./Src/qf/qf_qeq.o
LOAD ./Src/qf/qf_qmact.o
LOAD ./Src/qf/qf_time.o
LOAD ./Src/qk/qk.o
LOAD ./Src/qs/qstamp.o
START GROUP
LOAD /opt/st/stm32cubeide_1.18.0/plugins/com.st.stm32cube.ide.mcu.externaltools.gnu-tools-for-stm32.13.3.rel1.linux64_1.0.0.202410170706/tools/bin/../lib/gcc/arm-none-eabi/13.3.1/../../../../arm-none-eabi/lib/thumb/v6-m/nofp/libc_nano.a
LOAD /opt/st/stm32cubeide_1.18.0/plugins/com.st.stm32cube.ide.mcu.externaltools.gnu-tools-for-stm32.13.3.rel1.linux64_1.0.0.202410170706/tools/bin/../lib/gcc/arm-none-eabi/13.3.1/../../../../arm-none-eabi/lib/thumb/v6-m/nofp/libm.a
END GROUP
START GROUP
LOAD /opt/st/stm32cubeide_1.18.0/plugins/com.st.stm32cube.ide.mcu.externaltools.gnu-tools-for-stm32.13.3.rel1.linux64_1.0.0.202410170706/tools/bin/../lib/gcc/arm-none-eabi/13.3.1/thumb/v6-m/nofp/libgcc.a
LOAD /opt/st/stm32cubeide_1.18.0/plugins/com.st.stm32cube.ide.mcu.externaltools.gnu-tools-for-stm32.13.3.rel1.linux64_1.0.0.202410170706/tools/bin/../lib/gcc/arm-none-eabi/13.3.1/../../../../arm-none-eabi/lib/thumb/v6-m/nofp/libc_nano.a
END GROUP
START GROUP
LOAD /opt/st/stm32cubeide_1.18.0/plugins/com.st.stm32cube.ide.mcu.externaltools.gnu-tools-for-stm32.13.3.rel1.linux64_1.0.0.202410170706/tools/bin/../lib/gcc/arm-none-eabi/13.3.1/thumb/v6-m/nofp/libgcc.a
LOAD /opt/st/stm32cubeide_1.18.0/plugins/com.st.stm32cube.ide.mcu.externaltools.gnu-tools-for-stm32.13.3.rel1.linux64_1.0.0.202410170706/tools/bin/../lib/gcc/arm-none-eabi/13.3.1/../../../../arm-none-eabi/lib/thumb/v6-m/nofp/libc_nano.a
LOAD /opt/st/stm32cubeide_1.18.0/plugins/com.st.stm32cube.ide.mcu.externaltools.gnu-tools-for-stm32.13.3.rel1.linux64_1.0.0.202410170706/tools/bin/../lib/gcc/arm-none-eabi/13.3.1/../../../../arm-none-eabi/lib/thumb/v6-m/nofp/libnosys.a
END GROUP
START GROUP
LOAD /opt/st/stm32cubeide_1.18.0/plugins/com.st.stm32cube.ide.mcu.externaltools.gnu-tools-for-stm32.13.3.rel1.linux64_1.0.0.202410170706/tools/bin/../lib/gcc/arm-none-eabi/13.3.1/thumb/v6-m/nofp/libgcc.a
LOAD /opt/st/stm32cubeide_1.18.0/plugins/com.st.stm32cube.ide.mcu.externaltools.gnu-tools-for-stm32.13.3.rel1.linux64_1.0.0.202410170706/tools/bin/../lib/gcc/arm-none-eabi/13.3.1/../../../../arm-none-eabi/lib/thumb/v6-m/nofp/libc_nano.a
LOAD /opt/st/stm32cubeide_1.18.0/plugins/com.st.stm32cube.ide.mcu.externaltools.gnu-tools-for-stm32.13.3.rel1.linux64_1.0.0.202410170706/tools/bin/../lib/gcc/arm-none-eabi/13.3.1/../../../../arm-none-eabi/lib/thumb/v6-m/nofp/libnosys.a
END GROUP
LOAD /opt/st/stm32cubeide_1.18.0/plugins/com.st.stm32cube.ide.mcu.externaltools.gnu-tools-for-stm32.13.3.rel1.linux64_1.0.0.202410170706/tools/bin/../lib/gcc/arm-none-eabi/13.3.1/thumb/v6-m/nofp/crtend.o
LOAD /opt/st/stm32cubeide_1.18.0/plugins/com.st.stm32cube.ide.mcu.externaltools.gnu-tools-for-stm32.13.3.rel1.linux64_1.0.0.202410170706/tools/bin/../lib/gcc/arm-none-eabi/13.3.1/thumb/v6-m/nofp/crtn.o
                0x00000800                        STACK_SIZE = 0x800
                0x00000000                        HEAP_SIZE = 0x0

.isr_vector     0x08000000       0xc0
 *(.isr_vector)
 .isr_vector    0x08000000       0xc0 ./3rdParty/nucleo-c031c6/gnu/startup_stm32c031xx.o
                0x08000000                g_pfnVectors
                0x080000c0                        . = ALIGN (0x4)

.eh_frame       0x080000c0        0x0
 .eh_frame      0x080000c0        0x0 /opt/st/stm32cubeide_1.18.0/plugins/com.st.stm32cube.ide.mcu.externaltools.gnu-tools-for-stm32.13.3.rel1.linux64_1.0.0.202410170706/tools/bin/../lib/gcc/arm-none-eabi/13.3.1/thumb/v6-m/nofp/crtbegin.o

.text           0x080000c0     0x21c8
                0x080000c0                        . = ALIGN (0x4)
 *(.text)
 .text          0x080000c0       0x48 /opt/st/stm32cubeide_1.18.0/plugins/com.st.stm32cube.ide.mcu.externaltools.gnu-tools-for-stm32.13.3.rel1.linux64_1.0.0.202410170706/tools/bin/../lib/gcc/arm-none-eabi/13.3.1/thumb/v6-m/nofp/crtbegin.o
 .text          0x08000108      0x114 /opt/st/stm32cubeide_1.18.0/plugins/com.st.stm32cube.ide.mcu.externaltools.gnu-tools-for-stm32.13.3.rel1.linux64_1.0.0.202410170706/tools/bin/../lib/gcc/arm-none-eabi/13.3.1/thumb/v6-m/nofp/libgcc.a(_udivsi3.o)
                0x08000108                __udivsi3
                0x08000108                __aeabi_uidiv
                0x08000214                __aeabi_uidivmod
 .text          0x0800021c        0x4 /opt/st/stm32cubeide_1.18.0/plugins/com.st.stm32cube.ide.mcu.externaltools.gnu-tools-for-stm32.13.3.rel1.linux64_1.0.0.202410170706/tools/bin/../lib/gcc/arm-none-eabi/13.3.1/thumb/v6-m/nofp/libgcc.a(_dvmd_tls.o)
                0x0800021c                __aeabi_ldiv0
                0x0800021c                __aeabi_idiv0
 *(.text*)
 .text.Reset_Handler
                0x08000220       0x64 ./3rdParty/nucleo-c031c6/gnu/startup_stm32c031xx.o
                0x08000220                Reset_Handler
 .text.HardFault_Handler
                0x08000284       0x18 ./3rdParty/nucleo-c031c6/gnu/startup_stm32c031xx.o
                0x08000284                HardFault_Handler
 .text.Default_Handler
                0x0800029c       0x18 ./3rdParty/nucleo-c031c6/gnu/startup_stm32c031xx.o
                0x0800029c                Reserved18_IRQHandler
                0x0800029c                DebugMon_Handler
                0x0800029c                TIM1_CC_IRQHandler
                0x0800029c                I2C1_IRQHandler
                0x0800029c                Reserved29_IRQHandler
                0x0800029c                DMAMUX1_IRQHandler
                0x0800029c                SPI1_IRQHandler
                0x0800029c                Reserved24_IRQHandler
                0x0800029c                Reserved8_IRQHandler
                0x0800029c                EXTI2_3_IRQHandler
                0x0800029c                ADC1_IRQHandler
                0x0800029c                TIM17_IRQHandler
                0x0800029c                RTC_IRQHandler
                0x0800029c                Reserved15_IRQHandler
                0x0800029c                TIM16_IRQHandler
                0x0800029c                Reserved20_IRQHandler
                0x0800029c                TIM3_IRQHandler
                0x0800029c                EXTI4_15_IRQHandler
                0x0800029c                RCC_IRQHandler
                0x0800029c                DMA1_Channel1_IRQHandler
                0x0800029c                Default_Handler
                0x0800029c                Reserved17_IRQHandler
                0x0800029c                TIM14_IRQHandler
                0x0800029c                Reserved1_IRQHandler
                0x0800029c                EXTI0_1_IRQHandler
                0x0800029c                Reserved31_IRQHandler
                0x0800029c                SVC_Handler
                0x0800029c                Reserved26_IRQHandler
                0x0800029c                WWDG_IRQHandler
                0x0800029c                Reserved30_IRQHandler
                0x0800029c                DMA1_Channel2_3_IRQHandler
                0x0800029c                USART2_IRQHandler
                0x0800029c                FLASH_IRQHandler
                0x0800029c                USART1_IRQHandler
                0x0800029c                TIM1_BRK_UP_TRG_COM_IRQHandler
 .text.SystemInit
                0x080002b4       0x18 ./3rdParty/nucleo-c031c6/nucleo-c031c6/system_stm32c0xx.o
                0x080002b4                SystemInit
 .text.SystemCoreClockUpdate
                0x080002cc       0x94 ./3rdParty/nucleo-c031c6/nucleo-c031c6/system_stm32c0xx.o
                0x080002cc                SystemCoreClockUpdate
 .text.AudioPlayer_initial
                0x08000360       0x30 ./Src/AudioPlayer_nucleo-c031c6/audioPlayer.o
                0x08000360                AudioPlayer_initial
 .text.AudioPlayer_MODE
                0x08000390      0x134 ./Src/AudioPlayer_nucleo-c031c6/audioPlayer.o
                0x08000390                AudioPlayer_MODE
 .text.AudioPlayer_Radio
                0x080004c4       0x74 ./Src/AudioPlayer_nucleo-c031c6/audioPlayer.o
                0x080004c4                AudioPlayer_Radio
 .text.AudioPlayer_Bluetooth
                0x08000538       0x80 ./Src/AudioPlayer_nucleo-c031c6/audioPlayer.o
                0x08000538                AudioPlayer_Bluetooth
 .text.AudioPlayer_BT_Init
                0x080005b8       0x48 ./Src/AudioPlayer_nucleo-c031c6/audioPlayer.o
                0x080005b8                AudioPlayer_BT_Init
 .text.AudioPlayer_Pairing
                0x08000600       0x3c ./Src/AudioPlayer_nucleo-c031c6/audioPlayer.o
                0x08000600                AudioPlayer_Pairing
 .text.AudioPlayer_Pair
                0x0800063c       0x24 ./Src/AudioPlayer_nucleo-c031c6/audioPlayer.o
                0x0800063c                AudioPlayer_Pair
 .text.AudioPlayer_SD_card_Input
                0x08000660       0x84 ./Src/AudioPlayer_nucleo-c031c6/audioPlayer.o
                0x08000660                AudioPlayer_SD_card_Input
 .text.AudioPlayer_OFF
                0x080006e4       0x38 ./Src/AudioPlayer_nucleo-c031c6/audioPlayer.o
                0x080006e4                AudioPlayer_OFF
 .text.AudioPlayer_ctor
                0x0800071c       0x50 ./Src/AudioPlayer_nucleo-c031c6/audioPlayer.o
                0x0800071c                AudioPlayer_ctor
 .text.main     0x0800076c       0x1c ./Src/AudioPlayer_nucleo-c031c6/main.o
                0x0800076c                main
 .text.__NVIC_SetPriority
                0x08000788       0xdc ./Src/AudioPlayer_nucleo-c031c6/qk/bsp.o
 .text.SysTick_Config
                0x08000864       0x48 ./Src/AudioPlayer_nucleo-c031c6/qk/bsp.o
 .text.Q_onError
                0x080008ac       0x16 ./Src/AudioPlayer_nucleo-c031c6/qk/bsp.o
                0x080008ac                Q_onError
 .text.assert_failed
                0x080008c2       0x16 ./Src/AudioPlayer_nucleo-c031c6/qk/bsp.o
                0x080008c2                assert_failed
 .text.SysTick_Handler
                0x080008d8      0x154 ./Src/AudioPlayer_nucleo-c031c6/qk/bsp.o
                0x080008d8                SysTick_Handler
 .text.BSP_init
                0x08000a2c      0x130 ./Src/AudioPlayer_nucleo-c031c6/qk/bsp.o
                0x08000a2c                BSP_init
 .text.BSP_start
                0x08000b5c       0x34 ./Src/AudioPlayer_nucleo-c031c6/qk/bsp.o
                0x08000b5c                BSP_start
 .text.BSP_terminate
                0x08000b90        0xa ./Src/AudioPlayer_nucleo-c031c6/qk/bsp.o
                0x08000b90                BSP_terminate
 *fill*         0x08000b9a        0x2 
 .text.QF_onStartup
                0x08000b9c       0x38 ./Src/AudioPlayer_nucleo-c031c6/qk/bsp.o
                0x08000b9c                QF_onStartup
 .text.QK_onIdle
                0x08000bd4        0xa ./Src/AudioPlayer_nucleo-c031c6/qk/bsp.o
                0x08000bd4                QK_onIdle
 .text.bspMute  0x08000bde        0xa ./Src/AudioPlayer_nucleo-c031c6/qk/bsp.o
                0x08000bde                bspMute
 .text.BspSeekNext
                0x08000be8        0xa ./Src/AudioPlayer_nucleo-c031c6/qk/bsp.o
                0x08000be8                BspSeekNext
 .text.BspSeekPrev
                0x08000bf2        0xa ./Src/AudioPlayer_nucleo-c031c6/qk/bsp.o
                0x08000bf2                BspSeekPrev
 .text.BspTramitSignal
                0x08000bfc        0xa ./Src/AudioPlayer_nucleo-c031c6/qk/bsp.o
                0x08000bfc                BspTramitSignal
 .text.bspTrasNext
                0x08000c06        0xa ./Src/AudioPlayer_nucleo-c031c6/qk/bsp.o
                0x08000c06                bspTrasNext
 .text.bspTrasPrev
                0x08000c10        0xa ./Src/AudioPlayer_nucleo-c031c6/qk/bsp.o
                0x08000c10                bspTrasPrev
 .text.bspResumeRead
                0x08000c1a        0xa ./Src/AudioPlayer_nucleo-c031c6/qk/bsp.o
                0x08000c1a                bspResumeRead
 .text.bspSaveReadState
                0x08000c24        0xa ./Src/AudioPlayer_nucleo-c031c6/qk/bsp.o
                0x08000c24                bspSaveReadState
 .text.bspUnmountSDCard
                0x08000c2e        0xa ./Src/AudioPlayer_nucleo-c031c6/qk/bsp.o
                0x08000c2e                bspUnmountSDCard
 .text.bspMountSDCard
                0x08000c38        0xa ./Src/AudioPlayer_nucleo-c031c6/qk/bsp.o
                0x08000c38                bspMountSDCard
 .text.bspPauseRead
                0x08000c42        0xa ./Src/AudioPlayer_nucleo-c031c6/qk/bsp.o
                0x08000c42                bspPauseRead
 .text.bspReadNext
                0x08000c4c        0xa ./Src/AudioPlayer_nucleo-c031c6/qk/bsp.o
                0x08000c4c                bspReadNext
 .text.bspReadPrev
                0x08000c56        0xa ./Src/AudioPlayer_nucleo-c031c6/qk/bsp.o
                0x08000c56                bspReadPrev
 .text.QF_int_disable_
                0x08000c60       0x20 ./Src/QPC_PORT/qk_port.o
                0x08000c60                QF_int_disable_
 .text.QF_int_enable_
                0x08000c80       0x20 ./Src/QPC_PORT/qk_port.o
                0x08000c80                QF_int_enable_
 .text.QF_crit_entry_
                0x08000ca0       0x20 ./Src/QPC_PORT/qk_port.o
                0x08000ca0                QF_crit_entry_
 .text.QF_crit_exit_
                0x08000cc0       0x20 ./Src/QPC_PORT/qk_port.o
                0x08000cc0                QF_crit_exit_
 .text.QK_init  0x08000ce0       0x1c ./Src/QPC_PORT/qk_port.o
                0x08000ce0                QK_init
 .text.PendSV_Handler
                0x08000cfc       0x34 ./Src/QPC_PORT/qk_port.o
                0x08000cfc                PendSV_Handler
 .text.QK_thread_ret
                0x08000d30       0x28 ./Src/QPC_PORT/qk_port.o
                0x08000d30                QK_thread_ret
 .text.NMI_Handler
                0x08000d58       0x10 ./Src/QPC_PORT/qk_port.o
                0x08000d58                NMI_Handler
 .text.QF_qlog2
                0x08000d68       0x3c ./Src/QPC_PORT/qk_port.o
                0x08000d68                QF_qlog2
 .text.QHsm_ctor
                0x08000da4       0x2c ./Src/qf/qep_hsm.o
                0x08000da4                QHsm_ctor
 .text.QHsm_init_
                0x08000dd0      0x104 ./Src/qf/qep_hsm.o
                0x08000dd0                QHsm_init_
 .text.QHsm_dispatch_
                0x08000ed4      0x140 ./Src/qf/qep_hsm.o
                0x08000ed4                QHsm_dispatch_
 .text.QHsm_isIn_
                0x08001014       0x5c ./Src/qf/qep_hsm.o
                0x08001014                QHsm_isIn_
 .text.QHsm_top
                0x08001070       0x14 ./Src/qf/qep_hsm.o
                0x08001070                QHsm_top
 .text.QHsm_tran_simple_
                0x08001084       0xb4 ./Src/qf/qep_hsm.o
 .text.QHsm_tran_complex_
                0x08001138      0x14c ./Src/qf/qep_hsm.o
 .text.QHsm_enter_target_
                0x08001284      0x11c ./Src/qf/qep_hsm.o
 .text.QF_bzero_
                0x080013a0       0x36 ./Src/qf/qf_act.o
                0x080013a0                QF_bzero_
 .text.QPSet_insert
                0x080013d6       0x26 ./Src/qf/qf_actq.o
 .text.QEvt_refCtr_inc_
                0x080013fc       0x26 ./Src/qf/qf_actq.o
 *fill*         0x08001422        0x2 
 .text.QActive_post_
                0x08001424       0xd0 ./Src/qf/qf_actq.o
                0x08001424                QActive_post_
 .text.QActive_get_
                0x080014f4       0xe0 ./Src/qf/qf_actq.o
                0x080014f4                QActive_get_
 .text.QActive_postFIFO_
                0x080015d4       0xc4 ./Src/qf/qf_actq.o
 .text.QEvt_refCtr_dec_
                0x08001698       0x26 ./Src/qf/qf_dyn.o
 *fill*         0x080016be        0x2 
 .text.QF_gc    0x080016c0       0xc0 ./Src/qf/qf_dyn.o
                0x080016c0                QF_gc
 .text.QMPool_put
                0x08001780       0x90 ./Src/qf/qf_mem.o
                0x08001780                QMPool_put
 .text.QActive_ctor
                0x08001810       0x34 ./Src/qf/qf_qact.o
                0x08001810                QActive_ctor
 .text.QActive_register_
                0x08001844      0x118 ./Src/qf/qf_qact.o
                0x08001844                QActive_register_
 .text.QEQueue_init
                0x0800195c       0x6c ./Src/qf/qf_qeq.o
                0x0800195c                QEQueue_init
 .text.QEvt_ctor
                0x080019c8       0x26 ./Src/qf/qf_time.o
 *fill*         0x080019ee        0x2 
 .text.QTimeEvt_ctorX
                0x080019f0       0x74 ./Src/qf/qf_time.o
                0x080019f0                QTimeEvt_ctorX
 .text.QTimeEvt_armX
                0x08001a64       0xb4 ./Src/qf/qf_time.o
                0x08001a64                QTimeEvt_armX
 .text.QTimeEvt_disarm
                0x08001b18       0x5c ./Src/qf/qf_time.o
                0x08001b18                QTimeEvt_disarm
 .text.QTimeEvt_init
                0x08001b74       0x40 ./Src/qf/qf_time.o
                0x08001b74                QTimeEvt_init
 .text.QTimeEvt_tick_
                0x08001bb4      0x138 ./Src/qf/qf_time.o
                0x08001bb4                QTimeEvt_tick_
 .text.QTimeEvt_expire_
                0x08001cec       0x4e ./Src/qf/qf_time.o
                0x08001cec                QTimeEvt_expire_
 .text.QPSet_isEmpty
                0x08001d3a       0x1a ./Src/qk/qk.o
 .text.QPSet_notEmpty
                0x08001d54       0x1a ./Src/qk/qk.o
 .text.QPSet_remove
                0x08001d6e       0x28 ./Src/qk/qk.o
 .text.QPSet_findMax
                0x08001d96       0x1c ./Src/qk/qk.o
 *fill*         0x08001db2        0x2 
 .text.QK_sched_
                0x08001db4       0x58 ./Src/qk/qk.o
                0x08001db4                QK_sched_
 .text.QK_sched_act_
                0x08001e0c       0x6c ./Src/qk/qk.o
                0x08001e0c                QK_sched_act_
 .text.QK_activate_
                0x08001e78       0xf8 ./Src/qk/qk.o
                0x08001e78                QK_activate_
 .text.QF_init  0x08001f70       0x44 ./Src/qk/qk.o
                0x08001f70                QF_init
 .text.QF_run   0x08001fb4       0x2c ./Src/qk/qk.o
                0x08001fb4                QF_run
 .text.QActive_start
                0x08001fe0       0x98 ./Src/qk/qk.o
                0x08001fe0                QActive_start
 .text.__libc_init_array
                0x08002078       0x48 /opt/st/stm32cubeide_1.18.0/plugins/com.st.stm32cube.ide.mcu.externaltools.gnu-tools-for-stm32.13.3.rel1.linux64_1.0.0.202410170706/tools/bin/../lib/gcc/arm-none-eabi/13.3.1/../../../../arm-none-eabi/lib/thumb/v6-m/nofp/libc_nano.a(libc_a-init.o)
                0x08002078                __libc_init_array
 *(.rodata)
 .rodata        0x080020c0       0x28 ./3rdParty/nucleo-c031c6/gnu/startup_stm32c031xx.o
 *(.rodata*)
 .rodata.AHBPrescTable
                0x080020e8       0x40 ./3rdParty/nucleo-c031c6/nucleo-c031c6/system_stm32c0xx.o
                0x080020e8                AHBPrescTable
 .rodata.AudioPlayer_MODE
                0x08002128       0x2c ./Src/AudioPlayer_nucleo-c031c6/audioPlayer.o
 .rodata.AudioPlayer_Radio
                0x08002154       0x30 ./Src/AudioPlayer_nucleo-c031c6/audioPlayer.o
 .rodata.AudioPlayer_Bluetooth
                0x08002184       0x30 ./Src/AudioPlayer_nucleo-c031c6/audioPlayer.o
 .rodata.AudioPlayer_SD_card_Input
                0x080021b4       0x30 ./Src/AudioPlayer_nucleo-c031c6/audioPlayer.o
 .rodata.AO_AudioPlayer
                0x080021e4        0x4 ./Src/AudioPlayer_nucleo-c031c6/audioPlayer.o
                0x080021e4                AO_AudioPlayer
 .rodata.nextEvt.1
                0x080021e8        0x4 ./Src/AudioPlayer_nucleo-c031c6/audioPlayer.o
 .rodata.prevEvt.0
                0x080021ec        0x4 ./Src/AudioPlayer_nucleo-c031c6/audioPlayer.o
 .rodata.plusEvt.5
                0x080021f0        0x4 ./Src/AudioPlayer_nucleo-c031c6/qk/bsp.o
 .rodata.releaseEvt.4
                0x080021f4        0x4 ./Src/AudioPlayer_nucleo-c031c6/qk/bsp.o
 .rodata.minusEvt.3
                0x080021f8        0x4 ./Src/AudioPlayer_nucleo-c031c6/qk/bsp.o
 .rodata.modeEvt.2
                0x080021fc        0x4 ./Src/AudioPlayer_nucleo-c031c6/qk/bsp.o
 .rodata.pauseplayEvt.1
                0x08002200        0x4 ./Src/AudioPlayer_nucleo-c031c6/qk/bsp.o
 .rodata.QF_port_module_
                0x08002204        0x8 ./Src/QPC_PORT/qk_port.o
                0x08002204                QF_port_module_
 .rodata.Q_this_module_
                0x0800220c        0x8 ./Src/qf/qep_hsm.o
 .rodata.l_reservedEvt_
                0x08002214       0x10 ./Src/qf/qep_hsm.o
 .rodata.vtable.0
                0x08002224        0xc ./Src/qf/qep_hsm.o
 .rodata.Q_this_module_
                0x08002230        0x8 ./Src/qf/qf_actq.o
 .rodata.Q_this_module_
                0x08002238        0x7 ./Src/qf/qf_dyn.o
 *fill*         0x0800223f        0x1 
 .rodata.Q_this_module_
                0x08002240        0x7 ./Src/qf/qf_mem.o
 *fill*         0x08002247        0x1 
 .rodata.Q_this_module_
                0x08002248        0x8 ./Src/qf/qf_qact.o
 .rodata.vtable.0
                0x08002250        0xc ./Src/qf/qf_qact.o
 .rodata.Q_this_module_
                0x0800225c        0x7 ./Src/qf/qf_qeq.o
 *fill*         0x08002263        0x1 
 .rodata.Q_this_module_
                0x08002264        0x8 ./Src/qf/qf_time.o
 .rodata.Q_this_module_
                0x0800226c        0x3 ./Src/qk/qk.o
 *(.init)
 *fill*         0x0800226f        0x1 
 .init          0x08002270        0x4 /opt/st/stm32cubeide_1.18.0/plugins/com.st.stm32cube.ide.mcu.externaltools.gnu-tools-for-stm32.13.3.rel1.linux64_1.0.0.202410170706/tools/bin/../lib/gcc/arm-none-eabi/13.3.1/thumb/v6-m/nofp/crti.o
                0x08002270                _init
 .init          0x08002274        0x8 /opt/st/stm32cubeide_1.18.0/plugins/com.st.stm32cube.ide.mcu.externaltools.gnu-tools-for-stm32.13.3.rel1.linux64_1.0.0.202410170706/tools/bin/../lib/gcc/arm-none-eabi/13.3.1/thumb/v6-m/nofp/crtn.o
 *(.fini)
 .fini          0x0800227c        0x4 /opt/st/stm32cubeide_1.18.0/plugins/com.st.stm32cube.ide.mcu.externaltools.gnu-tools-for-stm32.13.3.rel1.linux64_1.0.0.202410170706/tools/bin/../lib/gcc/arm-none-eabi/13.3.1/thumb/v6-m/nofp/crti.o
                0x0800227c                _fini
 .fini          0x08002280        0x8 /opt/st/stm32cubeide_1.18.0/plugins/com.st.stm32cube.ide.mcu.externaltools.gnu-tools-for-stm32.13.3.rel1.linux64_1.0.0.202410170706/tools/bin/../lib/gcc/arm-none-eabi/13.3.1/thumb/v6-m/nofp/crtn.o
                0x08002288                        . = ALIGN (0x4)

.glue_7         0x08002288        0x0
 .glue_7        0x08002288        0x0 linker stubs

.glue_7t        0x08002288        0x0
 .glue_7t       0x08002288        0x0 linker stubs

.vfp11_veneer   0x08002288        0x0
 .vfp11_veneer  0x08002288        0x0 linker stubs

.v4_bx          0x08002288        0x0
 .v4_bx         0x08002288        0x0 linker stubs

.iplt           0x08002288        0x0
 .iplt          0x08002288        0x0 /opt/st/stm32cubeide_1.18.0/plugins/com.st.stm32cube.ide.mcu.externaltools.gnu-tools-for-stm32.13.3.rel1.linux64_1.0.0.202410170706/tools/bin/../lib/gcc/arm-none-eabi/13.3.1/thumb/v6-m/nofp/crtbegin.o

.rel.dyn        0x08002288        0x0
 .rel.iplt      0x08002288        0x0 /opt/st/stm32cubeide_1.18.0/plugins/com.st.stm32cube.ide.mcu.externaltools.gnu-tools-for-stm32.13.3.rel1.linux64_1.0.0.202410170706/tools/bin/../lib/gcc/arm-none-eabi/13.3.1/thumb/v6-m/nofp/crtbegin.o

.preinit_array  0x08002288        0x0
                0x08002288                        PROVIDE (__preinit_array_start = .)
 *(.preinit_array*)
                0x08002288                        PROVIDE (__preinit_array_end = .)

.init_array     0x08002288        0x4
                0x08002288                        PROVIDE (__init_array_start = .)
 *(SORT_BY_NAME(.init_array.*))
 *(.init_array*)
 .init_array    0x08002288        0x4 /opt/st/stm32cubeide_1.18.0/plugins/com.st.stm32cube.ide.mcu.externaltools.gnu-tools-for-stm32.13.3.rel1.linux64_1.0.0.202410170706/tools/bin/../lib/gcc/arm-none-eabi/13.3.1/thumb/v6-m/nofp/crtbegin.o
                0x0800228c                        PROVIDE (__init_array_end = .)

.fini_array     0x0800228c        0x4
                [!provide]                        PROVIDE (__fini_array_start = .)
 *(.fini_array*)
 .fini_array    0x0800228c        0x4 /opt/st/stm32cubeide_1.18.0/plugins/com.st.stm32cube.ide.mcu.externaltools.gnu-tools-for-stm32.13.3.rel1.linux64_1.0.0.202410170706/tools/bin/../lib/gcc/arm-none-eabi/13.3.1/thumb/v6-m/nofp/crtbegin.o
 *(SORT_BY_NAME(.fini_array.*))
                [!provide]                        PROVIDE (__fini_array_end = .)
                0x08002290                        _etext = .

.stack          0x20000000      0x800
                0x20000000                        __stack_start__ = .
                0x20000800                        . = (. + STACK_SIZE)
 *fill*         0x20000000      0x800 
                0x20000800                        . = ALIGN (0x4)
                0x20000800                        __stack_end__ = .

.data           0x20000800        0x4 load address 0x08002290
                0x08002290                        __data_load = LOADADDR (.data)
                0x20000800                        __data_start = .
 *(.data)
 *(.data*)
 .data.SystemCoreClock
                0x20000800        0x4 ./3rdParty/nucleo-c031c6/nucleo-c031c6/system_stm32c0xx.o
                0x20000800                SystemCoreClock
                0x20000804                        . = ALIGN (0x4)
                0x20000804                        __data_end__ = .
                0x20000804                        _edata = __data_end__

.igot.plt       0x20000804        0x0 load address 0x08002294
 .igot.plt      0x20000804        0x0 /opt/st/stm32cubeide_1.18.0/plugins/com.st.stm32cube.ide.mcu.externaltools.gnu-tools-for-stm32.13.3.rel1.linux64_1.0.0.202410170706/tools/bin/../lib/gcc/arm-none-eabi/13.3.1/thumb/v6-m/nofp/crtbegin.o

.bss            0x20000804      0x184 load address 0x08002294
                0x20000804                        __bss_start__ = .
 *(.bss)
 .bss           0x20000804       0x1c /opt/st/stm32cubeide_1.18.0/plugins/com.st.stm32cube.ide.mcu.externaltools.gnu-tools-for-stm32.13.3.rel1.linux64_1.0.0.202410170706/tools/bin/../lib/gcc/arm-none-eabi/13.3.1/thumb/v6-m/nofp/crtbegin.o
 *(.bss*)
 .bss.AudioPlayer_inst
                0x20000820       0x40 ./Src/AudioPlayer_nucleo-c031c6/audioPlayer.o
 .bss.buttons.6
                0x20000860        0xc ./Src/AudioPlayer_nucleo-c031c6/qk/bsp.o
 .bss.playerQueueSto.0
                0x2000086c       0x28 ./Src/AudioPlayer_nucleo-c031c6/qk/bsp.o
 .bss.QF_priv_  0x20000894       0x40 ./Src/qf/qf_act.o
                0x20000894                QF_priv_
 .bss.QActive_registry_
                0x200008d4       0x84 ./Src/qf/qf_act.o
                0x200008d4                QActive_registry_
 .bss.QTimeEvt_timeEvtHead_
                0x20000958       0x18 ./Src/qf/qf_time.o
                0x20000958                QTimeEvt_timeEvtHead_
 .bss.QK_priv_  0x20000970       0x18 ./Src/qk/qk.o
                0x20000970                QK_priv_
 *(COMMON)
                0x20000988                        . = ALIGN (0x4)
                0x20000988                        _ebss = .
                0x20000988                        __bss_end__ = .
                0x20000988                        __exidx_start = .

.ARM.exidx
 *(.ARM.exidx* .gnu.linkonce.armexidx.*)
                0x20000988                        __exidx_end = .
                0x20000988                        PROVIDE (end = _ebss)
                [!provide]                        PROVIDE (_end = _ebss)
                [!provide]                        PROVIDE (__end__ = _ebss)

.heap           0x20000988        0x0
                0x20000988                        __heap_start__ = .
                0x20000988                        . = (. + HEAP_SIZE)
                0x20000988                        . = ALIGN (0x4)
                0x20000988                        __heap_end__ = .

/DISCARD/
 libc.a(*)
 libm.a(*)
 libgcc.a(*)
OUTPUT(dpp_Try_2.elf elf32-littlearm)
LOAD linker stubs
LOAD /opt/st/stm32cubeide_1.18.0/plugins/com.st.stm32cube.ide.mcu.externaltools.gnu-tools-for-stm32.13.3.rel1.linux64_1.0.0.202410170706/tools/bin/../lib/gcc/arm-none-eabi/13.3.1/../../../../arm-none-eabi/lib/thumb/v6-m/nofp/libc.a
LOAD /opt/st/stm32cubeide_1.18.0/plugins/com.st.stm32cube.ide.mcu.externaltools.gnu-tools-for-stm32.13.3.rel1.linux64_1.0.0.202410170706/tools/bin/../lib/gcc/arm-none-eabi/13.3.1/../../../../arm-none-eabi/lib/thumb/v6-m/nofp/libm.a
LOAD /opt/st/stm32cubeide_1.18.0/plugins/com.st.stm32cube.ide.mcu.externaltools.gnu-tools-for-stm32.13.3.rel1.linux64_1.0.0.202410170706/tools/bin/../lib/gcc/arm-none-eabi/13.3.1/thumb/v6-m/nofp/libgcc.a

.ARM.attributes
                0x00000000       0x28
 .ARM.attributes
                0x00000000       0x1e /opt/st/stm32cubeide_1.18.0/plugins/com.st.stm32cube.ide.mcu.externaltools.gnu-tools-for-stm32.13.3.rel1.linux64_1.0.0.202410170706/tools/bin/../lib/gcc/arm-none-eabi/13.3.1/thumb/v6-m/nofp/crti.o
 .ARM.attributes
                0x0000001e       0x2c /opt/st/stm32cubeide_1.18.0/plugins/com.st.stm32cube.ide.mcu.externaltools.gnu-tools-for-stm32.13.3.rel1.linux64_1.0.0.202410170706/tools/bin/../lib/gcc/arm-none-eabi/13.3.1/thumb/v6-m/nofp/crtbegin.o
 .ARM.attributes
                0x0000004a       0x2c ./3rdParty/nucleo-c031c6/gnu/startup_stm32c031xx.o
 .ARM.attributes
                0x00000076       0x2c ./3rdParty/nucleo-c031c6/nucleo-c031c6/system_stm32c0xx.o
 .ARM.attributes
                0x000000a2       0x2c ./Src/AudioPlayer_nucleo-c031c6/audioPlayer.o
 .ARM.attributes
                0x000000ce       0x2c ./Src/AudioPlayer_nucleo-c031c6/main.o
 .ARM.attributes
                0x000000fa       0x2c ./Src/AudioPlayer_nucleo-c031c6/qk/bsp.o
 .ARM.attributes
                0x00000126       0x2c ./Src/QPC_PORT/qk_port.o
 .ARM.attributes
                0x00000152       0x2c ./Src/qf/qep_hsm.o
 .ARM.attributes
                0x0000017e       0x2c ./Src/qf/qf_act.o
 .ARM.attributes
                0x000001aa       0x2c ./Src/qf/qf_actq.o
 .ARM.attributes
                0x000001d6       0x2c ./Src/qf/qf_dyn.o
 .ARM.attributes
                0x00000202       0x2c ./Src/qf/qf_mem.o
 .ARM.attributes
                0x0000022e       0x2c ./Src/qf/qf_qact.o
 .ARM.attributes
                0x0000025a       0x2c ./Src/qf/qf_qeq.o
 .ARM.attributes
                0x00000286       0x2c ./Src/qf/qf_time.o
 .ARM.attributes
                0x000002b2       0x2c ./Src/qk/qk.o
 .ARM.attributes
                0x000002de       0x2c /opt/st/stm32cubeide_1.18.0/plugins/com.st.stm32cube.ide.mcu.externaltools.gnu-tools-for-stm32.13.3.rel1.linux64_1.0.0.202410170706/tools/bin/../lib/gcc/arm-none-eabi/13.3.1/../../../../arm-none-eabi/lib/thumb/v6-m/nofp/libc_nano.a(libc_a-init.o)
 .ARM.attributes
                0x0000030a       0x1e /opt/st/stm32cubeide_1.18.0/plugins/com.st.stm32cube.ide.mcu.externaltools.gnu-tools-for-stm32.13.3.rel1.linux64_1.0.0.202410170706/tools/bin/../lib/gcc/arm-none-eabi/13.3.1/thumb/v6-m/nofp/libgcc.a(_udivsi3.o)
 .ARM.attributes
                0x00000328       0x1e /opt/st/stm32cubeide_1.18.0/plugins/com.st.stm32cube.ide.mcu.externaltools.gnu-tools-for-stm32.13.3.rel1.linux64_1.0.0.202410170706/tools/bin/../lib/gcc/arm-none-eabi/13.3.1/thumb/v6-m/nofp/libgcc.a(_dvmd_tls.o)
 .ARM.attributes
                0x00000346       0x1e /opt/st/stm32cubeide_1.18.0/plugins/com.st.stm32cube.ide.mcu.externaltools.gnu-tools-for-stm32.13.3.rel1.linux64_1.0.0.202410170706/tools/bin/../lib/gcc/arm-none-eabi/13.3.1/thumb/v6-m/nofp/crtn.o

.comment        0x00000000       0x43
 .comment       0x00000000       0x43 ./3rdParty/nucleo-c031c6/gnu/startup_stm32c031xx.o
                                 0x44 (size before relaxing)
 .comment       0x00000043       0x44 ./3rdParty/nucleo-c031c6/nucleo-c031c6/system_stm32c0xx.o
 .comment       0x00000043       0x44 ./Src/AudioPlayer_nucleo-c031c6/audioPlayer.o
 .comment       0x00000043       0x44 ./Src/AudioPlayer_nucleo-c031c6/main.o
 .comment       0x00000043       0x44 ./Src/AudioPlayer_nucleo-c031c6/qk/bsp.o
 .comment       0x00000043       0x44 ./Src/QPC_PORT/qk_port.o
 .comment       0x00000043       0x44 ./Src/qf/qep_hsm.o
 .comment       0x00000043       0x44 ./Src/qf/qf_act.o
 .comment       0x00000043       0x44 ./Src/qf/qf_actq.o
 .comment       0x00000043       0x44 ./Src/qf/qf_dyn.o
 .comment       0x00000043       0x44 ./Src/qf/qf_mem.o
 .comment       0x00000043       0x44 ./Src/qf/qf_qact.o
 .comment       0x00000043       0x44 ./Src/qf/qf_qeq.o
 .comment       0x00000043       0x44 ./Src/qf/qf_time.o
 .comment       0x00000043       0x44 ./Src/qk/qk.o

.debug_info     0x00000000     0x6184
 .debug_info    0x00000000      0x17c ./3rdParty/nucleo-c031c6/gnu/startup_stm32c031xx.o
 .debug_info    0x0000017c      0x361 ./3rdParty/nucleo-c031c6/nucleo-c031c6/system_stm32c0xx.o
 .debug_info    0x000004dd      0xa47 ./Src/AudioPlayer_nucleo-c031c6/audioPlayer.o
 .debug_info    0x00000f24       0xd1 ./Src/AudioPlayer_nucleo-c031c6/main.o
 .debug_info    0x00000ff5      0xefd ./Src/AudioPlayer_nucleo-c031c6/qk/bsp.o
 .debug_info    0x00001ef2      0x1a4 ./Src/QPC_PORT/qk_port.o
 .debug_info    0x00002096      0x81b ./Src/qf/qep_hsm.o
 .debug_info    0x000028b1      0x658 ./Src/qf/qf_act.o
 .debug_info    0x00002f09      0xa5a ./Src/qf/qf_actq.o
 .debug_info    0x00003963      0x543 ./Src/qf/qf_dyn.o
 .debug_info    0x00003ea6      0x36f ./Src/qf/qf_mem.o
 .debug_info    0x00004215      0x6b9 ./Src/qf/qf_qact.o
 .debug_info    0x000048ce      0x40a ./Src/qf/qf_qeq.o
 .debug_info    0x00004cd8      0x9a0 ./Src/qf/qf_time.o
 .debug_info    0x00005678      0xb0c ./Src/qk/qk.o

.debug_abbrev   0x00000000     0x2006
 .debug_abbrev  0x00000000      0x108 ./3rdParty/nucleo-c031c6/gnu/startup_stm32c031xx.o
 .debug_abbrev  0x00000108      0x117 ./3rdParty/nucleo-c031c6/nucleo-c031c6/system_stm32c0xx.o
 .debug_abbrev  0x0000021f      0x2f4 ./Src/AudioPlayer_nucleo-c031c6/audioPlayer.o
 .debug_abbrev  0x00000513       0x91 ./Src/AudioPlayer_nucleo-c031c6/main.o
 .debug_abbrev  0x000005a4      0x3ad ./Src/AudioPlayer_nucleo-c031c6/qk/bsp.o
 .debug_abbrev  0x00000951       0xdf ./Src/QPC_PORT/qk_port.o
 .debug_abbrev  0x00000a30      0x289 ./Src/qf/qep_hsm.o
 .debug_abbrev  0x00000cb9      0x1c8 ./Src/qf/qf_act.o
 .debug_abbrev  0x00000e81      0x384 ./Src/qf/qf_actq.o
 .debug_abbrev  0x00001205      0x217 ./Src/qf/qf_dyn.o
 .debug_abbrev  0x0000141c      0x174 ./Src/qf/qf_mem.o
 .debug_abbrev  0x00001590      0x252 ./Src/qf/qf_qact.o
 .debug_abbrev  0x000017e2      0x16e ./Src/qf/qf_qeq.o
 .debug_abbrev  0x00001950      0x301 ./Src/qf/qf_time.o
 .debug_abbrev  0x00001c51      0x3b5 ./Src/qk/qk.o

.debug_aranges  0x00000000      0x508
 .debug_aranges
                0x00000000       0x38 ./3rdParty/nucleo-c031c6/gnu/startup_stm32c031xx.o
 .debug_aranges
                0x00000038       0x28 ./3rdParty/nucleo-c031c6/nucleo-c031c6/system_stm32c0xx.o
 .debug_aranges
                0x00000060       0x68 ./Src/AudioPlayer_nucleo-c031c6/audioPlayer.o
 .debug_aranges
                0x000000c8       0x20 ./Src/AudioPlayer_nucleo-c031c6/main.o
 .debug_aranges
                0x000000e8       0xe0 ./Src/AudioPlayer_nucleo-c031c6/qk/bsp.o
 .debug_aranges
                0x000001c8       0x60 ./Src/QPC_PORT/qk_port.o
 .debug_aranges
                0x00000228       0x60 ./Src/qf/qep_hsm.o
 .debug_aranges
                0x00000288       0x20 ./Src/qf/qf_act.o
 .debug_aranges
                0x000002a8       0x70 ./Src/qf/qf_actq.o
 .debug_aranges
                0x00000318       0x60 ./Src/qf/qf_dyn.o
 .debug_aranges
                0x00000378       0x30 ./Src/qf/qf_mem.o
 .debug_aranges
                0x000003a8       0x30 ./Src/qf/qf_qact.o
 .debug_aranges
                0x000003d8       0x40 ./Src/qf/qf_qeq.o
 .debug_aranges
                0x00000418       0x70 ./Src/qf/qf_time.o
 .debug_aranges
                0x00000488       0x80 ./Src/qk/qk.o

.debug_rnglists
                0x00000000      0x3ab
 .debug_rnglists
                0x00000000       0x25 ./3rdParty/nucleo-c031c6/gnu/startup_stm32c031xx.o
 .debug_rnglists
                0x00000025       0x1a ./3rdParty/nucleo-c031c6/nucleo-c031c6/system_stm32c0xx.o
 .debug_rnglists
                0x0000003f       0x4c ./Src/AudioPlayer_nucleo-c031c6/audioPlayer.o
 .debug_rnglists
                0x0000008b       0x13 ./Src/AudioPlayer_nucleo-c031c6/main.o
 .debug_rnglists
                0x0000009e       0xa6 ./Src/AudioPlayer_nucleo-c031c6/qk/bsp.o
 .debug_rnglists
                0x00000144       0x43 ./Src/QPC_PORT/qk_port.o
 .debug_rnglists
                0x00000187       0x49 ./Src/qf/qep_hsm.o
 .debug_rnglists
                0x000001d0       0x13 ./Src/qf/qf_act.o
 .debug_rnglists
                0x000001e3       0x54 ./Src/qf/qf_actq.o
 .debug_rnglists
                0x00000237       0x46 ./Src/qf/qf_dyn.o
 .debug_rnglists
                0x0000027d       0x22 ./Src/qf/qf_mem.o
 .debug_rnglists
                0x0000029f       0x20 ./Src/qf/qf_qact.o
 .debug_rnglists
                0x000002bf       0x2e ./Src/qf/qf_qeq.o
 .debug_rnglists
                0x000002ed       0x61 ./Src/qf/qf_time.o
 .debug_rnglists
                0x0000034e       0x5d ./Src/qk/qk.o

.debug_macro    0x00000000     0xcab4
 .debug_macro   0x00000000       0x11 ./3rdParty/nucleo-c031c6/gnu/startup_stm32c031xx.o
 .debug_macro   0x00000011      0xac6 ./3rdParty/nucleo-c031c6/gnu/startup_stm32c031xx.o
 .debug_macro   0x00000ad7       0xfb ./3rdParty/nucleo-c031c6/nucleo-c031c6/system_stm32c0xx.o
 .debug_macro   0x00000bd2       0x28 ./3rdParty/nucleo-c031c6/nucleo-c031c6/system_stm32c0xx.o
 .debug_macro   0x00000bfa       0x28 ./3rdParty/nucleo-c031c6/nucleo-c031c6/system_stm32c0xx.o
 .debug_macro   0x00000c22       0x22 ./3rdParty/nucleo-c031c6/nucleo-c031c6/system_stm32c0xx.o
 .debug_macro   0x00000c44       0x8e ./3rdParty/nucleo-c031c6/nucleo-c031c6/system_stm32c0xx.o
 .debug_macro   0x00000cd2       0x51 ./3rdParty/nucleo-c031c6/nucleo-c031c6/system_stm32c0xx.o
 .debug_macro   0x00000d23      0x103 ./3rdParty/nucleo-c031c6/nucleo-c031c6/system_stm32c0xx.o
 .debug_macro   0x00000e26       0x6a ./3rdParty/nucleo-c031c6/nucleo-c031c6/system_stm32c0xx.o
 .debug_macro   0x00000e90      0x1df ./3rdParty/nucleo-c031c6/nucleo-c031c6/system_stm32c0xx.o
 .debug_macro   0x0000106f       0x2e ./3rdParty/nucleo-c031c6/nucleo-c031c6/system_stm32c0xx.o
 .debug_macro   0x0000109d       0x10 ./3rdParty/nucleo-c031c6/nucleo-c031c6/system_stm32c0xx.o
 .debug_macro   0x000010ad       0xb4 ./3rdParty/nucleo-c031c6/nucleo-c031c6/system_stm32c0xx.o
 .debug_macro   0x00001161       0x28 ./3rdParty/nucleo-c031c6/nucleo-c031c6/system_stm32c0xx.o
 .debug_macro   0x00001189      0x4e9 ./3rdParty/nucleo-c031c6/nucleo-c031c6/system_stm32c0xx.o
 .debug_macro   0x00001672      0x11f ./3rdParty/nucleo-c031c6/nucleo-c031c6/system_stm32c0xx.o
 .debug_macro   0x00001791     0x9557 ./3rdParty/nucleo-c031c6/nucleo-c031c6/system_stm32c0xx.o
 .debug_macro   0x0000ace8       0x6c ./3rdParty/nucleo-c031c6/nucleo-c031c6/system_stm32c0xx.o
 .debug_macro   0x0000ad54       0xf2 ./Src/AudioPlayer_nucleo-c031c6/audioPlayer.o
 .debug_macro   0x0000ae46      0xade ./Src/AudioPlayer_nucleo-c031c6/audioPlayer.o
 .debug_macro   0x0000b924       0x22 ./Src/AudioPlayer_nucleo-c031c6/audioPlayer.o
 .debug_macro   0x0000b946       0x59 ./Src/AudioPlayer_nucleo-c031c6/audioPlayer.o
 .debug_macro   0x0000b99f       0x66 ./Src/AudioPlayer_nucleo-c031c6/audioPlayer.o
 .debug_macro   0x0000ba05       0x10 ./Src/AudioPlayer_nucleo-c031c6/audioPlayer.o
 .debug_macro   0x0000ba15      0x1a0 ./Src/AudioPlayer_nucleo-c031c6/audioPlayer.o
 .debug_macro   0x0000bbb5       0x76 ./Src/AudioPlayer_nucleo-c031c6/audioPlayer.o
 .debug_macro   0x0000bc2b      0x100 ./Src/AudioPlayer_nucleo-c031c6/audioPlayer.o
 .debug_macro   0x0000bd2b       0x64 ./Src/AudioPlayer_nucleo-c031c6/audioPlayer.o
 .debug_macro   0x0000bd8f       0x10 ./Src/AudioPlayer_nucleo-c031c6/audioPlayer.o
 .debug_macro   0x0000bd9f       0xfa ./Src/AudioPlayer_nucleo-c031c6/main.o
 .debug_macro   0x0000be99      0x192 ./Src/AudioPlayer_nucleo-c031c6/qk/bsp.o
 .debug_macro   0x0000c02b       0x2e ./Src/AudioPlayer_nucleo-c031c6/qk/bsp.o
 .debug_macro   0x0000c059       0xf2 ./Src/QPC_PORT/qk_port.o
 .debug_macro   0x0000c14b       0x46 ./Src/QPC_PORT/qk_port.o
 .debug_macro   0x0000c191       0xf7 ./Src/qf/qep_hsm.o
 .debug_macro   0x0000c288      0x19a ./Src/qf/qep_hsm.o
 .debug_macro   0x0000c422       0xce ./Src/qf/qf_act.o
 .debug_macro   0x0000c4f0       0x22 ./Src/qf/qf_act.o
 .debug_macro   0x0000c512       0xce ./Src/qf/qf_actq.o
 .debug_macro   0x0000c5e0       0xce ./Src/qf/qf_dyn.o
 .debug_macro   0x0000c6ae       0xce ./Src/qf/qf_mem.o
 .debug_macro   0x0000c77c       0xce ./Src/qf/qf_qact.o
 .debug_macro   0x0000c84a       0xce ./Src/qf/qf_qeq.o
 .debug_macro   0x0000c918       0xce ./Src/qf/qf_time.o
 .debug_macro   0x0000c9e6       0xce ./Src/qk/qk.o

.debug_line     0x00000000     0x5687
 .debug_line    0x00000000       0xf6 ./3rdParty/nucleo-c031c6/gnu/startup_stm32c031xx.o
 .debug_line    0x000000f6      0x548 ./3rdParty/nucleo-c031c6/nucleo-c031c6/system_stm32c0xx.o
 .debug_line    0x0000063e      0x6ca ./Src/AudioPlayer_nucleo-c031c6/audioPlayer.o
 .debug_line    0x00000d08      0x453 ./Src/AudioPlayer_nucleo-c031c6/main.o
 .debug_line    0x0000115b      0x98f ./Src/AudioPlayer_nucleo-c031c6/qk/bsp.o
 .debug_line    0x00001aea      0x4d6 ./Src/QPC_PORT/qk_port.o
 .debug_line    0x00001fc0      0x777 ./Src/qf/qep_hsm.o
 .debug_line    0x00002737      0x430 ./Src/qf/qf_act.o
 .debug_line    0x00002b67      0x758 ./Src/qf/qf_actq.o
 .debug_line    0x000032bf      0x616 ./Src/qf/qf_dyn.o
 .debug_line    0x000038d5      0x551 ./Src/qf/qf_mem.o
 .debug_line    0x00003e26      0x4ed ./Src/qf/qf_qact.o
 .debug_line    0x00004313      0x5db ./Src/qf/qf_qeq.o
 .debug_line    0x000048ee      0x6c8 ./Src/qf/qf_time.o
 .debug_line    0x00004fb6      0x6d1 ./Src/qk/qk.o

.debug_str      0x00000000    0x3ffd1
 .debug_str     0x00000000    0x3ffd1 ./3rdParty/nucleo-c031c6/gnu/startup_stm32c031xx.o
                               0x2eb8 (size before relaxing)
 .debug_str     0x0003ffd1    0x3ca03 ./3rdParty/nucleo-c031c6/nucleo-c031c6/system_stm32c0xx.o
 .debug_str     0x0003ffd1     0x602d ./Src/AudioPlayer_nucleo-c031c6/audioPlayer.o
 .debug_str     0x0003ffd1     0x5b97 ./Src/AudioPlayer_nucleo-c031c6/main.o
 .debug_str     0x0003ffd1    0x3eedf ./Src/AudioPlayer_nucleo-c031c6/qk/bsp.o
 .debug_str     0x0003ffd1     0x56ea ./Src/QPC_PORT/qk_port.o
 .debug_str     0x0003ffd1     0x5fb5 ./Src/qf/qep_hsm.o
 .debug_str     0x0003ffd1     0x5ee9 ./Src/qf/qf_act.o
 .debug_str     0x0003ffd1     0x6060 ./Src/qf/qf_actq.o
 .debug_str     0x0003ffd1     0x5ebc ./Src/qf/qf_dyn.o
 .debug_str     0x0003ffd1     0x5dfc ./Src/qf/qf_mem.o
 .debug_str     0x0003ffd1     0x5f47 ./Src/qf/qf_qact.o
 .debug_str     0x0003ffd1     0x5e07 ./Src/qf/qf_qeq.o
 .debug_str     0x0003ffd1     0x5ff9 ./Src/qf/qf_time.o
 .debug_str     0x0003ffd1     0x612e ./Src/qk/qk.o

.debug_frame    0x00000000      0xe9c
 .debug_frame   0x00000000       0x50 ./3rdParty/nucleo-c031c6/gnu/startup_stm32c031xx.o
 .debug_frame   0x00000050       0x4c ./3rdParty/nucleo-c031c6/nucleo-c031c6/system_stm32c0xx.o
 .debug_frame   0x0000009c      0x150 ./Src/AudioPlayer_nucleo-c031c6/audioPlayer.o
 .debug_frame   0x000001ec       0x2c ./Src/AudioPlayer_nucleo-c031c6/main.o
 .debug_frame   0x00000218      0x2e8 ./Src/AudioPlayer_nucleo-c031c6/qk/bsp.o
 .debug_frame   0x00000500       0xac ./Src/QPC_PORT/qk_port.o
 .debug_frame   0x000005ac      0x130 ./Src/qf/qep_hsm.o
 .debug_frame   0x000006dc       0x30 ./Src/qf/qf_act.o
 .debug_frame   0x0000070c      0x170 ./Src/qf/qf_actq.o
 .debug_frame   0x0000087c      0x130 ./Src/qf/qf_dyn.o
 .debug_frame   0x000009ac       0x70 ./Src/qf/qf_mem.o
 .debug_frame   0x00000a1c       0x70 ./Src/qf/qf_qact.o
 .debug_frame   0x00000a8c       0xb0 ./Src/qf/qf_qeq.o
 .debug_frame   0x00000b3c      0x170 ./Src/qf/qf_time.o
 .debug_frame   0x00000cac      0x1a4 ./Src/qk/qk.o
 .debug_frame   0x00000e50       0x2c /opt/st/stm32cubeide_1.18.0/plugins/com.st.stm32cube.ide.mcu.externaltools.gnu-tools-for-stm32.13.3.rel1.linux64_1.0.0.202410170706/tools/bin/../lib/gcc/arm-none-eabi/13.3.1/../../../../arm-none-eabi/lib/thumb/v6-m/nofp/libc_nano.a(libc_a-init.o)
 .debug_frame   0x00000e7c       0x20 /opt/st/stm32cubeide_1.18.0/plugins/com.st.stm32cube.ide.mcu.externaltools.gnu-tools-for-stm32.13.3.rel1.linux64_1.0.0.202410170706/tools/bin/../lib/gcc/arm-none-eabi/13.3.1/thumb/v6-m/nofp/libgcc.a(_udivsi3.o)
